Archive member included because of file (symbol)

contiki-sky.a(contiki-sky-pla)
                              obj_sky/contiki-sky-main.o (init_platform)
contiki-sky.a(button-sensor.o)
                              contiki-sky.a(contiki-sky-pla) (button_sensor)
contiki-sky.a(ds2411.o)       obj_sky/contiki-sky-main.o (ds2411_init)
contiki-sky.a(xmem.o)         obj_sky/contiki-sky-main.o (xmem_init)
contiki-sky.a(node-id.o)      obj_sky/contiki-sky-main.o (node_id_restore)
contiki-sky.a(sensors.o)      contiki-sky.a(button-sensor.o) (sensors_changed)
contiki-sky.a(cc2420.o)       obj_sky/contiki-sky-main.o (cc2420_set_pan_addr)
contiki-sky.a(cc2420-arch.o)  contiki-sky.a(cc2420.o) (cc2420_arch_init)
contiki-sky.a(uart1.o)        obj_sky/contiki-sky-main.o (uart1_active)
contiki-sky.a(uart1-putchar.o)
                              obj_sky/contiki-sky-main.o (putchar)
contiki-sky.a(msp430.o)       contiki-sky.a(uart1.o) (msp430_add_lpm_req)
contiki-sky.a(clock.o)        obj_sky/contiki-sky-main.o (clock_init)
contiki-sky.a(leds.o)         obj_sky/contiki-sky-main.o (leds_init)
contiki-sky.a(leds-arch.o)    contiki-sky.a(leds.o) (leds_arch_init)
contiki-sky.a(watchdog.o)     obj_sky/contiki-sky-main.o (watchdog_start)
contiki-sky.a(rtimer-arch.o)  obj_sky/contiki-sky-main.o (rtimer_arch_now)
contiki-sky.a(autostart.o)    obj_sky/contiki-sky-main.o (autostart_start)
contiki-sky.a(ctimer.o)       obj_sky/contiki-sky-main.o (ctimer_init)
contiki-sky.a(energest.o)     obj_sky/contiki-sky-main.o (energest_init)
contiki-sky.a(etimer.o)       contiki-sky.a(clock.o) (etimer_request_poll)
contiki-sky.a(process.o)      contiki-sky.a(ctimer.o) (process_current)
contiki-sky.a(rtimer.o)       obj_sky/contiki-sky-main.o (rtimer_init)
contiki-sky.a(timer.o)        obj_sky/contiki-sky-main.o (timer_set)
contiki-sky.a(list.o)         contiki-sky.a(ctimer.o) (list_init)
contiki-sky.a(random.o)       obj_sky/contiki-sky-main.o (random_init)
contiki-sky.a(uip-ds6.o)      obj_sky/contiki-sky-main.o (uip_ds6_get_link_local)
contiki-sky.a(uip-ds6-route.o)
                              contiki-sky.a(uip-ds6.o) (uip_ds6_route_init)
contiki-sky.a(uip6.o)         udp-echo-server.co (uip_aligned_buf)
contiki-sky.a(uip-ds6-nbr.o)  contiki-sky.a(uip-ds6.o) (uip_ds6_neighbors_init)
contiki-sky.a(uip-nd6.o)      contiki-sky.a(uip6.o) (uip_nd6_init)
contiki-sky.a(sicslowpan.o)   obj_sky/contiki-sky-main.o (sicslowpan_driver)
contiki-sky.a(uip-debug.o)    udp-echo-server.co (uip_debug_ipaddr_print)
contiki-sky.a(uip-udp-packet.)
                              udp-echo-server.co (uip_udp_packet_send)
contiki-sky.a(tcpip.o)        contiki-sky.a(sicslowpan.o) (tcpip_set_outputfunc)
contiki-sky.a(rpl-dag.o)      contiki-sky.a(tcpip.o) (rpl_repair_root)
contiki-sky.a(rpl-timers.o)   contiki-sky.a(rpl-dag.o) (rpl_reset_dio_timer)
contiki-sky.a(rpl-ext-header.)
                              contiki-sky.a(uip6.o) (rpl_verify_hbh_header)
contiki-sky.a(rpl.o)          contiki-sky.a(rpl-timers.o) (rpl_get_mode)
contiki-sky.a(rpl-mrhof.o)    contiki-sky.a(rpl-dag.o) (rpl_mrhof)
contiki-sky.a(rpl-icmp6.o)    contiki-sky.a(rpl-dag.o) (rpl_icmp6_update_nbr_table)
contiki-sky.a(csma.o)         obj_sky/contiki-sky-main.o (csma_driver)
contiki-sky.a(mac.o)          contiki-sky.a(csma.o) (mac_call_sent_callback)
contiki-sky.a(framer-802154.o)
                              contiki-sky.a(sicslowpan.o) (framer_802154)
contiki-sky.a(nullrdc.o)      obj_sky/contiki-sky-main.o (nullrdc_driver)
contiki-sky.a(queuebuf.o)     obj_sky/contiki-sky-main.o (queuebuf_init)
contiki-sky.a(nbr-table.o)    contiki-sky.a(uip-ds6-route.o) (nbr_table_register)
contiki-sky.a(packetbuf.o)    contiki-sky.a(framer-802154.o) (packetbuf_hdrreduce)
contiki-sky.a(linkaddr.o)     obj_sky/contiki-sky-main.o (linkaddr_copy)
contiki-sky.a(link-stats.o)   contiki-sky.a(rpl-dag.o) (link_stats_from_lladdr)
contiki-sky.a(nullsec.o)      obj_sky/contiki-sky-main.o (nullsec_driver)
contiki-sky.a(spi.o)          contiki-sky.a(xmem.o) (spi_init)
contiki-sky.a(stimer.o)       contiki-sky.a(uip-ds6.o) (stimer_set)
contiki-sky.a(memb.o)         contiki-sky.a(uip-ds6-route.o) (memb_init)
contiki-sky.a(uip-icmp6.o)    contiki-sky.a(uip6.o) (uip_icmp6_input)
contiki-sky.a(rpl-nbr-policy.)
                              contiki-sky.a(nbr-table.o) (rpl_nbr_policy_find_removable)
contiki-sky.a(mac-sequence.o)
                              contiki-sky.a(nullrdc.o) (mac_sequence_is_duplicate)
contiki-sky.a(frame802154.o)  contiki-sky.a(framer-802154.o) (frame802154_get_pan_id)
/usr/local/bin/../lib/gcc/msp430/4.7.2/mmpy-16/libgcc.a(_mulsi3.o)
                              contiki-sky.a(rpl-timers.o) (__mulsi3)
/usr/local/bin/../lib/gcc/msp430/4.7.2/mmpy-16/libgcc.a(_udivmod16.o)
                              contiki-sky.a(rpl-dag.o) (__udivhi3)
/usr/local/bin/../lib/gcc/msp430/4.7.2/mmpy-16/libgcc.a(_divmod16.o)
                              contiki-sky.a(sicslowpan.o) (__divhi3)
[...]
Memory Configuration

Name             Origin             Length             Attributes
sfr              0x00000000         0x00000010
peripheral_8bit  0x00000010         0x000000f0
peripheral_16bit 0x00000100         0x00000100
ram_mirror       0x00000200         0x00000800         xw
infomem          0x00001000         0x00000100
infob            0x00001000         0x00000080
infoa            0x00001080         0x00000080
ram              0x00001100         0x00002800         xw
rom              0x00004000         0x0000bfe0         xr
vectors          0x0000ffe0         0x00000020
bsl              0x00000000         0x00000000
infoc            0x00000000         0x00000000
infod            0x00000000         0x00000000
ram2             0x00000000         0x00000000         xw
usbram           0x00000000         0x00000000         xw
far_rom          0x00000000         0x00000000
*default*        0x00000000         0xffffffff

Linker script and memory map

LOAD /usr/local/bin/../lib/gcc/msp430/4.7.2/mmpy-16/crt0ivtbl16.o
LOAD udp-echo-server.co
LOAD obj_sky/contiki-sky-main.o
LOAD contiki-sky.a
LOAD /usr/local/bin/../lib/gcc/msp430/4.7.2/mmpy-16/libgcc.a
LOAD /usr/local/bin/../lib/gcc/msp430/4.7.2/../../../../msp430/lib/mmpy-16/libc.a
LOAD /usr/local/bin/../lib/gcc/msp430/4.7.2/mmpy-16/libgcc.a
LOAD /usr/local/bin/../lib/gcc/msp430/4.7.2/mmpy-16/libcrt0.a
                0x00000080                PROVIDE (__info_segment_size, 0x80)
                0x00001000                PROVIDE (__infob, 0x1000)
                0x00001080                PROVIDE (__infoa, 0x1080)
                0x00000000                __IE1 = 0x0
                0x00000002                __IFG1 = 0x2
                0x00000004                __ME1 = 0x4
                0x00000001                __IE2 = 0x1
                0x00000003                __IFG2 = 0x3
                0x00000005                __ME2 = 0x5
                0x00000120                __WDTCTL = 0x120
                0x00000130                __MPY = 0x130
                0x00000132                __MPYS = 0x132
                0x00000134                __MAC = 0x134
                0x00000136                __MACS = 0x136
                0x00000138                __OP2 = 0x138
                0x0000013a                __RESLO = 0x13a
                0x0000013c                __RESHI = 0x13c
                0x0000013e                __SUMEXT = 0x13e
                0x00000020                __P1IN = 0x20
                0x00000021                __P1OUT = 0x21
                0x00000022                __P1DIR = 0x22
                0x00000023                __P1IFG = 0x23
                0x00000024                __P1IES = 0x24
                0x00000025                __P1IE = 0x25
                0x00000026                __P1SEL = 0x26
                0x00000028                __P2IN = 0x28
                0x00000029                __P2OUT = 0x29
                0x0000002a                __P2DIR = 0x2a
                0x0000002b                __P2IFG = 0x2b
                0x0000002c                __P2IES = 0x2c
                0x0000002d                __P2IE = 0x2d
                0x0000002e                __P2SEL = 0x2e
                0x00000018                __P3IN = 0x18
                0x00000019                __P3OUT = 0x19
                0x0000001a                __P3DIR = 0x1a
                0x0000001b                __P3SEL = 0x1b
                0x0000001c                __P4IN = 0x1c
                0x0000001d                __P4OUT = 0x1d
                0x0000001e                __P4DIR = 0x1e
                0x0000001f                __P4SEL = 0x1f
                0x00000030                __P5IN = 0x30
                0x00000031                __P5OUT = 0x31
                0x00000032                __P5DIR = 0x32
                0x00000033                __P5SEL = 0x33
                0x00000034                __P6IN = 0x34
                0x00000035                __P6OUT = 0x35
                0x00000036                __P6DIR = 0x36
                0x00000037                __P6SEL = 0x37
                0x00000070                __U0CTL = 0x70
                0x00000071                __U0TCTL = 0x71
                0x00000072                __U0RCTL = 0x72
                0x00000073                __U0MCTL = 0x73
                0x00000074                __U0BR0 = 0x74
                0x00000075                __U0BR1 = 0x75
                0x00000076                __U0RXBUF = 0x76
                0x00000077                __U0TXBUF = 0x77
                0x00000078                __U1CTL = 0x78
                0x00000079                __U1TCTL = 0x79
                0x0000007a                __U1RCTL = 0x7a
                0x0000007b                __U1MCTL = 0x7b
                0x0000007c                __U1BR0 = 0x7c
                0x0000007d                __U1BR1 = 0x7d
                0x0000007e                __U1RXBUF = 0x7e
                0x0000007f                __U1TXBUF = 0x7f
                0x00000050                __I2CIE = 0x50
                0x00000051                __I2CIFG = 0x51
                0x00000052                __I2CNDAT = 0x52
                0x00000071                __I2CTCTL = 0x71
                0x00000072                __I2CDCTL = 0x72
                0x00000073                __I2CPSC = 0x73
                0x00000074                __I2CSCLH = 0x74
                0x00000075                __I2CSCLL = 0x75
                0x00000076                __I2CDRB = 0x76
                0x00000076                __I2CDRW = 0x76
                0x00000118                __I2COA = 0x118
                0x0000011a                __I2CSA = 0x11a
                0x0000011c                __I2CIV = 0x11c
                0x0000012e                __TAIV = 0x12e
                0x00000160                __TACTL = 0x160
                0x00000162                __TACCTL0 = 0x162
                0x00000164                __TACCTL1 = 0x164
                0x00000166                __TACCTL2 = 0x166
                0x00000170                __TAR = 0x170
                0x00000172                __TACCR0 = 0x172
                0x00000174                __TACCR1 = 0x174
                0x00000176                __TACCR2 = 0x176
                0x0000011e                __TBIV = 0x11e
                0x00000180                __TBCTL = 0x180
                0x00000182                __TBCCTL0 = 0x182
                0x00000184                __TBCCTL1 = 0x184
                0x00000186                __TBCCTL2 = 0x186
                0x00000188                __TBCCTL3 = 0x188
                0x0000018a                __TBCCTL4 = 0x18a
                0x0000018c                __TBCCTL5 = 0x18c
                0x0000018e                __TBCCTL6 = 0x18e
                0x00000190                __TBR = 0x190
                0x00000192                __TBCCR0 = 0x192
                0x00000194                __TBCCR1 = 0x194
                0x00000196                __TBCCR2 = 0x196
                0x00000198                __TBCCR3 = 0x198
                0x0000019a                __TBCCR4 = 0x19a
                0x0000019c                __TBCCR5 = 0x19c
                0x0000019e                __TBCCR6 = 0x19e
                0x00000056                __DCOCTL = 0x56
                0x00000057                __BCSCTL1 = 0x57
                0x00000058                __BCSCTL2 = 0x58
                0x00000055                __SVSCTL = 0x55
                0x00000128                __FCTL1 = 0x128
                0x0000012a                __FCTL2 = 0x12a
                0x0000012c                __FCTL3 = 0x12c
                0x00000059                __CACTL1 = 0x59
                0x0000005a                __CACTL2 = 0x5a
                0x0000005b                __CAPD = 0x5b
                0x000001a0                __ADC12CTL0 = 0x1a0
                0x000001a2                __ADC12CTL1 = 0x1a2
                0x000001a4                __ADC12IFG = 0x1a4
                0x000001a6                __ADC12IE = 0x1a6
                0x000001a8                __ADC12IV = 0x1a8
                0x00000140                __ADC12MEM0 = 0x140
                0x00000142                __ADC12MEM1 = 0x142
                0x00000144                __ADC12MEM2 = 0x144
                0x00000146                __ADC12MEM3 = 0x146
                0x00000148                __ADC12MEM4 = 0x148
                0x0000014a                __ADC12MEM5 = 0x14a
                0x0000014c                __ADC12MEM6 = 0x14c
                0x0000014e                __ADC12MEM7 = 0x14e
                0x00000150                __ADC12MEM8 = 0x150
                0x00000152                __ADC12MEM9 = 0x152
                0x00000154                __ADC12MEM10 = 0x154
                0x00000156                __ADC12MEM11 = 0x156
                0x00000158                __ADC12MEM12 = 0x158
                0x0000015a                __ADC12MEM13 = 0x15a
                0x0000015c                __ADC12MEM14 = 0x15c
                0x0000015e                __ADC12MEM15 = 0x15e
                0x00000080                __ADC12MCTL0 = 0x80
                0x00000081                __ADC12MCTL1 = 0x81
                0x00000082                __ADC12MCTL2 = 0x82
                0x00000083                __ADC12MCTL3 = 0x83
                0x00000084                __ADC12MCTL4 = 0x84
                0x00000085                __ADC12MCTL5 = 0x85
                0x00000086                __ADC12MCTL6 = 0x86
                0x00000087                __ADC12MCTL7 = 0x87
                0x00000088                __ADC12MCTL8 = 0x88
                0x00000089                __ADC12MCTL9 = 0x89
                0x0000008a                __ADC12MCTL10 = 0x8a
                0x0000008b                __ADC12MCTL11 = 0x8b
                0x0000008c                __ADC12MCTL12 = 0x8c
                0x0000008d                __ADC12MCTL13 = 0x8d
                0x0000008e                __ADC12MCTL14 = 0x8e
                0x0000008f                __ADC12MCTL15 = 0x8f
                0x000001c0                __DAC12_0CTL = 0x1c0
                0x000001c2                __DAC12_1CTL = 0x1c2
                0x000001c8                __DAC12_0DAT = 0x1c8
                0x000001ca                __DAC12_1DAT = 0x1ca
                0x00000122                __DMACTL0 = 0x122
                0x00000124                __DMACTL1 = 0x124
                0x000001e0                __DMA0CTL = 0x1e0
                0x000001e8                __DMA1CTL = 0x1e8
                0x000001f0                __DMA2CTL = 0x1f0
                0x000001e2                __DMA0SA = 0x1e2
                0x000001e4                __DMA0DA = 0x1e4
                0x000001e6                __DMA0SZ = 0x1e6
                0x000001ea                __DMA1SA = 0x1ea
                0x000001ec                __DMA1DA = 0x1ec
                0x000001ee                __DMA1SZ = 0x1ee
                0x000001f2                __DMA2SA = 0x1f2
                0x000001f4                __DMA2DA = 0x1f4
                0x000001f6                __DMA2SZ = 0x1f6

.hash
 *(.hash)

.dynsym
 *(.dynsym)

.dynstr
 *(.dynstr)

.gnu.version
 *(.gnu.version)

.gnu.version_d
 *(.gnu.version_d)

.gnu.version_r
 *(.gnu.version_r)

.rel.init
 *(.rel.init)

.rela.init
 *(.rela.init)

.rel.fini
 *(.rel.fini)

.rela.fini
 *(.rela.fini)

.rel.text
 *(.rel.text .rel.text.* .rel.gnu.linkonce.t.*)

.rela.text
 *(.rela.text .rela.text.* .rela.gnu.linkonce.t.*)

.rel.rodata
 *(.rel.rodata .rel.rodata.* .rel.gnu.linkonce.r.*)

.rela.rodata
 *(.rela.rodata .rela.rodata.* .rela.gnu.linkonce.r.*)

.rel.data
 *(.rel.data .rel.data.* .rel.gnu.linkonce.d.*)

.rela.data
 *(.rela.data .rela.data.* .rela.gnu.linkonce.d.*)

.rel.bss
 *(.rel.bss .rel.bss.* .rel.gnu.linkonce.b.*)

.rela.bss
 *(.rela.bss .rela.bss.* .rela.gnu.linkonce.b.*)

.rel.ctors
 *(.rel.ctors)

.rela.ctors
 *(.rela.ctors)

.rel.dtors
 *(.rel.dtors)

.rela.dtors
 *(.rela.dtors)

.rel.got
 *(.rel.got)

.rela.got
 *(.rela.got)

.rel.plt
 *(.rel.plt)

.rela.plt
 *(.rela.plt)

.text           0x00004000     0xb182
                0x00004000                . = ALIGN (0x2)
 *(.init .init.*)
 *(.init0)
 .init0         0x00004000        0x0 /usr/local/bin/../lib/gcc/msp430/4.7.2/mmpy-16/libcrt0.a(_reset_vector__.o)
                0x00004000                _reset_vector__
 *(.init1)
 .init1         0x00004000        0xc /usr/local/bin/../lib/gcc/msp430/4.7.2/mmpy-16/libcrt0.a(__watchdog_support.o)
                0x00004000                __watchdog_support
 *(.init2)
 .init2         0x0000400c        0x4 /usr/local/bin/../lib/gcc/msp430/4.7.2/mmpy-16/libcrt0.a(__init_stack.o)
                0x0000400c                __init_stack
 *(.init3)
 .init3         0x00004010        0x0 /usr/local/bin/../lib/gcc/msp430/4.7.2/mmpy-16/libcrt0.a(__low_level_init.o)
                0x00004010                __low_level_init
 *(.init4)
 .init4         0x00004010       0x18 /usr/local/bin/../lib/gcc/msp430/4.7.2/mmpy-16/libcrt0.a(_copy_data.o)
                0x00004010                __do_copy_data
 .init4         0x00004028       0x16 /usr/local/bin/../lib/gcc/msp430/4.7.2/mmpy-16/libcrt0.a(_clear_bss.o)
                0x00004028                __do_clear_bss
 *(.init5)
 *(.init6)
 *(.init7)
 *(.init8)
 *(.init9)
 .init9         0x0000403e      0x33e obj_sky/contiki-sky-main.o
                0x0000403e                main
 *(.fini9)
 .fini9         0x0000437c        0x0 /usr/local/bin/../lib/gcc/msp430/4.7.2/mmpy-16/libcrt0.a(__stop_progExec__.o)
                0x0000437c                __stop_progExec__
 *(.fini8)
 *(.fini7)
 *(.fini6)
 *(.fini5)
 *(.fini4)
 *(.fini3)
 *(.fini2)
 *(.fini1)
 *(.fini0)
 .fini0         0x0000437c        0x6 /usr/local/bin/../lib/gcc/msp430/4.7.2/mmpy-16/libcrt0.a(_endless_loop__.o)
                0x0000437c                _endless_loop__
 *(.fini .fini.*)
                0x00004382                . = ALIGN (0x2)
                0x00004382                __ctors_start = .
 *(.ctors)
                0x00004382                __ctors_end = .
                0x00004382                __dtors_start = .
 *(.dtors)
                0x00004382                __dtors_end = .
                0x00004382                . = ALIGN (0x2)
 *(.text .text.* .gnu.linkonce.t.*)
 .text          0x00004382        0x4 /usr/local/bin/../lib/gcc/msp430/4.7.2/mmpy-16/crt0ivtbl16.o
                0x00004382                __isr_14
                0x00004382                __isr_11
                0x00004382                __isr_2
                0x00004382                __isr_7
                0x00004382                __isr_0
                0x00004382                __isr_8
                0x00004382                __isr_3
                0x00004382                __isr_12
                0x00004382                __isr_13
                0x00004382                __isr_9
 .text.reset_parameters
                0x00004386       0x2c udp-echo-server.co
 .text.process_thread_udp_echo_server_process
                0x000043b2      0x378 udp-echo-server.co
 .text.init_platform
                0x0000472a        0xc contiki-sky.a(contiki-sky-pla)
                0x0000472a                init_platform
 .text.status   0x00004736       0x18 contiki-sky.a(button-sensor.o)
 .text.value    0x0000474e       0x20 contiki-sky.a(button-sensor.o)
 .text.configure
                0x0000476e       0x4c contiki-sky.a(button-sensor.o)
 .text.irq_p2   0x000047ba       0x88 contiki-sky.a(button-sensor.o)
                0x000047ba                irq_p2
                0x000047ba                __isr_1
 .text.owreadb  0x00004842       0x50 contiki-sky.a(ds2411.o)
 .text.ds2411_init
                0x00004892      0x120 contiki-sky.a(ds2411.o)
                0x00004892                ds2411_init
 .text.wait_ready
                0x000049b2       0x4a contiki-sky.a(xmem.o)
 .text.xmem_init
                0x000049fc       0x3c contiki-sky.a(xmem.o)
                0x000049fc                xmem_init
 .text.xmem_pread
                0x00004a38       0xda contiki-sky.a(xmem.o)
                0x00004a38                xmem_pread
 .text.node_id_restore
                0x00004b12       0x38 contiki-sky.a(node-id.o)
                0x00004b12                node_id_restore
 .text.process_thread_sensors_process
                0x00004b4a       0xc2 contiki-sky.a(sensors.o)
 .text.sensors_changed
                0x00004c0c       0x2a contiki-sky.a(sensors.o)
                0x00004c0c                sensors_changed
 .text.get_object
                0x00004c36        0x4 contiki-sky.a(cc2420.o)
 .text.set_object
                0x00004c3a        0x4 contiki-sky.a(cc2420.o)
 .text.strobe   0x00004c3e       0x1c contiki-sky.a(cc2420.o)
 .text.getreg   0x00004c5a       0x4c contiki-sky.a(cc2420.o)
 .text.setreg   0x00004ca6       0x4c contiki-sky.a(cc2420.o)
 .text.write_ram
                0x00004cf2       0x7c contiki-sky.a(cc2420.o)
 .text.write_fifo_buf
                0x00004d6e       0x3c contiki-sky.a(cc2420.o)
 .text.get_status
                0x00004daa       0x20 contiki-sky.a(cc2420.o)
 .text.set_txpower
                0x00004dca       0x24 contiki-sky.a(cc2420.o)
 .text.cc2420_receiving_packet
                0x00004dee        0xc contiki-sky.a(cc2420.o)
 .text.pending_packet
                0x00004dfa        0x8 contiki-sky.a(cc2420.o)
 .text.on       0x00004e02       0x26 contiki-sky.a(cc2420.o)
 .text.wait_for_transmission
                0x00004e28       0x22 contiki-sky.a(cc2420.o)
 .text.wait_for_status
                0x00004e4a       0x28 contiki-sky.a(cc2420.o)
 .text.getrxdata
                0x00004e72       0x50 contiki-sky.a(cc2420.o)
 .text.flushrx  0x00004ec2       0x1a contiki-sky.a(cc2420.o)
 .text.off      0x00004edc       0x5e contiki-sky.a(cc2420.o)
 .text.RELEASE_LOCK
                0x00004f3a       0x28 contiki-sky.a(cc2420.o)
 .text.set_key  0x00004f62       0x18 contiki-sky.a(cc2420.o)
 .text.set_frame_filtering
                0x00004f7a       0x30 contiki-sky.a(cc2420.o)
 .text.set_auto_ack
                0x00004faa       0x30 contiki-sky.a(cc2420.o)
 .text.set_poll_mode
                0x00004fda       0x2c contiki-sky.a(cc2420.o)
 .text.cc2420_prepare
                0x00005006       0x3c contiki-sky.a(cc2420.o)
 .text.cc2420_on
                0x00005042       0x22 contiki-sky.a(cc2420.o)
                0x00005042                cc2420_on
 .text.cc2420_off
                0x00005064       0x30 contiki-sky.a(cc2420.o)
                0x00005064                cc2420_off
 .text.cc2420_cca
                0x00005094       0x68 contiki-sky.a(cc2420.o)
 .text.cc2420_read
                0x000050fc       0xbc contiki-sky.a(cc2420.o)
 .text.process_thread_cc2420_process
                0x000051b8       0x5c contiki-sky.a(cc2420.o)
 .text.encrypt  0x00005214       0x88 contiki-sky.a(cc2420.o)
 .text.cc2420_set_channel
                0x0000529c       0x3c contiki-sky.a(cc2420.o)
                0x0000529c                cc2420_set_channel
 .text.cc2420_set_pan_addr
                0x000052d8       0x4c contiki-sky.a(cc2420.o)
                0x000052d8                cc2420_set_pan_addr
 .text.cc2420_interrupt
                0x00005324       0x16 contiki-sky.a(cc2420.o)
                0x00005324                cc2420_interrupt
 .text.cc2420_set_txpower
                0x0000533a        0xe contiki-sky.a(cc2420.o)
                0x0000533a                cc2420_set_txpower
 .text.cc2420_get_txpower
                0x00005348       0x1e contiki-sky.a(cc2420.o)
                0x00005348                cc2420_get_txpower
 .text.cc2420_transmit
                0x00005366      0x116 contiki-sky.a(cc2420.o)
 .text.cc2420_send
                0x0000547c       0x12 contiki-sky.a(cc2420.o)
 .text.cc2420_rssi
                0x0000548e       0x4c contiki-sky.a(cc2420.o)
                0x0000548e                cc2420_rssi
 .text.get_value
                0x000054da      0x104 contiki-sky.a(cc2420.o)
 .text.cc2420_set_cca_threshold
                0x000055de       0x16 contiki-sky.a(cc2420.o)
                0x000055de                cc2420_set_cca_threshold
 .text.set_value
                0x000055f4       0xb8 contiki-sky.a(cc2420.o)
 .text.cc2420_init
                0x000056ac       0xea contiki-sky.a(cc2420.o)
                0x000056ac                cc2420_init
 .text.cc2420_port1_interrupt
                0x00005796       0x62 contiki-sky.a(cc2420-arch.o)
                0x00005796                __isr_4
                0x00005796                cc2420_port1_interrupt
 .text.cc2420_arch_init
                0x000057f8       0x1a contiki-sky.a(cc2420-arch.o)
                0x000057f8                cc2420_arch_init
 .text.uart1_active
                0x00005812       0x18 contiki-sky.a(uart1.o)
                0x00005812                uart1_active
 .text.uart1_writeb
                0x0000582a       0x18 contiki-sky.a(uart1.o)
                0x0000582a                uart1_writeb
 .text.uart1_init
                0x00005842       0xf4 contiki-sky.a(uart1.o)
                0x00005842                uart1_init
 .text.putchar  0x00005936       0x10 contiki-sky.a(uart1-putchar.o)
                0x00005936                putchar
 .text.msp430_init_dco
                0x00005946       0x82 contiki-sky.a(msp430.o)
                0x00005946                msp430_init_dco
 .text.msp430_add_lpm_req
                0x000059c8        0xc contiki-sky.a(msp430.o)
                0x000059c8                msp430_add_lpm_req
 .text.msp430_cpu_init
                0x000059d4       0x2a contiki-sky.a(msp430.o)
                0x000059d4                msp430_cpu_init
 .text.splhigh_
                0x000059fe        0x8 contiki-sky.a(msp430.o)
                0x000059fe                splhigh_
 .text.msp430_sync_dco
                0x00005a06       0x6c contiki-sky.a(msp430.o)
                0x00005a06                msp430_sync_dco
 .text.timera1  0x00005a72      0x11e contiki-sky.a(clock.o)
                0x00005a72                __isr_5
                0x00005a72                timera1
 .text.clock_time
                0x00005b90       0x1a contiki-sky.a(clock.o)
                0x00005b90                clock_time
 .text.clock_init
                0x00005baa       0x28 contiki-sky.a(clock.o)
                0x00005baa                clock_init
 .text.clock_delay
                0x00005bd2        0xc contiki-sky.a(clock.o)
                0x00005bd2                clock_delay
 .text.clock_seconds
                0x00005bde       0x1a contiki-sky.a(clock.o)
                0x00005bde                clock_seconds
 .text.show_leds
                0x00005bf8       0xf0 contiki-sky.a(leds.o)
 .text.leds_init
                0x00005ce8        0xa contiki-sky.a(leds.o)
                0x00005ce8                leds_init
 .text.leds_on  0x00005cf2        0xa contiki-sky.a(leds.o)
                0x00005cf2                leds_on
 .text.leds_off
                0x00005cfc        0xe contiki-sky.a(leds.o)
                0x00005cfc                leds_off
 .text.leds_arch_init
                0x00005d0a        0xe contiki-sky.a(leds-arch.o)
                0x00005d0a                leds_arch_init
 .text.leds_arch_set
                0x00005d18       0x38 contiki-sky.a(leds-arch.o)
                0x00005d18                leds_arch_set
 .text.watchdog_interrupt
                0x00005d50        0x6 contiki-sky.a(watchdog.o)
                0x00005d50                __isr_10
                0x00005d50                watchdog_interrupt
 .text.watchdog_start
                0x00005d56       0x14 contiki-sky.a(watchdog.o)
                0x00005d56                watchdog_start
 .text.watchdog_periodic
                0x00005d6a       0x12 contiki-sky.a(watchdog.o)
                0x00005d6a                watchdog_periodic
 .text.watchdog_stop
                0x00005d7c       0x16 contiki-sky.a(watchdog.o)
                0x00005d7c                watchdog_stop
 .text.watchdog_init
                0x00005d92       0x12 contiki-sky.a(watchdog.o)
                0x00005d92                watchdog_init
 .text.rtimer_arch_init
                0x00005da4        0xe contiki-sky.a(rtimer-arch.o)
                0x00005da4                rtimer_arch_init
 .text.rtimer_arch_now
                0x00005db2        0xe contiki-sky.a(rtimer-arch.o)
                0x00005db2                rtimer_arch_now
 .text.timera0  0x00005dc0       0x70 contiki-sky.a(rtimer-arch.o)
                0x00005dc0                __isr_6
                0x00005dc0                timera0
 .text.rtimer_arch_schedule
                0x00005e30        0x6 contiki-sky.a(rtimer-arch.o)
                0x00005e30                rtimer_arch_schedule
 .text.autostart_start
                0x00005e36       0x16 contiki-sky.a(autostart.o)
                0x00005e36                autostart_start
 .text.process_thread_ctimer_process
                0x00005e4c       0xa8 contiki-sky.a(ctimer.o)
 .text.ctimer_init
                0x00005ef4       0x18 contiki-sky.a(ctimer.o)
                0x00005ef4                ctimer_init
 .text.ctimer_set_with_process
                0x00005f0c       0x4e contiki-sky.a(ctimer.o)
                0x00005f0c                ctimer_set_with_process
 .text.ctimer_set
                0x00005f5a       0x10 contiki-sky.a(ctimer.o)
                0x00005f5a                ctimer_set
 .text.ctimer_reset
                0x00005f6a       0x30 contiki-sky.a(ctimer.o)
                0x00005f6a                ctimer_reset
 .text.ctimer_restart
                0x00005f9a       0x30 contiki-sky.a(ctimer.o)
                0x00005f9a                ctimer_restart
 .text.ctimer_stop
                0x00005fca       0x28 contiki-sky.a(ctimer.o)
                0x00005fca                ctimer_stop
 .text.energest_init
                0x00005ff2       0x26 contiki-sky.a(energest.o)
                0x00005ff2                energest_init
 .text.energest_type_time
                0x00006018       0x48 contiki-sky.a(energest.o)
                0x00006018                energest_type_time
 .text.energest_type_set
                0x00006060        0xe contiki-sky.a(energest.o)
                0x00006060                energest_type_set
 .text.energest_flush
                0x0000606e       0x48 contiki-sky.a(energest.o)
                0x0000606e                energest_flush
 .text.update_time
                0x000060b6       0x78 contiki-sky.a(etimer.o)
 .text.etimer_request_poll
                0x0000612e        0xa contiki-sky.a(etimer.o)
                0x0000612e                etimer_request_poll
 .text.process_thread_etimer_process
                0x00006138       0xcc contiki-sky.a(etimer.o)
 .text.add_timer
                0x00006204       0x40 contiki-sky.a(etimer.o)
 .text.etimer_set
                0x00006244       0x12 contiki-sky.a(etimer.o)
                0x00006244                etimer_set
 .text.etimer_reset
                0x00006256       0x12 contiki-sky.a(etimer.o)
                0x00006256                etimer_reset
 .text.etimer_restart
                0x00006268       0x12 contiki-sky.a(etimer.o)
                0x00006268                etimer_restart
 .text.etimer_expired
                0x0000627a        0xe contiki-sky.a(etimer.o)
                0x0000627a                etimer_expired
 .text.etimer_expiration_time
                0x00006288       0x14 contiki-sky.a(etimer.o)
                0x00006288                etimer_expiration_time
 .text.etimer_pending
                0x0000629c        0xc contiki-sky.a(etimer.o)
                0x0000629c                etimer_pending
 .text.etimer_next_expiration_time
                0x000062a8       0x16 contiki-sky.a(etimer.o)
                0x000062a8                etimer_next_expiration_time
 .text.etimer_stop
                0x000062be       0x3e contiki-sky.a(etimer.o)
                0x000062be                etimer_stop
 .text.call_process
                0x000062fc       0x46 contiki-sky.a(process.o)
 .text.exit_process
                0x00006342       0x96 contiki-sky.a(process.o)
 .text.do_poll  0x000063d8       0x30 contiki-sky.a(process.o)
 .text.process_alloc_event
                0x00006408        0xe contiki-sky.a(process.o)
                0x00006408                process_alloc_event
 .text.process_init
                0x00006416       0x1c contiki-sky.a(process.o)
                0x00006416                process_init
 .text.process_run
                0x00006432       0x92 contiki-sky.a(process.o)
                0x00006432                process_run
 .text.process_nevents
                0x000064c4        0xe contiki-sky.a(process.o)
                0x000064c4                process_nevents
 .text.process_post
                0x000064d2       0x4e contiki-sky.a(process.o)
                0x000064d2                process_post
 .text.process_post_synch
                0x00006520       0x12 contiki-sky.a(process.o)
                0x00006520                process_post_synch
 .text.process_start
                0x00006532       0x36 contiki-sky.a(process.o)
                0x00006532                process_start
 .text.process_poll
                0x00006568       0x18 contiki-sky.a(process.o)
                0x00006568                process_poll
 .text.rtimer_init
                0x00006580        0x6 contiki-sky.a(rtimer.o)
                0x00006580                rtimer_init
 .text.rtimer_run_next
                0x00006586       0x26 contiki-sky.a(rtimer.o)
                0x00006586                rtimer_run_next
 .text.timer_set
                0x000065ac       0x1c contiki-sky.a(timer.o)
                0x000065ac                timer_set
 .text.timer_reset
                0x000065c8        0xe contiki-sky.a(timer.o)
                0x000065c8                timer_reset
 .text.timer_restart
                0x000065d6       0x14 contiki-sky.a(timer.o)
                0x000065d6                timer_restart
 .text.timer_expired
                0x000065ea       0x2a contiki-sky.a(timer.o)
                0x000065ea                timer_expired
 .text.list_init
                0x00006614        0x6 contiki-sky.a(list.o)
                0x00006614                list_init
 .text.list_head
                0x0000661a        0x4 contiki-sky.a(list.o)
                0x0000661a                list_head
 .text.list_tail
                0x0000661e       0x12 contiki-sky.a(list.o)
                0x0000661e                list_tail
 .text.list_remove
                0x00006630       0x34 contiki-sky.a(list.o)
                0x00006630                list_remove
 .text.list_push
                0x00006664       0x1a contiki-sky.a(list.o)
                0x00006664                list_push
 .text.list_add
                0x0000667e       0x2a contiki-sky.a(list.o)
                0x0000667e                list_add
 .text.list_length
                0x000066a8       0x10 contiki-sky.a(list.o)
                0x000066a8                list_length
 .text.list_item_next
                0x000066b8        0xc contiki-sky.a(list.o)
                0x000066b8                list_item_next
 .text.random_init
                0x000066c4        0x6 contiki-sky.a(random.o)
                0x000066c4                random_init
 .text.random_rand
                0x000066ca        0x6 contiki-sky.a(random.o)
                0x000066ca                random_rand
 .text.uip_ds6_list_loop
                0x000066d0       0x86 contiki-sky.a(uip-ds6.o)
                0x000066d0                uip_ds6_list_loop
 .text.uip_ds6_prefix_add
                0x00006756       0x80 contiki-sky.a(uip-ds6.o)
                0x00006756                uip_ds6_prefix_add
 .text.uip_ds6_is_addr_onlink
                0x000067d6       0x54 contiki-sky.a(uip-ds6.o)
                0x000067d6                uip_ds6_is_addr_onlink
 .text.uip_ds6_addr_lookup
                0x0000682a       0x2a contiki-sky.a(uip-ds6.o)
                0x0000682a                uip_ds6_addr_lookup
 .text.uip_ds6_get_link_local
                0x00006854       0x3e contiki-sky.a(uip-ds6.o)
                0x00006854                uip_ds6_get_link_local
 .text.uip_ds6_maddr_add
                0x00006892       0x4c contiki-sky.a(uip-ds6.o)
                0x00006892                uip_ds6_maddr_add
 .text.uip_ds6_addr_add
                0x000068de       0xc4 contiki-sky.a(uip-ds6.o)
                0x000068de                uip_ds6_addr_add
 .text.uip_ds6_maddr_rm
                0x000069a2        0xa contiki-sky.a(uip-ds6.o)
                0x000069a2                uip_ds6_maddr_rm
 .text.uip_ds6_maddr_lookup
                0x000069ac       0x2a contiki-sky.a(uip-ds6.o)
                0x000069ac                uip_ds6_maddr_lookup
 .text.uip_ds6_addr_rm
                0x000069d6       0x54 contiki-sky.a(uip-ds6.o)
                0x000069d6                uip_ds6_addr_rm
 .text.uip_ds6_periodic
                0x00006a2a       0x46 contiki-sky.a(uip-ds6.o)
                0x00006a2a                uip_ds6_periodic
 .text.uip_ds6_set_addr_iid
                0x00006a70       0x14 contiki-sky.a(uip-ds6.o)
                0x00006a70                uip_ds6_set_addr_iid
 .text.get_match_length
                0x00006a84       0x44 contiki-sky.a(uip-ds6.o)
                0x00006a84                get_match_length
 .text.uip_ds6_select_src
                0x00006ac8       0xaa contiki-sky.a(uip-ds6.o)
                0x00006ac8                uip_ds6_select_src
 .text.uip_ds6_compute_reachable_time
                0x00006b72       0x3e contiki-sky.a(uip-ds6.o)
                0x00006b72                uip_ds6_compute_reachable_time
 .text.uip_ds6_init
                0x00006bb0      0x154 contiki-sky.a(uip-ds6.o)
                0x00006bb0                uip_ds6_init
 .text.call_route_callback
                0x00006d04       0x4c contiki-sky.a(uip-ds6-route.o)
 .text.uip_ds6_route_init
                0x00006d50       0x36 contiki-sky.a(uip-ds6-route.o)
                0x00006d50                uip_ds6_route_init
 .text.uip_ds6_route_nexthop
                0x00006d86       0x1a contiki-sky.a(uip-ds6-route.o)
                0x00006d86                uip_ds6_route_nexthop
 .text.uip_ds6_route_head
                0x00006da0        0xa contiki-sky.a(uip-ds6-route.o)
                0x00006da0                uip_ds6_route_head
 .text.uip_ds6_route_next
                0x00006daa        0xe contiki-sky.a(uip-ds6-route.o)
                0x00006daa                uip_ds6_route_next
 .text.uip_ds6_route_is_nexthop
                0x00006db8       0x22 contiki-sky.a(uip-ds6-route.o)
                0x00006db8                uip_ds6_route_is_nexthop
 .text.uip_ds6_route_lookup
                0x00006dda       0x8c contiki-sky.a(uip-ds6-route.o)
                0x00006dda                uip_ds6_route_lookup
 .text.uip_ds6_route_rm
                0x00006e66       0xa6 contiki-sky.a(uip-ds6-route.o)
                0x00006e66                uip_ds6_route_rm
 .text.rm_routelist
                0x00006f0c       0x34 contiki-sky.a(uip-ds6-route.o)
 .text.rm_routelist_callback
                0x00006f40        0x6 contiki-sky.a(uip-ds6-route.o)
 .text.uip_ds6_route_add
                0x00006f46      0x110 contiki-sky.a(uip-ds6-route.o)
                0x00006f46                uip_ds6_route_add
 .text.uip_ds6_defrt_rm
                0x00007056       0x48 contiki-sky.a(uip-ds6-route.o)
                0x00007056                uip_ds6_defrt_rm
 .text.uip_ds6_defrt_lookup
                0x0000709e       0x36 contiki-sky.a(uip-ds6-route.o)
                0x0000709e                uip_ds6_defrt_lookup
 .text.uip_ds6_defrt_add
                0x000070d4       0x74 contiki-sky.a(uip-ds6-route.o)
                0x000070d4                uip_ds6_defrt_add
 .text.uip_ds6_defrt_choose
                0x00007148       0x3a contiki-sky.a(uip-ds6-route.o)
                0x00007148                uip_ds6_defrt_choose
 .text.uip_ds6_defrt_periodic
                0x00007182       0x38 contiki-sky.a(uip-ds6-route.o)
                0x00007182                uip_ds6_defrt_periodic
 .text.chksum   0x000071ba       0x32 contiki-sky.a(uip6.o)
 .text.upper_layer_chksum
                0x000071ec       0x56 contiki-sky.a(uip6.o)
 .text.ext_hdr_options_process
                0x00007242       0xd0 contiki-sky.a(uip6.o)
 .text.uip_add32
                0x00007312       0x68 contiki-sky.a(uip6.o)
                0x00007312                uip_add32
 .text.uip_add_rcv_nxt
                0x0000737a       0x2e contiki-sky.a(uip6.o)
 .text.uip_icmp6chksum
                0x000073a8        0xa contiki-sky.a(uip6.o)
                0x000073a8                uip_icmp6chksum
 .text.uip_tcpchksum
                0x000073b2        0xa contiki-sky.a(uip6.o)
                0x000073b2                uip_tcpchksum
 .text.uip_udpchksum
                0x000073bc        0xa contiki-sky.a(uip6.o)
                0x000073bc                uip_udpchksum
 .text.uip_init
                0x000073c6       0x56 contiki-sky.a(uip6.o)
                0x000073c6                uip_init
 .text.remove_ext_hdr
                0x0000741c       0x54 contiki-sky.a(uip6.o)
                0x0000741c                remove_ext_hdr
 .text.uip_udp_new
                0x00007470       0xae contiki-sky.a(uip6.o)
                0x00007470                uip_udp_new
 .text.uip_unlisten
                0x0000751e       0x1a contiki-sky.a(uip6.o)
                0x0000751e                uip_unlisten
 .text.uip_process
                0x00007538      0xe08 contiki-sky.a(uip6.o)
                0x00007538                uip_process
 .text.uip_htonl
                0x00008340       0x2e contiki-sky.a(uip6.o)
                0x00008340                uip_htonl
 .text.uip_ds6_nbr_rm
                0x0000836e       0x1e contiki-sky.a(uip-ds6-nbr.o)
                0x0000836e                uip_ds6_nbr_rm
 .text.uip_ds6_neighbors_init
                0x0000838c       0x12 contiki-sky.a(uip-ds6-nbr.o)
                0x0000838c                uip_ds6_neighbors_init
 .text.uip_ds6_nbr_add
                0x0000839e       0x3e contiki-sky.a(uip-ds6-nbr.o)
                0x0000839e                uip_ds6_nbr_add
 .text.uip_ds6_nbr_get_ll
                0x000083dc        0xc contiki-sky.a(uip-ds6-nbr.o)
                0x000083dc                uip_ds6_nbr_get_ll
 .text.uip_ds6_nbr_lookup
                0x000083e8       0x42 contiki-sky.a(uip-ds6-nbr.o)
                0x000083e8                uip_ds6_nbr_lookup
 .text.uip_ds6_nbr_ll_lookup
                0x0000842a        0xc contiki-sky.a(uip-ds6-nbr.o)
                0x0000842a                uip_ds6_nbr_ll_lookup
 .text.uip_ds6_nbr_ipaddr_from_lladdr
                0x00008436        0x6 contiki-sky.a(uip-ds6-nbr.o)
                0x00008436                uip_ds6_nbr_ipaddr_from_lladdr
 .text.uip_ds6_nbr_lladdr_from_ipaddr
                0x0000843c       0x12 contiki-sky.a(uip-ds6-nbr.o)
                0x0000843c                uip_ds6_nbr_lladdr_from_ipaddr
 .text.uip_ds6_link_neighbor_callback
                0x0000844e       0x36 contiki-sky.a(uip-ds6-nbr.o)
                0x0000844e                uip_ds6_link_neighbor_callback
 .text.uip_nd6_init
                0x00008484        0x2 contiki-sky.a(uip-nd6.o)
                0x00008484                uip_nd6_init
 .text.clear_fragments
                0x00008486       0x40 contiki-sky.a(sicslowpan.o)
 .text.set_packet_attrs
                0x000084c6       0x46 contiki-sky.a(sicslowpan.o)
 .text.addr_context_lookup_by_number
                0x0000850c       0x32 contiki-sky.a(sicslowpan.o)
 .text.compress_addr_64
                0x0000853e       0xae contiki-sky.a(sicslowpan.o)
 .text.store_fragment
                0x000085ec       0xc8 contiki-sky.a(sicslowpan.o)
 .text.uncompress_addr
                0x000086b4       0xb4 contiki-sky.a(sicslowpan.o)
 .text.sicslowpan_init
                0x00008768       0x24 contiki-sky.a(sicslowpan.o)
                0x00008768                sicslowpan_init
 .text.addr_context_lookup_by_prefix
                0x0000878c       0x4c contiki-sky.a(sicslowpan.o)
 .text.packet_sent
                0x000087d8       0x22 contiki-sky.a(sicslowpan.o)
 .text.add_fragment
                0x000087fa      0x1ec contiki-sky.a(sicslowpan.o)
 .text.input    0x000089e6      0x6dc contiki-sky.a(sicslowpan.o)
 .text.send_packet
                0x000090c2       0x1a contiki-sky.a(sicslowpan.o)
 .text.output   0x000090dc      0x6bc contiki-sky.a(sicslowpan.o)
 .text.uip_debug_ipaddr_print
                0x00009798       0xc8 contiki-sky.a(uip-debug.o)
                0x00009798                uip_debug_ipaddr_print
 .text.uip_udp_packet_send
                0x00009860       0x2a contiki-sky.a(uip-udp-packet.)
                0x00009860                uip_udp_packet_send
 .text.start_periodic_tcp_timer
                0x0000988a       0x16 contiki-sky.a(tcpip.o)
 .text.tcpip_output
                0x000098a0       0x10 contiki-sky.a(tcpip.o)
                0x000098a0                tcpip_output
 .text.tcpip_set_outputfunc
                0x000098b0        0x6 contiki-sky.a(tcpip.o)
                0x000098b0                tcpip_set_outputfunc
 .text.udp_new  0x000098b6       0x1a contiki-sky.a(tcpip.o)
                0x000098b6                udp_new
 .text.tcpip_input
                0x000098d0       0x16 contiki-sky.a(tcpip.o)
                0x000098d0                tcpip_input
 .text.tcpip_ipv6_output
                0x000098e6       0xcc contiki-sky.a(tcpip.o)
                0x000098e6                tcpip_ipv6_output
 .text.process_thread_tcpip_process
                0x000099b2      0x1bc contiki-sky.a(tcpip.o)
 .text.tcpip_uipcall
                0x00009b6e       0x62 contiki-sky.a(tcpip.o)
                0x00009b6e                tcpip_uipcall
 .text.lollipop_greater_than
                0x00009bd0       0x3c contiki-sky.a(rpl-dag.o)
 .text.find_parent_any_dag_any_instance
                0x00009c0c       0x14 contiki-sky.a(rpl-dag.o)
 .text.rpl_set_preferred_parent
                0x00009c20       0x30 contiki-sky.a(rpl-dag.o)
 .text.set_ip_from_prefix
                0x00009c50       0x38 contiki-sky.a(rpl-dag.o)
 .text.check_prefix
                0x00009c88       0x80 contiki-sky.a(rpl-dag.o)
 .text.rpl_dag_init
                0x00009d08        0xe contiki-sky.a(rpl-dag.o)
                0x00009d08                rpl_dag_init
 .text.rpl_get_parent
                0x00009d16        0xc contiki-sky.a(rpl-dag.o)
                0x00009d16                rpl_get_parent
 .text.rpl_rank_via_parent
                0x00009d22       0x2a contiki-sky.a(rpl-dag.o)
                0x00009d22                rpl_rank_via_parent
 .text.rpl_get_parent_lladdr
                0x00009d4c        0xc contiki-sky.a(rpl-dag.o)
                0x00009d4c                rpl_get_parent_lladdr
 .text.rpl_get_parent_ipaddr
                0x00009d58        0xa contiki-sky.a(rpl-dag.o)
                0x00009d58                rpl_get_parent_ipaddr
 .text.rpl_get_parent_link_stats
                0x00009d62        0xa contiki-sky.a(rpl-dag.o)
                0x00009d62                rpl_get_parent_link_stats
 .text.rpl_parent_is_fresh
                0x00009d6c        0xa contiki-sky.a(rpl-dag.o)
                0x00009d6c                rpl_parent_is_fresh
 .text.best_parent
                0x00009d76       0x76 contiki-sky.a(rpl-dag.o)
 .text.rpl_parent_is_reachable
                0x00009dec       0x4a contiki-sky.a(rpl-dag.o)
                0x00009dec                rpl_parent_is_reachable
 .text.rpl_set_prefix
                0x00009e36       0x8e contiki-sky.a(rpl-dag.o)
                0x00009e36                rpl_set_prefix
 .text.rpl_set_default_route
                0x00009ec4       0x3e contiki-sky.a(rpl-dag.o)
                0x00009ec4                rpl_set_default_route
 .text.rpl_alloc_instance
                0x00009f02       0x34 contiki-sky.a(rpl-dag.o)
                0x00009f02                rpl_alloc_instance
 .text.rpl_add_parent
                0x00009f36       0x3e contiki-sky.a(rpl-dag.o)
                0x00009f36                rpl_add_parent
 .text.rpl_find_parent
                0x00009f74       0x1a contiki-sky.a(rpl-dag.o)
                0x00009f74                rpl_find_parent
 .text.rpl_find_parent_any_dag
                0x00009f8e       0x22 contiki-sky.a(rpl-dag.o)
                0x00009f8e                rpl_find_parent_any_dag
 .text.rpl_select_parent
                0x00009fb0       0x66 contiki-sky.a(rpl-dag.o)
                0x00009fb0                rpl_select_parent
 .text.rpl_select_dag
                0x0000a016      0x1a6 contiki-sky.a(rpl-dag.o)
                0x0000a016                rpl_select_dag
 .text.rpl_nullify_parent
                0x0000a1bc       0x60 contiki-sky.a(rpl-dag.o)
                0x0000a1bc                rpl_nullify_parent
 .text.rpl_remove_parent
                0x0000a21c       0x16 contiki-sky.a(rpl-dag.o)
                0x0000a21c                rpl_remove_parent
 .text.nbr_callback
                0x0000a232        0x6 contiki-sky.a(rpl-dag.o)
 .text.remove_parents.constprop.4
                0x0000a238       0x30 contiki-sky.a(rpl-dag.o)
 .text.rpl_free_dag
                0x0000a268       0x42 contiki-sky.a(rpl-dag.o)
                0x0000a268                rpl_free_dag
 .text.rpl_move_parent
                0x0000a2aa       0x68 contiki-sky.a(rpl-dag.o)
                0x0000a2aa                rpl_move_parent
 .text.rpl_get_any_dag
                0x0000a312       0x16 contiki-sky.a(rpl-dag.o)
                0x0000a312                rpl_get_any_dag
 .text.rpl_get_instance
                0x0000a328       0x16 contiki-sky.a(rpl-dag.o)
                0x0000a328                rpl_get_instance
 .text.rpl_alloc_dag
                0x0000a33e       0x64 contiki-sky.a(rpl-dag.o)
                0x0000a33e                rpl_alloc_dag
 .text.rpl_repair_root
                0x0000a3a2       0x4c contiki-sky.a(rpl-dag.o)
                0x0000a3a2                rpl_repair_root
 .text.rpl_find_of
                0x0000a3ee       0x10 contiki-sky.a(rpl-dag.o)
                0x0000a3ee                rpl_find_of
 .text.rpl_join_instance
                0x0000a3fe      0x156 contiki-sky.a(rpl-dag.o)
                0x0000a3fe                rpl_join_instance
 .text.rpl_local_repair
                0x0000a554       0x98 contiki-sky.a(rpl-dag.o)
                0x0000a554                rpl_local_repair
 .text.rpl_process_parent_event
                0x0000a5ec       0xc0 contiki-sky.a(rpl-dag.o)
                0x0000a5ec                rpl_process_parent_event
 .text.rpl_recalculate_ranks
                0x0000a6ac       0x44 contiki-sky.a(rpl-dag.o)
                0x0000a6ac                rpl_recalculate_ranks
 .text.rpl_add_dag
                0x0000a6f0      0x114 contiki-sky.a(rpl-dag.o)
                0x0000a6f0                rpl_add_dag
 .text.rpl_process_dio
                0x0000a804      0x342 contiki-sky.a(rpl-dag.o)
                0x0000a804                rpl_process_dio
 .text.handle_unicast_dio_timer
                0x0000ab46       0x1c contiki-sky.a(rpl-timers.o)
 .text.new_dio_interval
                0x0000ab62       0x92 contiki-sky.a(rpl-timers.o)
 .text.set_dao_lifetime_timer
                0x0000abf4       0x8c contiki-sky.a(rpl-timers.o)
 .text.handle_periodic_timer
                0x0000ac80       0x50 contiki-sky.a(rpl-timers.o)
 .text.schedule_dao
                0x0000acd0       0x82 contiki-sky.a(rpl-timers.o)
 .text.handle_dio_timer
                0x0000ad52       0x88 contiki-sky.a(rpl-timers.o)
 .text.handle_dao_timer
                0x0000adda       0x64 contiki-sky.a(rpl-timers.o)
 .text.rpl_reset_periodic_timer
                0x0000ae3e       0x54 contiki-sky.a(rpl-timers.o)
                0x0000ae3e                rpl_reset_periodic_timer
 .text.rpl_reset_dio_timer
                0x0000ae92       0x18 contiki-sky.a(rpl-timers.o)
                0x0000ae92                rpl_reset_dio_timer
 .text.rpl_schedule_dao
                0x0000aeaa        0xc contiki-sky.a(rpl-timers.o)
                0x0000aeaa                rpl_schedule_dao
 .text.rpl_schedule_unicast_dio_immediately
                0x0000aeb6       0x16 contiki-sky.a(rpl-timers.o)
                0x0000aeb6                rpl_schedule_unicast_dio_immediately
 .text.get_probing_delay
                0x0000aecc       0x40 contiki-sky.a(rpl-timers.o)
                0x0000aecc                get_probing_delay
 .text.get_probing_target
                0x0000af0c       0xfa contiki-sky.a(rpl-timers.o)
                0x0000af0c                get_probing_target
 .text.rpl_schedule_probing
                0x0000b006       0x26 contiki-sky.a(rpl-timers.o)
                0x0000b006                rpl_schedule_probing
 .text.handle_probing_timer
                0x0000b02c       0x3c contiki-sky.a(rpl-timers.o)
 .text.update_hbh_header
                0x0000b068       0xcc contiki-sky.a(rpl-ext-header.)
 .text.insert_hbh_header
                0x0000b134       0x9c contiki-sky.a(rpl-ext-header.)
 .text.rpl_verify_hbh_header
                0x0000b1d0      0x100 contiki-sky.a(rpl-ext-header.)
                0x0000b1d0                rpl_verify_hbh_header
 .text.rpl_remove_header
                0x0000b2d0       0x7a contiki-sky.a(rpl-ext-header.)
                0x0000b2d0                rpl_remove_header
 .text.rpl_update_header
                0x0000b34a       0x54 contiki-sky.a(rpl-ext-header.)
                0x0000b34a                rpl_update_header
 .text.rpl_get_mode
                0x0000b39e        0x6 contiki-sky.a(rpl.o)
                0x0000b39e                rpl_get_mode
 .text.rpl_purge_routes
                0x0000b3a4       0x96 contiki-sky.a(rpl.o)
                0x0000b3a4                rpl_purge_routes
 .text.rpl_remove_routes
                0x0000b43a       0x22 contiki-sky.a(rpl.o)
                0x0000b43a                rpl_remove_routes
 .text.rpl_remove_routes_by_nexthop
                0x0000b45c       0x46 contiki-sky.a(rpl.o)
                0x0000b45c                rpl_remove_routes_by_nexthop
 .text.rpl_add_route
                0x0000b4a2       0x48 contiki-sky.a(rpl.o)
                0x0000b4a2                rpl_add_route
 .text.rpl_link_neighbor_callback
                0x0000b4ea       0x4c contiki-sky.a(rpl.o)
                0x0000b4ea                rpl_link_neighbor_callback
 .text.rpl_ipv6_neighbor_callback
                0x0000b536       0x1e contiki-sky.a(rpl.o)
                0x0000b536                rpl_ipv6_neighbor_callback
 .text.rpl_purge_dags
                0x0000b554       0x70 contiki-sky.a(rpl.o)
                0x0000b554                rpl_purge_dags
 .text.rpl_init
                0x0000b5c4       0x44 contiki-sky.a(rpl.o)
                0x0000b5c4                rpl_init
 .text.reset    0x0000b608        0x2 contiki-sky.a(rpl-mrhof.o)
 .text.update_metric_container
                0x0000b60a        0x6 contiki-sky.a(rpl-mrhof.o)
 .text.parent_link_metric
                0x0000b610       0x10 contiki-sky.a(rpl-mrhof.o)
 .text.parent_has_usable_link
                0x0000b620       0x14 contiki-sky.a(rpl-mrhof.o)
 .text.best_dag
                0x0000b634       0x2e contiki-sky.a(rpl-mrhof.o)
 .text.parent_path_cost
                0x0000b662       0x44 contiki-sky.a(rpl-mrhof.o)
 .text.parent_is_acceptable
                0x0000b6a6       0x2e contiki-sky.a(rpl-mrhof.o)
 .text.rank_via_parent
                0x0000b6d4       0x56 contiki-sky.a(rpl-mrhof.o)
 .text.best_parent
                0x0000b72a       0x82 contiki-sky.a(rpl-mrhof.o)
 .text.get32    0x0000b7ac       0x46 contiki-sky.a(rpl-icmp6.o)
 .text.set32    0x0000b7f2       0x2a contiki-sky.a(rpl-icmp6.o)
 .text.get16    0x0000b81c        0xe contiki-sky.a(rpl-icmp6.o)
 .text.set16    0x0000b82a       0x10 contiki-sky.a(rpl-icmp6.o)
 .text.dao_ack_input
                0x0000b83a        0xa contiki-sky.a(rpl-icmp6.o)
 .text.dio_input
                0x0000b844      0x2a8 contiki-sky.a(rpl-icmp6.o)
 .text.rpl_icmp6_update_nbr_table
                0x0000baec       0x30 contiki-sky.a(rpl-icmp6.o)
                0x0000baec                rpl_icmp6_update_nbr_table
 .text.dao_input
                0x0000bb1c      0x2c6 contiki-sky.a(rpl-icmp6.o)
 .text.dis_output
                0x0000bde2       0x50 contiki-sky.a(rpl-icmp6.o)
                0x0000bde2                dis_output
 .text.dio_output
                0x0000be32      0x272 contiki-sky.a(rpl-icmp6.o)
                0x0000be32                dio_output
 .text.dis_input
                0x0000c0a4       0x3e contiki-sky.a(rpl-icmp6.o)
 .text.dao_output_target
                0x0000c0e2      0x10e contiki-sky.a(rpl-icmp6.o)
                0x0000c0e2                dao_output_target
 .text.dao_output
                0x0000c1f0       0xb4 contiki-sky.a(rpl-icmp6.o)
                0x0000c1f0                dao_output
 .text.rpl_icmp6_register_handlers
                0x0000c2a4       0x22 contiki-sky.a(rpl-icmp6.o)
                0x0000c2a4                rpl_icmp6_register_handlers
 .text.input_packet
                0x0000c2c6        0x6 contiki-sky.a(csma.o)
 .text.on       0x0000c2cc        0x6 contiki-sky.a(csma.o)
 .text.off      0x0000c2d2        0x6 contiki-sky.a(csma.o)
 .text.channel_check_interval
                0x0000c2d8       0x10 contiki-sky.a(csma.o)
 .text.transmit_packet_list
                0x0000c2e8       0x24 contiki-sky.a(csma.o)
 .text.schedule_transmission
                0x0000c30c       0x96 contiki-sky.a(csma.o)
 .text.init     0x0000c3a2       0x1a contiki-sky.a(csma.o)
 .text.tx_done  0x0000c3bc       0x94 contiki-sky.a(csma.o)
 .text.send_packet
                0x0000c450      0x164 contiki-sky.a(csma.o)
 .text.packet_sent
                0x0000c5b4       0xd6 contiki-sky.a(csma.o)
 .text.mac_call_sent_callback
                0x0000c68a       0x14 contiki-sky.a(mac.o)
                0x0000c68a                mac_call_sent_callback
 .text.create_frame.isra.0
                0x0000c69e      0x118 contiki-sky.a(framer-802154.o)
 .text.create   0x0000c7b6        0x8 contiki-sky.a(framer-802154.o)
 .text.hdr_length
                0x0000c7be        0x8 contiki-sky.a(framer-802154.o)
 .text.parse    0x0000c7c6       0x9e contiki-sky.a(framer-802154.o)
 .text.on       0x0000c864        0x6 contiki-sky.a(nullrdc.o)
 .text.channel_check_interval
                0x0000c86a        0x4 contiki-sky.a(nullrdc.o)
 .text.init     0x0000c86e        0x6 contiki-sky.a(nullrdc.o)
 .text.off      0x0000c874       0x10 contiki-sky.a(nullrdc.o)
 .text.packet_input
                0x0000c884       0x40 contiki-sky.a(nullrdc.o)
 .text.send_one_packet
                0x0000c8c4      0x124 contiki-sky.a(nullrdc.o)
 .text.send_list
                0x0000c9e8       0x30 contiki-sky.a(nullrdc.o)
 .text.send_packet
                0x0000ca18        0x6 contiki-sky.a(nullrdc.o)
 .text.queuebuf_init
                0x0000ca1e       0x12 contiki-sky.a(queuebuf.o)
                0x0000ca1e                queuebuf_init
 .text.queuebuf_numfree
                0x0000ca30        0xa contiki-sky.a(queuebuf.o)
                0x0000ca30                queuebuf_numfree
 .text.queuebuf_new_from_packetbuf
                0x0000ca3a       0x52 contiki-sky.a(queuebuf.o)
                0x0000ca3a                queuebuf_new_from_packetbuf
 .text.queuebuf_update_attr_from_packetbuf
                0x0000ca8c       0x12 contiki-sky.a(queuebuf.o)
                0x0000ca8c                queuebuf_update_attr_from_packetbuf
 .text.queuebuf_free
                0x0000ca9e       0x2a contiki-sky.a(queuebuf.o)
                0x0000ca9e                queuebuf_free
 .text.queuebuf_to_packetbuf
                0x0000cac8       0x32 contiki-sky.a(queuebuf.o)
                0x0000cac8                queuebuf_to_packetbuf
 .text.queuebuf_attr
                0x0000cafa        0xe contiki-sky.a(queuebuf.o)
                0x0000cafa                queuebuf_attr
 .text.key_from_index
                0x0000cb08       0x18 contiki-sky.a(nbr-table.o)
 .text.item_from_index
                0x0000cb20       0x2a contiki-sky.a(nbr-table.o)
 .text.index_from_key
                0x0000cb4a       0x26 contiki-sky.a(nbr-table.o)
 .text.index_from_item
                0x0000cb70       0x1e contiki-sky.a(nbr-table.o)
 .text.nbr_set_bit
                0x0000cb8e       0x58 contiki-sky.a(nbr-table.o)
 .text.index_from_lladdr
                0x0000cbe6       0x42 contiki-sky.a(nbr-table.o)
 .text.nbr_get_bit.constprop.0
                0x0000cc28       0x2e contiki-sky.a(nbr-table.o)
 .text.remove_key
                0x0000cc56       0x66 contiki-sky.a(nbr-table.o)
 .text.nbr_table_register
                0x0000ccbc       0x26 contiki-sky.a(nbr-table.o)
                0x0000ccbc                nbr_table_register
 .text.nbr_table_next
                0x0000cce2       0x3e contiki-sky.a(nbr-table.o)
                0x0000cce2                nbr_table_next
 .text.nbr_table_head
                0x0000cd20       0x3a contiki-sky.a(nbr-table.o)
                0x0000cd20                nbr_table_head
 .text.nbr_table_add_lladdr
                0x0000cd5a      0x110 contiki-sky.a(nbr-table.o)
                0x0000cd5a                nbr_table_add_lladdr
 .text.nbr_table_get_from_lladdr
                0x0000ce6a       0x2c contiki-sky.a(nbr-table.o)
                0x0000ce6a                nbr_table_get_from_lladdr
 .text.nbr_table_remove
                0x0000ce96       0x32 contiki-sky.a(nbr-table.o)
                0x0000ce96                nbr_table_remove
 .text.nbr_table_lock
                0x0000cec8       0x10 contiki-sky.a(nbr-table.o)
                0x0000cec8                nbr_table_lock
 .text.nbr_table_unlock
                0x0000ced8       0x10 contiki-sky.a(nbr-table.o)
                0x0000ced8                nbr_table_unlock
 .text.nbr_table_get_lladdr
                0x0000cee8       0x14 contiki-sky.a(nbr-table.o)
                0x0000cee8                nbr_table_get_lladdr
 .text.packetbuf_hdrreduce
                0x0000cefc       0x1a contiki-sky.a(packetbuf.o)
                0x0000cefc                packetbuf_hdrreduce
 .text.packetbuf_set_datalen
                0x0000cf16        0x6 contiki-sky.a(packetbuf.o)
                0x0000cf16                packetbuf_set_datalen
 .text.packetbuf_hdrptr
                0x0000cf1c        0x6 contiki-sky.a(packetbuf.o)
                0x0000cf1c                packetbuf_hdrptr
 .text.packetbuf_datalen
                0x0000cf22        0x6 contiki-sky.a(packetbuf.o)
                0x0000cf22                packetbuf_datalen
 .text.packetbuf_hdrlen
                0x0000cf28        0xa contiki-sky.a(packetbuf.o)
                0x0000cf28                packetbuf_hdrlen
 .text.packetbuf_dataptr
                0x0000cf32        0xc contiki-sky.a(packetbuf.o)
                0x0000cf32                packetbuf_dataptr
 .text.packetbuf_copyto
                0x0000cf3e       0x46 contiki-sky.a(packetbuf.o)
                0x0000cf3e                packetbuf_copyto
 .text.packetbuf_totlen
                0x0000cf84        0xc contiki-sky.a(packetbuf.o)
                0x0000cf84                packetbuf_totlen
 .text.packetbuf_hdralloc
                0x0000cf90       0x3c contiki-sky.a(packetbuf.o)
                0x0000cf90                packetbuf_hdralloc
 .text.packetbuf_attr_clear
                0x0000cfcc       0x28 contiki-sky.a(packetbuf.o)
                0x0000cfcc                packetbuf_attr_clear
 .text.packetbuf_clear
                0x0000cff4       0x12 contiki-sky.a(packetbuf.o)
                0x0000cff4                packetbuf_clear
 .text.packetbuf_copyfrom
                0x0000d006       0x2e contiki-sky.a(packetbuf.o)
                0x0000d006                packetbuf_copyfrom
 .text.packetbuf_attr_copyto
                0x0000d034       0x22 contiki-sky.a(packetbuf.o)
                0x0000d034                packetbuf_attr_copyto
 .text.packetbuf_attr_copyfrom
                0x0000d056       0x24 contiki-sky.a(packetbuf.o)
                0x0000d056                packetbuf_attr_copyfrom
 .text.packetbuf_holds_broadcast
                0x0000d07a        0xe contiki-sky.a(packetbuf.o)
                0x0000d07a                packetbuf_holds_broadcast
 .text.linkaddr_copy
                0x0000d088        0x8 contiki-sky.a(linkaddr.o)
                0x0000d088                linkaddr_copy
 .text.linkaddr_cmp
                0x0000d090       0x12 contiki-sky.a(linkaddr.o)
                0x0000d090                linkaddr_cmp
 .text.linkaddr_set_node_addr
                0x0000d0a2        0xc contiki-sky.a(linkaddr.o)
                0x0000d0a2                linkaddr_set_node_addr
 .text.periodic
                0x0000d0ae       0x28 contiki-sky.a(link-stats.o)
 .text.link_stats_from_lladdr
                0x0000d0d6        0xc contiki-sky.a(link-stats.o)
                0x0000d0d6                link_stats_from_lladdr
 .text.link_stats_is_fresh
                0x0000d0e2       0x32 contiki-sky.a(link-stats.o)
                0x0000d0e2                link_stats_is_fresh
 .text.link_stats_packet_sent
                0x0000d114       0xd6 contiki-sky.a(link-stats.o)
                0x0000d114                link_stats_packet_sent
 .text.link_stats_input_callback
                0x0000d1ea       0xb2 contiki-sky.a(link-stats.o)
                0x0000d1ea                link_stats_input_callback
 .text.link_stats_init
                0x0000d29c       0x22 contiki-sky.a(link-stats.o)
                0x0000d29c                link_stats_init
 .text.init     0x0000d2be        0x2 contiki-sky.a(nullsec.o)
 .text.send     0x0000d2c0        0xa contiki-sky.a(nullsec.o)
 .text.input    0x0000d2ca        0x6 contiki-sky.a(nullsec.o)
 .text.spi_init
                0x0000d2d0       0x30 contiki-sky.a(spi.o)
                0x0000d2d0                spi_init
 .text.stimer_set
                0x0000d300       0x1c contiki-sky.a(stimer.o)
                0x0000d300                stimer_set
 .text.stimer_expired
                0x0000d31c       0x30 contiki-sky.a(stimer.o)
                0x0000d31c                stimer_expired
 .text.memb_init
                0x0000d34c       0x36 contiki-sky.a(memb.o)
                0x0000d34c                memb_init
 .text.memb_alloc
                0x0000d382       0x3e contiki-sky.a(memb.o)
                0x0000d382                memb_alloc
 .text.memb_free
                0x0000d3c0       0x3a contiki-sky.a(memb.o)
                0x0000d3c0                memb_free
 .text.memb_inmemb
                0x0000d3fa       0x2a contiki-sky.a(memb.o)
                0x0000d3fa                memb_inmemb
 .text.memb_numfree
                0x0000d424       0x26 contiki-sky.a(memb.o)
                0x0000d424                memb_numfree
 .text.echo_reply_input
                0x0000d44a      0x1a6 contiki-sky.a(uip-icmp6.o)
 .text.echo_request_input
                0x0000d5f0      0x2b2 contiki-sky.a(uip-icmp6.o)
 .text.uip_icmp6_input
                0x0000d8a2       0x48 contiki-sky.a(uip-icmp6.o)
                0x0000d8a2                uip_icmp6_input
 .text.uip_icmp6_register_input_handler
                0x0000d8ea        0xc contiki-sky.a(uip-icmp6.o)
                0x0000d8ea                uip_icmp6_register_input_handler
 .text.uip_icmp6_error_output
                0x0000d8f6      0x27e contiki-sky.a(uip-icmp6.o)
                0x0000d8f6                uip_icmp6_error_output
 .text.uip_icmp6_send
                0x0000db74       0x94 contiki-sky.a(uip-icmp6.o)
                0x0000db74                uip_icmp6_send
 .text.uip_icmp6_init
                0x0000dc08       0x12 contiki-sky.a(uip-icmp6.o)
                0x0000dc08                uip_icmp6_init
 .text.update_nbr
                0x0000dc1a       0xe6 contiki-sky.a(rpl-nbr-policy.)
 .text.handle_periodic_timer
                0x0000dd00        0xe contiki-sky.a(rpl-nbr-policy.)
 .text.find_removable_dis
                0x0000dd0e       0x14 contiki-sky.a(rpl-nbr-policy.)
                0x0000dd0e                find_removable_dis
 .text.find_removable_dio
                0x0000dd22       0x3e contiki-sky.a(rpl-nbr-policy.)
                0x0000dd22                find_removable_dio
 .text.find_removable_dao
                0x0000dd60       0x32 contiki-sky.a(rpl-nbr-policy.)
                0x0000dd60                find_removable_dao
 .text.rpl_nbr_policy_find_removable
                0x0000dd92       0x30 contiki-sky.a(rpl-nbr-policy.)
                0x0000dd92                rpl_nbr_policy_find_removable
 .text.mac_sequence_is_duplicate
                0x0000ddc2       0x76 contiki-sky.a(mac-sequence.o)
                0x0000ddc2                mac_sequence_is_duplicate
 .text.mac_sequence_register_seqno
                0x0000de38       0x80 contiki-sky.a(mac-sequence.o)
                0x0000de38                mac_sequence_register_seqno
 .text.frame802154_get_pan_id
                0x0000deb8        0x6 contiki-sky.a(frame802154.o)
                0x0000deb8                frame802154_get_pan_id
 .text.frame802154_has_panid
                0x0000debe       0x78 contiki-sky.a(frame802154.o)
                0x0000debe                frame802154_has_panid
 .text.field_len
                0x0000df36       0xac contiki-sky.a(frame802154.o)
 .text.frame802154_is_broadcast_addr
                0x0000dfe2       0x28 contiki-sky.a(frame802154.o)
                0x0000dfe2                frame802154_is_broadcast_addr
 .text.frame802154_hdrlen
                0x0000e00a       0x32 contiki-sky.a(frame802154.o)
                0x0000e00a                frame802154_hdrlen
 .text.frame802154_create
                0x0000e03c      0x16a contiki-sky.a(frame802154.o)
                0x0000e03c                frame802154_create
 .text.frame802154_parse
                0x0000e1a6      0x200 contiki-sky.a(frame802154.o)
                0x0000e1a6                frame802154_parse
 .text.libgcc   0x0000e3a6       0x2c /usr/local/bin/../lib/gcc/msp430/4.7.2/mmpy-16/libgcc.a(_mulsi3.o)
                0x0000e3a6                __mulsi3
 .text.libgcc   0x0000e3d2       0x22 /usr/local/bin/../lib/gcc/msp430/4.7.2/mmpy-16/libgcc.a(_udivmod16.o)
                0x0000e3d2                __udivhi3
                0x0000e3d2                __ext_udivmod16
                0x0000e3ec                __umodhi3
 .text.libgcc   0x0000e3f4       0x3a /usr/local/bin/../lib/gcc/msp430/4.7.2/mmpy-16/libgcc.a(_divmod16.o)
                0x0000e3f4                __ext_divmod16
                0x0000e3f4                __divhi3
                0x0000e426                __modhi3
 .text.libgcc   0x0000e42e       0x40 /usr/local/bin/../lib/gcc/msp430/4.7.2/mmpy-16/libgcc.a(_udivmod32.o)
                0x0000e42e                __udivsi3
                0x0000e42e                __ext_udivmod32
                0x0000e464                __umodsi3
 .text.libgcc   0x0000e46e       0x4c /usr/local/bin/../lib/gcc/msp430/4.7.2/mmpy-16/libgcc.a(_divmod32.o)
                0x0000e46e                __ext_divmod32
                0x0000e46e                __divsi3
                0x0000e4b0                __modsi3
 .text.printf   0x0000e4ba       0x10 /usr/local/bin/../lib/gcc/msp430/4.7.2/../../../../msp430/lib/mmpy-16/libc.a(printf.o)
                0x0000e4ba                printf
 .text.append   0x0000e4ca       0x22 /usr/local/bin/../lib/gcc/msp430/4.7.2/../../../../msp430/lib/mmpy-16/libc.a(sprintf.o)
 .text.call_vuprintf
                0x0000e4ec       0x3a /usr/local/bin/../lib/gcc/msp430/4.7.2/../../../../msp430/lib/mmpy-16/libc.a(sprintf.o)
 .text.sprintf  0x0000e526       0x1c /usr/local/bin/../lib/gcc/msp430/4.7.2/../../../../msp430/lib/mmpy-16/libc.a(sprintf.o)
                0x0000e526                sprintf
 .text.print_field
                0x0000e542      0x194 /usr/local/bin/../lib/gcc/msp430/4.7.2/../../../../msp430/lib/mmpy-16/libc.a(vuprintf.o)
 .text.vuprintf
                0x0000e6d6      0x63e /usr/local/bin/../lib/gcc/msp430/4.7.2/../../../../msp430/lib/mmpy-16/libc.a(vuprintf.o)
                0x0000e6d6                vuprintf
 .text.puts     0x0000ed14       0x2c /usr/local/bin/../lib/gcc/msp430/4.7.2/../../../../msp430/lib/mmpy-16/libc.a(puts.o)
                0x0000ed14                puts
 .text.rand     0x0000ed40       0x26 /usr/local/bin/../lib/gcc/msp430/4.7.2/../../../../msp430/lib/mmpy-16/libc.a(rand.o)
                0x0000ed40                rand
 .text.srand    0x0000ed66        0xa /usr/local/bin/../lib/gcc/msp430/4.7.2/../../../../msp430/lib/mmpy-16/libc.a(rand.o)
                0x0000ed66                srand
 .text.strncmp  0x0000ed70       0x2a /usr/local/bin/../lib/gcc/msp430/4.7.2/../../../../msp430/lib/mmpy-16/libc.a(strncmp.o)
                0x0000ed70                strncmp
 .text.memcmp   0x0000ed9a       0x30 /usr/local/bin/../lib/gcc/msp430/4.7.2/../../../../msp430/lib/mmpy-16/libc.a(memcmp.o)
                0x0000ed9a                memcmp
 .text.strcpy   0x0000edca       0x14 /usr/local/bin/../lib/gcc/msp430/4.7.2/../../../../msp430/lib/mmpy-16/libc.a(strcpy.o)
                0x0000edca                strcpy
 .text.memcpy   0x0000edde       0xfa /usr/local/bin/../lib/gcc/msp430/4.7.2/../../../../msp430/lib/mmpy-16/libc.a(memcpy.o)
                0x0000edde                memcpy
 .text.memmove  0x0000eed8       0xfa /usr/local/bin/../lib/gcc/msp430/4.7.2/../../../../msp430/lib/mmpy-16/libc.a(memmove.o)
                0x0000eed8                memmove
 .text.memset   0x0000efd2       0x6a /usr/local/bin/../lib/gcc/msp430/4.7.2/../../../../msp430/lib/mmpy-16/libc.a(memset.o)
                0x0000efd2                memset
 .text.strstr   0x0000f03c       0x54 /usr/local/bin/../lib/gcc/msp430/4.7.2/../../../../msp430/lib/mmpy-16/libc.a(strstr.o)
                0x0000f03c                strstr
 .text.libgcc   0x0000f090       0xf0 /usr/local/bin/../lib/gcc/msp430/4.7.2/mmpy-16/libgcc.a(_udivmod64.o)
                0x0000f090                __xabi_udivmod64
                0x0000f0ee                __udivdi3
                0x0000f114                __umoddi3
                0x0000f142                __udivmoddi4
 .text.crt0     0x0000f180        0x2 /usr/local/bin/../lib/gcc/msp430/4.7.2/mmpy-16/libcrt0.a(_unexpected_.o)
                0x0000f180                _unexpected_
 *(.near.text .near.text.*)

.rodata         0x0000f184      0x52d
                0x0000f184                . = ALIGN (0x2)
 *(.rodata .rodata.* .gnu.linkonce.r.*)
 .rodata        0x0000f184      0x1b6 udp-echo-server.co
                0x0000f31e                autostart_processes
 .rodata        0x0000f33a      0x12e obj_sky/contiki-sky-main.o
 .rodata        0x0000f468       0x10 contiki-sky.a(button-sensor.o)
                0x0000f470                button_sensor
 .rodata        0x0000f478        0x8 contiki-sky.a(sensors.o)
 .rodata.get_value
                0x0000f480       0x24 contiki-sky.a(cc2420.o)
 .rodata.set_value
                0x0000f4a4       0x10 contiki-sky.a(cc2420.o)
 .rodata        0x0000f4b4       0x3e contiki-sky.a(cc2420.o)
                0x0000f4b4                cc2420_aes_128_driver
                0x0000f4b8                cc2420_driver
 .rodata        0x0000f4f2        0xf contiki-sky.a(ctimer.o)
 .rodata        0x0000f501        0xc contiki-sky.a(etimer.o)
 *fill*         0x0000f50d        0x3 00
 .rodata.uip_process
                0x0000f510       0x20 contiki-sky.a(uip6.o)
 .rodata        0x0000f530       0x24 contiki-sky.a(sicslowpan.o)
                0x0000f53c                sicslowpan_driver
                0x0000f542                llprefix
                0x0000f544                unc_mxconf
                0x0000f548                unc_ctxconf
                0x0000f54c                unc_llconf
 .rodata        0x0000f554       0x28 contiki-sky.a(uip-debug.o)
 .rodata        0x0000f57c        0xd contiki-sky.a(tcpip.o)
 *fill*         0x0000f589        0x1 00
 .rodata        0x0000f58a       0x14 contiki-sky.a(csma.o)
                0x0000f590                csma_driver
 .rodata        0x0000f59e        0x6 contiki-sky.a(framer-802154.o)
                0x0000f59e                framer_802154
 .rodata        0x0000f5a4       0x18 contiki-sky.a(nullrdc.o)
                0x0000f5ac                nullrdc_driver
 .rodata        0x0000f5bc        0x8 contiki-sky.a(linkaddr.o)
                0x0000f5bc                linkaddr_null
 .rodata        0x0000f5c4       0x10 contiki-sky.a(nullsec.o)
                0x0000f5cc                nullsec_driver
 .rodata        0x0000f5d4       0xd4 contiki-sky.a(uip-icmp6.o)
 .rodata        0x0000f6a8        0x2 contiki-sky.a(frame802154.o)
 .rodata.vuprintf
                0x0000f6aa        0x7 /usr/local/bin/../lib/gcc/msp430/4.7.2/../../../../msp430/lib/mmpy-16/libc.a(vuprintf.o)
 *(.near.rodata .near.rodata.*)
                0x0000f6b2                . = ALIGN (0x2)
                0x0000f6b2                _etext = .

.data           0x00001100       0xf0 load address 0x0000f6b2
                0x00001100                . = ALIGN (0x2)
                0x00001100                __data_start = .
 *(.data .data.* .gnu.linkonce.d.*)
 .data          0x00001100        0xa udp-echo-server.co
                0x00001100                udp_echo_server_process
 .data          0x0000110a        0x4 contiki-sky.a(contiki-sky-pla)
                0x0000110a                sensors
 .data          0x0000110e        0xa contiki-sky.a(sensors.o)
                0x0000110e                sensors_process
 .data          0x00001118        0xc contiki-sky.a(cc2420.o)
                0x00001118                cc2420_process
 .data          0x00001124        0x2 contiki-sky.a(msp430.o)
 .data          0x00001126        0xa contiki-sky.a(ctimer.o)
                0x00001126                ctimer_process
 .data          0x00001130        0xa contiki-sky.a(etimer.o)
                0x00001130                etimer_process
 .data          0x0000113a       0x22 contiki-sky.a(uip-ds6-route.o)
                0x0000113a                nbr_routes
 .data          0x0000115c        0xa contiki-sky.a(uip-ds6-nbr.o)
                0x0000115c                ds6_neighbors
 .data          0x00001166        0xa contiki-sky.a(tcpip.o)
                0x00001166                tcpip_process
 .data          0x00001170        0xa contiki-sky.a(rpl-dag.o)
                0x00001170                rpl_parents
 .data          0x0000117a       0x12 contiki-sky.a(rpl-mrhof.o)
                0x0000117a                rpl_mrhof
 .data          0x0000118c       0x1a contiki-sky.a(rpl-icmp6.o)
 .data          0x000011a6       0x18 contiki-sky.a(csma.o)
 .data          0x000011be       0x10 contiki-sky.a(queuebuf.o)
 .data          0x000011ce        0x8 contiki-sky.a(nbr-table.o)
 .data          0x000011d6        0x8 contiki-sky.a(link-stats.o)
 .data          0x000011de        0xc contiki-sky.a(uip-icmp6.o)
 .data          0x000011ea        0x2 contiki-sky.a(frame802154.o)
 .data.next     0x000011ec        0x4 /usr/local/bin/../lib/gcc/msp430/4.7.2/../../../../msp430/lib/mmpy-16/libc.a(rand.o)
 *(.near.data .near.data.*)
                0x000011f0                . = ALIGN (0x2)
                0x000011f0                _edata = .
                0x0000f6b2                __data_load_start = LOADADDR (.data)
                0x000000f0                __data_size = SIZEOF (.data)

.bss            0x000011f0     0x1c0e load address 0x0000f7a2
                0x000011f0                __bss_start = .
 *(.bss .bss.*)
 .bss           0x000011f0      0x1b8 udp-echo-server.co
 .bss           0x000013a8        0xc obj_sky/contiki-sky-main.o
 .bss           0x000013b4        0x8 contiki-sky.a(button-sensor.o)
 .bss           0x000013bc        0x2 contiki-sky.a(node-id.o)
                0x000013bc                node_id
 .bss           0x000013be        0x6 contiki-sky.a(sensors.o)
 .bss           0x000013c4        0xa contiki-sky.a(cc2420.o)
 .bss           0x000013ce       0x9a contiki-sky.a(uart1.o)
 .bss           0x00001468        0xa contiki-sky.a(clock.o)
 .bss           0x00001472        0x1 contiki-sky.a(leds.o)
 *fill*         0x00001473        0x1 00
 .bss           0x00001474        0x2 contiki-sky.a(watchdog.o)
 .bss           0x00001476        0x4 contiki-sky.a(ctimer.o)
 .bss           0x0000147a        0x6 contiki-sky.a(etimer.o)
 .bss           0x00001480       0x38 contiki-sky.a(process.o)
                0x00001480                process_current
                0x00001482                process_list
 .bss           0x000014b8        0x2 contiki-sky.a(rtimer.o)
 .bss           0x000014ba       0x18 contiki-sky.a(uip-ds6.o)
 .bss           0x000014d2      0x1e6 contiki-sky.a(uip-ds6-route.o)
 .bss           0x000016b8        0xa contiki-sky.a(uip6.o)
                0x000016b8                uip_ext_opt_offset
                0x000016b9                uip_ext_len
                0x000016ba                uip_ext_bitmap
 .bss           0x000016c2       0xb4 contiki-sky.a(uip-ds6-nbr.o)
 .bss           0x00001776      0x6e6 contiki-sky.a(sicslowpan.o)
 .bss           0x00001e5c       0x30 contiki-sky.a(tcpip.o)
 .bss           0x00001e8c       0x3c contiki-sky.a(rpl-dag.o)
 .bss           0x00001ec8       0x18 contiki-sky.a(rpl-timers.o)
 .bss           0x00001ee0        0x2 contiki-sky.a(rpl.o)
 .bss           0x00001ee2       0xc0 contiki-sky.a(csma.o)
 .bss           0x00001fa2        0x2 contiki-sky.a(framer-802154.o)
 .bss           0x00001fa4      0x5a0 contiki-sky.a(queuebuf.o)
 .bss           0x00002544       0x96 contiki-sky.a(nbr-table.o)
 .bss           0x000025da       0x86 contiki-sky.a(packetbuf.o)
 .bss           0x00002660       0x64 contiki-sky.a(link-stats.o)
 .bss           0x000026c4       0x14 contiki-sky.a(uip-icmp6.o)
 .bss           0x000026d8       0x20 contiki-sky.a(rpl-nbr-policy.)
 .bss           0x000026f8       0xe0 contiki-sky.a(mac-sequence.o)
 .bss.destination_
                0x000027d8        0x2 /usr/local/bin/../lib/gcc/msp430/4.7.2/../../../../msp430/lib/mmpy-16/libc.a(sprintf.o)
 .bss.available_
                0x000027da        0x2 /usr/local/bin/../lib/gcc/msp430/4.7.2/../../../../msp430/lib/mmpy-16/libc.a(sprintf.o)
 *(.near.bss .near.bss.*)
 *(COMMON)
 COMMON         0x000027dc        0x2 contiki-sky.a(contiki-sky-pla)
                0x000027dc                sensors_flags
 COMMON         0x000027de        0x8 contiki-sky.a(ds2411.o)
                0x000027de                ds2411_id
 COMMON         0x000027e6        0x1 contiki-sky.a(sensors.o)
                0x000027e6                sensors_event
 *fill*         0x000027e7        0x1 00
 COMMON         0x000027e8       0x10 contiki-sky.a(cc2420.o)
                0x000027e8                cc2420_last_rssi
                0x000027ea                cc2420_sfd_start_time
                0x000027ec                cc2420_time_of_departure
                0x000027ee                cc2420_time_of_arrival
                0x000027f0                cc2420_last_correlation
                0x000027f2                cc2420_authority_level_of_sender
                0x000027f4                cc2420_sfd_counter
                0x000027f6                cc2420_sfd_end_time
 COMMON         0x000027f8        0x2 contiki-sky.a(msp430.o)
                0x000027f8                msp430_dco_required
 COMMON         0x000027fa       0x56 contiki-sky.a(energest.o)
                0x000027fa                energest_total_time
                0x0000282a                energest_total_count
                0x0000282c                energest_current_mode
                0x00002838                energest_current_time
 COMMON         0x00002850        0x1 contiki-sky.a(process.o)
                0x00002850                process_maxevents
 *fill*         0x00002851        0x1 00
 COMMON         0x00002852      0x15c contiki-sky.a(uip-ds6.o)
                0x00002852                uip_ds6_timer_ra
                0x0000285a                uip_ds6_if
                0x00002946                uip_ds6_netif_addr_list_offset
                0x00002947                uip_ds6_addr_size
                0x00002948                uip_ds6_prefix_list
                0x000029a2                uip_ds6_timer_periodic
 COMMON         0x000029ae      0x304 contiki-sky.a(uip6.o)
                0x000029ae                uip_len
                0x000029b0                uip_sappdata
                0x000029b2                uip_acc32
                0x000029b6                uip_lladdr
                0x000029be                uip_aligned_buf
                0x00002aae                uip_flags
                0x00002ab0                uip_next_hdr
                0x00002ab2                uip_udp_conn
                0x00002ab4                uip_appdata
                0x00002ab6                uip_conn
                0x00002ab8                uip_conns
                0x00002b68                uip_listenports
                0x00002b78                uip_slen
                0x00002b7a                uip_udp_conns
 COMMON         0x00002cb2        0x1 contiki-sky.a(tcpip.o)
                0x00002cb2                tcpip_event
 *fill*         0x00002cb3        0x1 00
 COMMON         0x00002cb4      0x100 contiki-sky.a(rpl-dag.o)
                0x00002cb4                default_instance
                0x00002cb6                instance_table
 COMMON         0x00002db4       0x2e contiki-sky.a(packetbuf.o)
                0x00002db4                packetbuf_addrs
                0x00002dc4                packetbuf_attrs
 COMMON         0x00002de2        0x8 contiki-sky.a(linkaddr.o)
                0x00002de2                linkaddr_node_addr
 COMMON         0x00002dea       0x14 contiki-sky.a(link-stats.o)
                0x00002dea                periodic_timer
                0x00002dfe                . = ALIGN (0x2)
                0x00002dfe                __bss_end = .
                0x00001c0e                __bss_size = SIZEOF (.bss)

.noinit         0x00002dfe        0x2 load address 0x0000f7a2
                0x00002dfe                . = ALIGN (0x2)
                0x00002dfe                __noinit_start = .
 *(.noinit .noinit.*)
 .noinit.crt0   0x00002dfe        0x2 /usr/local/bin/../lib/gcc/msp430/4.7.2/mmpy-16/libcrt0.a(__watchdog_support.o)
                0x00002dfe                __wdt_clear_value
                0x00002e00                . = ALIGN (0x2)
                0x00002e00                __noinit_end = .
                0x00002e00                . = ALIGN (0x2)
                0x00002e00                _end = .

.infomem        0x00001000        0x0
                0x00001000                . = ALIGN (0x2)
 *(.infomem .infomem.*)

.infomemnobits  0x00001000        0x0
                0x00001000                . = ALIGN (0x2)
 *(.infomemnobits .infomemnobits.*)

.infoa          0x00001080        0x0
                0x00001080                . = ALIGN (0x2)
 *(.infoa .infoa.*)

.infob          0x00001000        0x0
                0x00001000                . = ALIGN (0x2)
 *(.infob .infob.*)

.infoc          0x00000000        0x0
                0x00000000                . = ALIGN (0x2)
 *(.infoc .infoc.*)

.infod          0x00000000        0x0
                0x00000000                . = ALIGN (0x2)
 *(.infod .infod.*)
                0x0000ffff                PROVIDE (__vte_0, 0xffff)
                0x0000ffff                PROVIDE (__vte_1, 0xffff)
                0x0000ffff                PROVIDE (__vte_2, 0xffff)
                0x0000ffff                PROVIDE (__vte_3, 0xffff)
                0x0000ffff                PROVIDE (__vte_4, 0xffff)
                0x0000ffff                PROVIDE (__vte_5, 0xffff)
                0x0000ffff                PROVIDE (__vte_6, 0xffff)
                0x0000ffff                PROVIDE (__vte_7, 0xffff)
                0x0000ffff                PROVIDE (__vte_8, 0xffff)
                0x0000ffff                PROVIDE (__vte_9, 0xffff)
                0x0000ffff                PROVIDE (__vte_10, 0xffff)
                0x0000ffff                PROVIDE (__vte_11, 0xffff)
                0x0000ffff                PROVIDE (__vte_12, 0xffff)
                0x0000ffff                PROVIDE (__vte_13, 0xffff)
                0x0000ffff                PROVIDE (__vte_14, 0xffff)
                0x0000ffff                PROVIDE (__vte_15, 0xffff)
                0x0000ffff                PROVIDE (__vte_16, 0xffff)
                0x0000ffff                PROVIDE (__vte_17, 0xffff)
                0x0000ffff                PROVIDE (__vte_18, 0xffff)
                0x0000ffff                PROVIDE (__vte_19, 0xffff)
                0x0000ffff                PROVIDE (__vte_20, 0xffff)
                0x0000ffff                PROVIDE (__vte_21, 0xffff)
                0x0000ffff                PROVIDE (__vte_22, 0xffff)
                0x0000ffff                PROVIDE (__vte_23, 0xffff)
                0x0000ffff                PROVIDE (__vte_24, 0xffff)
                0x0000ffff                PROVIDE (__vte_25, 0xffff)
                0x0000ffff                PROVIDE (__vte_26, 0xffff)
                0x0000ffff                PROVIDE (__vte_27, 0xffff)
                0x0000ffff                PROVIDE (__vte_28, 0xffff)
                0x0000ffff                PROVIDE (__vte_29, 0xffff)
                0x0000ffff                PROVIDE (__vte_30, 0xffff)
                0x0000ffff                PROVIDE (__vte_31, 0xffff)

.vectors        0x0000ffe0       0x20
                0x0000ffe0                __vectors_start = .
 *(.vectors*)
 .vectors       0x0000ffe0       0x20 /usr/local/bin/../lib/gcc/msp430/4.7.2/mmpy-16/crt0ivtbl16.o
                0x0000ffe0                __ivtbl_16
                0x00010000                _vectors_end = .

.fartext        0x00000000        0x0
                0x00000000                . = ALIGN (0x2)
 *(.fartext .fartext.*)

.far.text       0x00000000        0x0
                0x00000000                . = ALIGN (0x2)
 *(.far.text .far.text.*)

.far.rodata     0x00000000        0x0
                0x00000000                . = ALIGN (0x2)
 *(.far.rodata .far.rodata.*)
                0x00000000                . = ALIGN (0x2)
                0x00000000                _efartext = .

.far.data       0x00000000        0x0
                0x00000000                . = ALIGN (0x2)
                0x00000000                __far_data_start = .
 *(.far.data .far.data.*)
                0x00000000                . = ALIGN (0x2)
                0x00000000                _efardata = .
                0x00000000                __far_data_load_start = LOADADDR (.far.data)
                0x00000000                __far_data_size = SIZEOF (.far.data)

.far.bss        0x00000000        0x0
                0x00000000                . = ALIGN (0x2)
                0x00000000                __far_bss_start = .
 *(.far.bss .far.bss.*)
                0x00000000                . = ALIGN (0x2)
                0x00000000                __far_bss_end = .
                0x00000000                __far_bss_size = SIZEOF (.far.bss)
                0x00000000                . = ALIGN (0x2)
                0x00000000                _far_end = .

.profiler
 *(.profiler)

.stab           0x00000000    0x29a00
 *(.stab)
 .stab          0x00000000     0x1c44 udp-echo-server.co
 .stab          0x00001c44     0x1338 obj_sky/contiki-sky-main.o
                               0x1b18 (size before relaxing)
 .stab          0x00002f7c      0x258 contiki-sky.a(contiki-sky-pla)
                                0x5ac (size before relaxing)
 .stab          0x000031d4      0x468 contiki-sky.a(button-sensor.o)
                                0x7d4 (size before relaxing)
 .stab          0x0000363c      0x618 contiki-sky.a(ds2411.o)
                                0xb34 (size before relaxing)
 .stab          0x00003c54      0xb4c contiki-sky.a(xmem.o)
                                0xf00 (size before relaxing)
 .stab          0x000047a0      0x2b8 contiki-sky.a(node-id.o)
                                0x4e0 (size before relaxing)
 .stab          0x00004a58      0x69c contiki-sky.a(sensors.o)
                                0xbb8 (size before relaxing)
 .stab          0x000050f4     0x2850 contiki-sky.a(cc2420.o)
                               0x2f7c (size before relaxing)
 .stab          0x00007944      0x624 contiki-sky.a(cc2420-arch.o)
                               0x1728 (size before relaxing)
 .stab          0x00007f68      0x600 contiki-sky.a(uart1.o)
                                0x954 (size before relaxing)
 .stab          0x00008568      0x234 contiki-sky.a(uart1-putchar.o)
                                0x588 (size before relaxing)
 .stab          0x0000879c      0x72c contiki-sky.a(msp430.o)
                                0xa80 (size before relaxing)
 .stab          0x00008ec8      0x930 contiki-sky.a(clock.o)
                                0xc84 (size before relaxing)
 .stab          0x000097f8      0x5a0 contiki-sky.a(leds.o)
                                0x7ec (size before relaxing)
 .stab          0x00009d98      0x378 contiki-sky.a(leds-arch.o)
                                0x6cc (size before relaxing)
 .stab          0x0000a110      0x3cc contiki-sky.a(watchdog.o)
                                0x720 (size before relaxing)
 .stab          0x0000a4dc      0x3b4 contiki-sky.a(rtimer-arch.o)
                                0x708 (size before relaxing)
 .stab          0x0000a890      0x294 contiki-sky.a(autostart.o)
                                0x534 (size before relaxing)
 .stab          0x0000ab24      0x834 contiki-sky.a(ctimer.o)
                                0xba0 (size before relaxing)
 .stab          0x0000b358      0x474 contiki-sky.a(energest.o)
                                0x6fc (size before relaxing)
 .stab          0x0000b7cc      0xa80 contiki-sky.a(etimer.o)
                                0xd50 (size before relaxing)
 .stab          0x0000c24c      0xb94 contiki-sky.a(process.o)
                               0x102c (size before relaxing)
 .stab          0x0000cde0      0x3cc contiki-sky.a(rtimer.o)
                                0x6b4 (size before relaxing)
 .stab          0x0000d1ac      0x348 contiki-sky.a(timer.o)
                                0x588 (size before relaxing)
 .stab          0x0000d4f4      0x7bc contiki-sky.a(list.o)
                                0x7c8 (size before relaxing)
 .stab          0x0000dcb0      0x240 contiki-sky.a(random.o)
                                0x618 (size before relaxing)
 .stab          0x0000def0     0x14c4 contiki-sky.a(uip-ds6.o)
                               0x20f4 (size before relaxing)
 .stab          0x0000f3b4     0x12cc contiki-sky.a(uip-ds6-route.o)
                               0x1ee4 (size before relaxing)
 .stab          0x00010680     0x2a24 contiki-sky.a(uip6.o)
                               0x3720 (size before relaxing)
 .stab          0x000130a4      0xccc contiki-sky.a(uip-ds6-nbr.o)
                               0x159c (size before relaxing)
 .stab          0x00013d70      0x594 contiki-sky.a(uip-nd6.o)
                               0x1200 (size before relaxing)
 .stab          0x00014304     0x2b2c contiki-sky.a(sicslowpan.o)
                               0x3534 (size before relaxing)
 .stab          0x00016e30      0x3d8 contiki-sky.a(uip-debug.o)
                                0xbac (size before relaxing)
 .stab          0x00017208      0x42c contiki-sky.a(uip-udp-packet.)
                                0xc30 (size before relaxing)
 .stab          0x00017634     0x1218 contiki-sky.a(tcpip.o)
                               0x252c (size before relaxing)
 .stab          0x0001884c     0x366c contiki-sky.a(rpl-dag.o)
                               0x4320 (size before relaxing)
 .stab          0x0001beb8      0xf90 contiki-sky.a(rpl-timers.o)
                               0x1d64 (size before relaxing)
 .stab          0x0001ce48      0xa38 contiki-sky.a(rpl-ext-header.)
                               0x1848 (size before relaxing)
 .stab          0x0001d880      0xb40 contiki-sky.a(rpl.o)
                               0x195c (size before relaxing)
 .stab          0x0001e3c0      0x9e4 contiki-sky.a(rpl-mrhof.o)
                               0x17b8 (size before relaxing)
 .stab          0x0001eda4     0x1980 contiki-sky.a(rpl-icmp6.o)
                               0x27d8 (size before relaxing)
 .stab          0x00020724     0x111c contiki-sky.a(csma.o)
                               0x1644 (size before relaxing)
 .stab          0x00021840      0x1f8 contiki-sky.a(mac.o)
                                0x4ec (size before relaxing)
 .stab          0x00021a38      0x900 contiki-sky.a(framer-802154.o)
                                0xf0c (size before relaxing)
 .stab          0x00022338      0x948 contiki-sky.a(nullrdc.o)
                               0x1290 (size before relaxing)
 .stab          0x00022c80      0xa80 contiki-sky.a(queuebuf.o)
                               0x1b9c (size before relaxing)
 .stab          0x00023700     0x10f8 contiki-sky.a(nbr-table.o)
                               0x1a64 (size before relaxing)
 .stab          0x000247f8      0xc48 contiki-sky.a(packetbuf.o)
                               0x1d7c (size before relaxing)
 .stab          0x00025440      0x2ac contiki-sky.a(linkaddr.o)
                                0x6a8 (size before relaxing)
 .stab          0x000256ec      0x7bc contiki-sky.a(link-stats.o)
                               0x1188 (size before relaxing)
 .stab          0x00025ea8      0x39c contiki-sky.a(nullsec.o)
                                0xccc (size before relaxing)
 .stab          0x00026244      0x1f8 contiki-sky.a(spi.o)
                                0x420 (size before relaxing)
 .stab          0x0002643c      0x3b4 contiki-sky.a(stimer.o)
                                0x5f4 (size before relaxing)
 .stab          0x000267f0      0x5c4 contiki-sky.a(memb.o)