Archive member included to satisfy reference by file (symbol)

/usr/lib/gcc/arm-none-eabi/4.9.3/armv7-m/libgcc.a(_aeabi_uldivmod.o)
                              obj_cc2538dk/cc2538-rf.o (__aeabi_uldivmod)
/usr/lib/gcc/arm-none-eabi/4.9.3/armv7-m/libgcc.a(bpabi.o)
                              /usr/lib/gcc/arm-none-eabi/4.9.3/armv7-m/libgcc.a(_aeabi_uldivmod.o) (__gnu_uldivmod_helper)
/usr/lib/gcc/arm-none-eabi/4.9.3/armv7-m/libgcc.a(_dvmd_tls.o)
                              /usr/lib/gcc/arm-none-eabi/4.9.3/armv7-m/libgcc.a(_aeabi_uldivmod.o) (__aeabi_ldiv0)
/usr/lib/gcc/arm-none-eabi/4.9.3/armv7-m/libgcc.a(_divdi3.o)
                              /usr/lib/gcc/arm-none-eabi/4.9.3/armv7-m/libgcc.a(bpabi.o) (__divdi3)
/usr/lib/gcc/arm-none-eabi/4.9.3/armv7-m/libgcc.a(_udivdi3.o)
                              /usr/lib/gcc/arm-none-eabi/4.9.3/armv7-m/libgcc.a(bpabi.o) (__udivdi3)
/usr/lib/gcc/arm-none-eabi/4.9.3/../../../arm-none-eabi/lib/armv7-m/libc.a(lib_a-atoi.o)
                              udp-echo-server.co (atoi)
/usr/lib/gcc/arm-none-eabi/4.9.3/../../../arm-none-eabi/lib/armv7-m/libc.a(lib_a-ctype_.o)
                              obj_cc2538dk/resolv.o (__ctype_ptr__)
/usr/lib/gcc/arm-none-eabi/4.9.3/../../../arm-none-eabi/lib/armv7-m/libc.a(lib_a-memcmp.o)
                              obj_cc2538dk/slip.o (memcmp)
/usr/lib/gcc/arm-none-eabi/4.9.3/../../../arm-none-eabi/lib/armv7-m/libc.a(lib_a-memcpy.o)
                              obj_cc2538dk/dbg-snprintf.o (memcpy)
/usr/lib/gcc/arm-none-eabi/4.9.3/../../../arm-none-eabi/lib/armv7-m/libc.a(lib_a-memmove.o)
                              obj_cc2538dk/mmem.o (memmove)
/usr/lib/gcc/arm-none-eabi/4.9.3/../../../arm-none-eabi/lib/armv7-m/libc.a(lib_a-memset.o)
                              obj_cc2538dk/gpio.o (memset)
/usr/lib/gcc/arm-none-eabi/4.9.3/../../../arm-none-eabi/lib/armv7-m/libc.a(lib_a-reent.o)
                              obj_cc2538dk/syscalls.o (errno)
/usr/lib/gcc/arm-none-eabi/4.9.3/../../../arm-none-eabi/lib/armv7-m/libc.a(lib_a-sscanf.o)
                              udp-echo-server.co (sscanf)
/usr/lib/gcc/arm-none-eabi/4.9.3/../../../arm-none-eabi/lib/armv7-m/libc.a(lib_a-stdio.o)
                              /usr/lib/gcc/arm-none-eabi/4.9.3/../../../arm-none-eabi/lib/armv7-m/libc.a(lib_a-sscanf.o) (__seofread)
/usr/lib/gcc/arm-none-eabi/4.9.3/../../../arm-none-eabi/lib/armv7-m/libc.a(lib_a-strcasecmp.o)
                              obj_cc2538dk/resolv.o (strcasecmp)
/usr/lib/gcc/arm-none-eabi/4.9.3/../../../arm-none-eabi/lib/armv7-m/libc.a(lib_a-strcat.o)
                              obj_cc2538dk/resolv.o (strcat)
/usr/lib/gcc/arm-none-eabi/4.9.3/../../../arm-none-eabi/lib/armv7-m/libc.a(lib_a-strcmp.o)
                              obj_cc2538dk/cfs-coffee.o (strcmp)
/usr/lib/gcc/arm-none-eabi/4.9.3/../../../arm-none-eabi/lib/armv7-m/libc.a(lib_a-strcpy.o)
                              udp-echo-server.co (strcpy)
/usr/lib/gcc/arm-none-eabi/4.9.3/../../../arm-none-eabi/lib/armv7-m/libc.a(lib_a-strlen.o)
                              obj_cc2538dk/sensors.o (strlen)
/usr/lib/gcc/arm-none-eabi/4.9.3/../../../arm-none-eabi/lib/armv7-m/libc.a(lib_a-strncasecmp.o)
                              obj_cc2538dk/resolv.o (strncasecmp)
/usr/lib/gcc/arm-none-eabi/4.9.3/../../../arm-none-eabi/lib/armv7-m/libc.a(lib_a-strncat.o)
                              obj_cc2538dk/resolv.o (strncat)
/usr/lib/gcc/arm-none-eabi/4.9.3/../../../arm-none-eabi/lib/armv7-m/libc.a(lib_a-strncmp.o)
                              obj_cc2538dk/sensors.o (strncmp)
/usr/lib/gcc/arm-none-eabi/4.9.3/../../../arm-none-eabi/lib/armv7-m/libc.a(lib_a-strncpy.o)
                              obj_cc2538dk/cfs-coffee.o (strncpy)
/usr/lib/gcc/arm-none-eabi/4.9.3/../../../arm-none-eabi/lib/armv7-m/libc.a(lib_a-strstr.o)
                              udp-echo-server.co (strstr)
/usr/lib/gcc/arm-none-eabi/4.9.3/../../../arm-none-eabi/lib/armv7-m/libc.a(lib_a-strtol.o)
                              /usr/lib/gcc/arm-none-eabi/4.9.3/../../../arm-none-eabi/lib/armv7-m/libc.a(lib_a-atoi.o) (_strtol_r)
/usr/lib/gcc/arm-none-eabi/4.9.3/../../../arm-none-eabi/lib/armv7-m/libc.a(lib_a-svfscanf.o)
                              /usr/lib/gcc/arm-none-eabi/4.9.3/../../../arm-none-eabi/lib/armv7-m/libc.a(lib_a-sscanf.o) (__ssvfscanf_r)
/usr/lib/gcc/arm-none-eabi/4.9.3/../../../arm-none-eabi/lib/armv7-m/libc.a(lib_a-writer.o)
                              /usr/lib/gcc/arm-none-eabi/4.9.3/../../../arm-none-eabi/lib/armv7-m/libc.a(lib_a-stdio.o) (_write_r)
/usr/lib/gcc/arm-none-eabi/4.9.3/../../../arm-none-eabi/lib/armv7-m/libc.a(lib_a-closer.o)
                              /usr/lib/gcc/arm-none-eabi/4.9.3/../../../arm-none-eabi/lib/armv7-m/libc.a(lib_a-stdio.o) (_close_r)
/usr/lib/gcc/arm-none-eabi/4.9.3/../../../arm-none-eabi/lib/armv7-m/libc.a(lib_a-freer.o)
                              /usr/lib/gcc/arm-none-eabi/4.9.3/../../../arm-none-eabi/lib/armv7-m/libc.a(lib_a-reent.o) (_free_r)
[...]
Memory Configuration

Name             Origin             Length             Attributes
FLASH_FW         0x00200000         0x0007ffd4         xr
FLASH_CCA        0x0027ffd4         0x0000002c         xr
NRSRAM           0x20000000         0x00000000         xrw
FRSRAM           0x20000000         0x00008000         xrw
*default*        0x00000000         0xffffffff

Linker script and memory map

LOAD obj_cc2538dk/startup-gcc.o
LOAD obj_cc2538dk/leds.o
LOAD obj_cc2538dk/leds-arch.o
LOAD obj_cc2538dk/contiki-main.o
LOAD obj_cc2538dk/sensors.o
LOAD obj_cc2538dk/smartrf-sensors.o
LOAD obj_cc2538dk/button-sensor.o
LOAD obj_cc2538dk/als-sensor.o
LOAD obj_cc2538dk/soc.o
LOAD obj_cc2538dk/clock.o
LOAD obj_cc2538dk/rtimer-arch.o
LOAD obj_cc2538dk/uart.o
LOAD obj_cc2538dk/watchdog.o
LOAD obj_cc2538dk/nvic.o
LOAD obj_cc2538dk/sys-ctrl.o
LOAD obj_cc2538dk/gpio.o
LOAD obj_cc2538dk/ioc.o
LOAD obj_cc2538dk/spi.o
LOAD obj_cc2538dk/adc.o
LOAD obj_cc2538dk/crypto.o
LOAD obj_cc2538dk/aes.o
LOAD obj_cc2538dk/ecb.o
LOAD obj_cc2538dk/cbc.o
LOAD obj_cc2538dk/ctr.o
LOAD obj_cc2538dk/cbc-mac.o
LOAD obj_cc2538dk/gcm.o
LOAD obj_cc2538dk/ccm.o
LOAD obj_cc2538dk/sha256.o
LOAD obj_cc2538dk/cc2538-aes-128.o
LOAD obj_cc2538dk/cc2538-ccm-star.o
LOAD obj_cc2538dk/cc2538-rf.o
LOAD obj_cc2538dk/udma.o
LOAD obj_cc2538dk/lpm.o
LOAD obj_cc2538dk/pka.o
LOAD obj_cc2538dk/bignum-driver.o
LOAD obj_cc2538dk/ecc-driver.o
LOAD obj_cc2538dk/ecc-algorithm.o
LOAD obj_cc2538dk/ecc-curve.o
LOAD obj_cc2538dk/dbg.o
LOAD obj_cc2538dk/ieee-addr.o
LOAD obj_cc2538dk/slip-arch.o
LOAD obj_cc2538dk/slip.o
LOAD obj_cc2538dk/i2c.o
LOAD obj_cc2538dk/cc2538-temp-sensor.o
LOAD obj_cc2538dk/vdd3-sensor.o
LOAD obj_cc2538dk/cfs-coffee.o
LOAD obj_cc2538dk/cfs-coffee-arch.o
LOAD obj_cc2538dk/pwm.o
LOAD obj_cc2538dk/dbg-printf.o
LOAD obj_cc2538dk/dbg-snprintf.o
LOAD obj_cc2538dk/dbg-sprintf.o
LOAD obj_cc2538dk/strformat.o
LOAD obj_cc2538dk/usb-core.o
LOAD obj_cc2538dk/cdc-acm.o
LOAD obj_cc2538dk/usb-arch.o
LOAD obj_cc2538dk/usb-serial.o
LOAD obj_cc2538dk/cdc-acm-descriptors.o
LOAD obj_cc2538dk/autostart.o
LOAD obj_cc2538dk/ctimer.o
LOAD obj_cc2538dk/energest.o
LOAD obj_cc2538dk/arg.o
LOAD obj_cc2538dk/stimer.o
LOAD obj_cc2538dk/etimer.o
LOAD obj_cc2538dk/compower.o
LOAD obj_cc2538dk/process.o
LOAD obj_cc2538dk/rtimer.o
LOAD obj_cc2538dk/mt.o
LOAD obj_cc2538dk/procinit.o
LOAD obj_cc2538dk/timer.o
LOAD obj_cc2538dk/serial-line.o
LOAD obj_cc2538dk/nullradio.o
LOAD obj_cc2538dk/settings.o
LOAD obj_cc2538dk/crc16.o
LOAD obj_cc2538dk/me.o
LOAD obj_cc2538dk/ringbuf.o
LOAD obj_cc2538dk/mmem.o
LOAD obj_cc2538dk/me_tabs.o
LOAD obj_cc2538dk/ccm-star.o
LOAD obj_cc2538dk/ifft.o
LOAD obj_cc2538dk/ringbufindex.o
LOAD obj_cc2538dk/list.o
LOAD obj_cc2538dk/aes-128.o
LOAD obj_cc2538dk/trickle-timer.o
LOAD obj_cc2538dk/print-stats.o
LOAD obj_cc2538dk/memb.o
LOAD obj_cc2538dk/petsciiconv.o
LOAD obj_cc2538dk/gcr.o
LOAD obj_cc2538dk/random.o
LOAD obj_cc2538dk/assert.o
LOAD obj_cc2538dk/uip-icmp6.o
LOAD obj_cc2538dk/uip-ds6.o
LOAD obj_cc2538dk/uip-ds6-route.o
LOAD obj_cc2538dk/uip6.o
LOAD obj_cc2538dk/uip-ds6-nbr.o
LOAD obj_cc2538dk/uip-nd6.o
LOAD obj_cc2538dk/sicslowpan.o
LOAD obj_cc2538dk/slipdev.o
LOAD obj_cc2538dk/dhcpc.o
LOAD obj_cc2538dk/uip-packetqueue.o
LOAD obj_cc2538dk/tcp-socket.o
LOAD obj_cc2538dk/uip-debug.o
LOAD obj_cc2538dk/ip64-addr.o
LOAD obj_cc2538dk/uip-udp-packet.o
LOAD obj_cc2538dk/psock.o
LOAD obj_cc2538dk/tcpip.o
LOAD obj_cc2538dk/resolv.o
LOAD obj_cc2538dk/uip-nameserver.o
LOAD obj_cc2538dk/uip-split.o
LOAD obj_cc2538dk/udp-socket.o
LOAD obj_cc2538dk/simple-udp.o
LOAD obj_cc2538dk/uiplib.o
LOAD obj_cc2538dk/rpl-nbr-policy.o
LOAD obj_cc2538dk/rpl-of0.o
LOAD obj_cc2538dk/rpl-dag.o
LOAD obj_cc2538dk/rpl-timers.o
LOAD obj_cc2538dk/rpl-ext-header.o
LOAD obj_cc2538dk/rpl.o
LOAD obj_cc2538dk/rpl-mrhof.o
LOAD obj_cc2538dk/rpl-ns.o
LOAD obj_cc2538dk/rpl-icmp6.o
LOAD obj_cc2538dk/rpl-dag-root.o
LOAD obj_cc2538dk/syscalls.o
LOAD obj_cc2538dk/mtarch.o
LOAD obj_cc2538dk/queuebuf.o
LOAD obj_cc2538dk/nbr-table.o
LOAD obj_cc2538dk/packetbuf.o
LOAD obj_cc2538dk/netstack.o
LOAD obj_cc2538dk/linkaddr.o
LOAD obj_cc2538dk/net-debug.o
LOAD obj_cc2538dk/link-stats.o
LOAD obj_cc2538dk/framer-nullmac.o
LOAD obj_cc2538dk/nullmac.o
LOAD obj_cc2538dk/nullrdc-noframer.o
LOAD obj_cc2538dk/frame802154e-ie.o
LOAD obj_cc2538dk/mac-sequence.o
LOAD obj_cc2538dk/nordc.o
LOAD obj_cc2538dk/csma.o
LOAD obj_cc2538dk/frame802154.o
LOAD obj_cc2538dk/mac.o
LOAD obj_cc2538dk/framer-802154.o
LOAD obj_cc2538dk/phase.o
LOAD obj_cc2538dk/nullrdc.o
LOAD obj_cc2538dk/contikimac.o
LOAD obj_cc2538dk/contikimac-framer.o
LOAD obj_cc2538dk/nullsec.o
LOAD obj_cc2538dk/anti-replay.o
LOAD obj_cc2538dk/ccm-star-packetbuf.o
LOAD obj_cc2538dk/noncoresec.o
LOAD udp-echo-server.co
START GROUP
LOAD /usr/lib/gcc/arm-none-eabi/4.9.3/armv7-m/libgcc.a
LOAD /usr/lib/gcc/arm-none-eabi/4.9.3/../../../arm-none-eabi/lib/armv7-m/libc.a
END GROUP

.text           0x00200000    0x10e32
                0x00200000                _text = .
 *(SORT(.vectors))
 .vectors       0x00200000      0x28c obj_cc2538dk/startup-gcc.o
                0x00200000                vectors
 *(SORT(.text*))
 *fill*         0x0020028c        0x4 00000000
 .text._strtod_r
                0x00200290      0xf30 /usr/lib/gcc/arm-none-eabi/4.9.3/../../../arm-none-eabi/lib/armv7-m/libc.a(lib_a-strtod.o)
                0x00200290                _strtod_r
 .text.reset_handler
                0x002011c0       0x40 obj_cc2538dk/startup-gcc.o
                0x002011c0                reset_handler
 .text.leds_init
                0x00201200       0x14 obj_cc2538dk/leds.o
                0x00201200                leds_init
 .text.leds_on  0x00201214       0x10 obj_cc2538dk/leds.o
                0x00201214                leds_on
 .text.leds_off
                0x00201224       0x14 obj_cc2538dk/leds.o
                0x00201224                leds_off
 .text.leds_toggle
                0x00201238       0x10 obj_cc2538dk/leds.o
                0x00201238                leds_toggle
 .text.leds_arch_init
                0x00201248       0x10 obj_cc2538dk/leds-arch.o
                0x00201248                leds_arch_init
 .text.leds_arch_set
                0x00201258        0xc obj_cc2538dk/leds-arch.o
                0x00201258                leds_arch_set
 .text.startup.main
                0x00201264      0x1a8 obj_cc2538dk/contiki-main.o
                0x00201264                main
 .text.process_thread_sensors_process
                0x0020140c       0xd4 obj_cc2538dk/sensors.o
 .text.sensors_changed
                0x002014e0       0x38 obj_cc2538dk/sensors.o
                0x002014e0                sensors_changed
 .text.config_up
                0x00201518       0x34 obj_cc2538dk/button-sensor.o
 .text.btn_callback
                0x0020154c       0x64 obj_cc2538dk/button-sensor.o
 .text.config_down
                0x002015b0       0x34 obj_cc2538dk/button-sensor.o
 .text.config_select
                0x002015e4       0x34 obj_cc2538dk/button-sensor.o
 .text.config_left
                0x00201618       0x34 obj_cc2538dk/button-sensor.o
 .text.config_right
                0x0020164c       0x34 obj_cc2538dk/button-sensor.o
 .text.button_sensor_init
                0x00201680        0xc obj_cc2538dk/button-sensor.o
                0x00201680                button_sensor_init
 .text.value    0x0020168c       0x24 obj_cc2538dk/als-sensor.o
 .text.configure
                0x002016b0       0x54 obj_cc2538dk/als-sensor.o
 .text.soc_get_rev
                0x00201704       0x18 obj_cc2538dk/soc.o
                0x00201704                soc_get_rev
 .text.soc_get_sram_size
                0x0020171c       0x1c obj_cc2538dk/soc.o
                0x0020171c                soc_get_sram_size
 .text.soc_print_info
                0x00201738       0x70 obj_cc2538dk/soc.o
                0x00201738                soc_print_info
 .text.update_ticks
                0x002017a8       0x4c obj_cc2538dk/clock.o
 .text.clock_init
                0x002017f4       0x4c obj_cc2538dk/clock.o
                0x002017f4                clock_init
 .text.clock_time
                0x00201840       0x14 obj_cc2538dk/clock.o
                0x00201840                clock_time
 .text.clock_seconds
                0x00201854       0x14 obj_cc2538dk/clock.o
                0x00201854                clock_seconds
 .text.clock_delay_usec
                0x00201868       0x1c obj_cc2538dk/clock.o
                0x00201868                clock_delay_usec
 .text.clock_adjust
                0x00201884       0x20 obj_cc2538dk/clock.o
                0x00201884                clock_adjust
 .text.rtimer_arch_next_trigger
                0x002018a4        0xc obj_cc2538dk/rtimer-arch.o
                0x002018a4                rtimer_arch_next_trigger
 .text.rtimer_arch_now
                0x002018b0       0x2c obj_cc2538dk/rtimer-arch.o
                0x002018b0                rtimer_arch_now
 .text.rtimer_arch_schedule
                0x002018dc       0x58 obj_cc2538dk/rtimer-arch.o
                0x002018dc                rtimer_arch_schedule
 .text.rtimer_isr
                0x00201934       0x2c obj_cc2538dk/rtimer-arch.o
                0x00201934                rtimer_isr
 .text.permit_pm1
                0x00201960       0x24 obj_cc2538dk/uart.o
 .text.uart_isr
                0x00201984       0x64 obj_cc2538dk/uart.o
 .text.uart_init
                0x002019e8      0x1b8 obj_cc2538dk/uart.o
                0x002019e8                uart_init
 .text.uart_set_input
                0x00201ba0       0x10 obj_cc2538dk/uart.o
                0x00201ba0                uart_set_input
 .text.uart_write_byte
                0x00201bb0       0x1c obj_cc2538dk/uart.o
                0x00201bb0                uart_write_byte
 .text.watchdog_init
                0x00201bcc        0xc obj_cc2538dk/watchdog.o
                0x00201bcc                watchdog_init
 .text.watchdog_start
                0x00201bd8        0xc obj_cc2538dk/watchdog.o
                0x00201bd8                watchdog_start
 .text.watchdog_periodic
                0x00201be4       0x10 obj_cc2538dk/watchdog.o
                0x00201be4                watchdog_periodic
 .text.nvic_init
                0x00201bf4       0x10 obj_cc2538dk/nvic.o
                0x00201bf4                nvic_init
 .text.sys_ctrl_get_reset_cause
                0x00201c04       0x10 obj_cc2538dk/sys-ctrl.o
                0x00201c04                sys_ctrl_get_reset_cause
 .text.sys_ctrl_get_reset_cause_str
                0x00201c14       0x14 obj_cc2538dk/sys-ctrl.o
                0x00201c14                sys_ctrl_get_reset_cause_str
 .text.sys_ctrl_init
                0x00201c28       0x74 obj_cc2538dk/sys-ctrl.o
                0x00201c28                sys_ctrl_init
 .text.sys_ctrl_get_sys_clock
                0x00201c9c       0x18 obj_cc2538dk/sys-ctrl.o
                0x00201c9c                sys_ctrl_get_sys_clock
 .text.sys_ctrl_get_io_clock
                0x00201cb4       0x18 obj_cc2538dk/sys-ctrl.o
                0x00201cb4                sys_ctrl_get_io_clock
 .text.gpio_register_callback
                0x00201ccc       0x10 obj_cc2538dk/gpio.o
                0x00201ccc                gpio_register_callback
 .text.notify   0x00201cdc       0x30 obj_cc2538dk/gpio.o
                0x00201cdc                notify
 .text.gpio_port_isr
                0x00201d0c       0x50 obj_cc2538dk/gpio.o
 .text.gpio_init
                0x00201d5c       0x10 obj_cc2538dk/gpio.o
                0x00201d5c                gpio_init
 .text.ioc_init
                0x00201d6c       0x1c obj_cc2538dk/ioc.o
                0x00201d6c                ioc_init
 .text.ioc_set_over
                0x00201d88       0x14 obj_cc2538dk/ioc.o
                0x00201d88                ioc_set_over
 .text.ioc_set_sel
                0x00201d9c       0x14 obj_cc2538dk/ioc.o
                0x00201d9c                ioc_set_sel
 .text.adc_init
                0x00201db0       0x10 obj_cc2538dk/adc.o
                0x00201db0                adc_init
 .text.adc_get  0x00201dc0       0x78 obj_cc2538dk/adc.o
                0x00201dc0                adc_get
 .text.permit_pm1
                0x00201e38       0x10 obj_cc2538dk/crypto.o
 .text.crypto_isr
                0x00201e48       0x28 obj_cc2538dk/crypto.o
                0x00201e48                crypto_isr
 .text.crypto_enable
                0x00201e70       0x20 obj_cc2538dk/crypto.o
                0x00201e70                crypto_enable
 .text.crypto_init
                0x00201e90       0x3c obj_cc2538dk/crypto.o
                0x00201e90                crypto_init
 .text.crypto_disable
                0x00201ecc       0x20 obj_cc2538dk/crypto.o
                0x00201ecc                crypto_disable
 .text.on       0x00201eec       0x2c obj_cc2538dk/cc2538-rf.o
 .text.off      0x00201f18       0x40 obj_cc2538dk/cc2538-rf.o
 .text.set_channel
                0x00201f58       0x48 obj_cc2538dk/cc2538-rf.o
 .text.channel_clear
                0x00201fa0       0x3c obj_cc2538dk/cc2538-rf.o
 .text.receiving_packet
                0x00201fdc       0x18 obj_cc2538dk/cc2538-rf.o
 .text.pending_packet
                0x00201ff4       0x10 obj_cc2538dk/cc2538-rf.o
 .text.get_value
                0x00202004      0x164 obj_cc2538dk/cc2538-rf.o
 .text.prepare  0x00202168       0x64 obj_cc2538dk/cc2538-rf.o
 .text.transmit
                0x002021cc       0x98 obj_cc2538dk/cc2538-rf.o
 .text.set_frame_filtering
                0x00202264       0x18 obj_cc2538dk/cc2538-rf.o
 .text.set_object
                0x0020227c       0x30 obj_cc2538dk/cc2538-rf.o
 .text.read     0x002022ac       0xe4 obj_cc2538dk/cc2538-rf.o
 .text.get_object
                0x00202390      0x144 obj_cc2538dk/cc2538-rf.o
 .text.set_poll_mode
                0x002024d4       0x9c obj_cc2538dk/cc2538-rf.o
 .text.set_value
                0x00202570       0xe8 obj_cc2538dk/cc2538-rf.o
 .text.init     0x00202658       0xc8 obj_cc2538dk/cc2538-rf.o
 .text.process_thread_cc2538_rf_process
                0x00202720       0x90 obj_cc2538dk/cc2538-rf.o
 .text.cc2538_rf_rx_tx_isr
                0x002027b0       0x24 obj_cc2538dk/cc2538-rf.o
                0x002027b0                cc2538_rf_rx_tx_isr
 .text.cc2538_rf_err_isr
                0x002027d4       0x28 obj_cc2538dk/cc2538-rf.o
                0x002027d4                cc2538_rf_err_isr
 .text.udma_init
                0x002027fc       0x34 obj_cc2538dk/udma.o
                0x002027fc                udma_init
 .text.udma_set_channel_src
                0x00202830       0x10 obj_cc2538dk/udma.o
                0x00202830                udma_set_channel_src
 .text.udma_set_channel_dst
                0x00202840       0x14 obj_cc2538dk/udma.o
                0x00202840                udma_set_channel_dst
 .text.udma_set_channel_control_word
                0x00202854       0x14 obj_cc2538dk/udma.o
                0x00202854                udma_set_channel_control_word
 .text.udma_channel_enable
                0x00202868       0x18 obj_cc2538dk/udma.o
                0x00202868                udma_channel_enable
 .text.udma_channel_mask_set
                0x00202880       0x18 obj_cc2538dk/udma.o
                0x00202880                udma_channel_mask_set
 .text.udma_channel_sw_request
                0x00202898       0x18 obj_cc2538dk/udma.o
                0x00202898                udma_channel_sw_request
 .text.udma_channel_get_mode
                0x002028b0       0x1c obj_cc2538dk/udma.o
                0x002028b0                udma_channel_get_mode
 .text.udma_isr
                0x002028cc       0x10 obj_cc2538dk/udma.o
                0x002028cc                udma_isr
 .text.udma_err_isr
                0x002028dc        0xc obj_cc2538dk/udma.o
                0x002028dc                udma_err_isr
 .text.select_32_mhz_xosc
                0x002028e8       0x2c obj_cc2538dk/lpm.o
 .text.lpm_exit
                0x00202914       0x34 obj_cc2538dk/lpm.o
                0x00202914                lpm_exit
 .text.lpm_enter
                0x00202948       0xb0 obj_cc2538dk/lpm.o
                0x00202948                lpm_enter
 .text.lpm_register_peripheral
                0x002029f8       0x20 obj_cc2538dk/lpm.o
                0x002029f8                lpm_register_peripheral
 .text.lpm_init
                0x00202a18       0x24 obj_cc2538dk/lpm.o
                0x00202a18                lpm_init
 .text.pka_isr  0x00202a3c       0x28 obj_cc2538dk/pka.o
                0x00202a3c                pka_isr
 .text.ieee_addr_cpy_to
                0x00202a64       0x74 obj_cc2538dk/ieee-addr.o
                0x00202a64                ieee_addr_cpy_to
 .text.printf   0x00202ad8       0x20 obj_cc2538dk/dbg-printf.o
                0x00202ad8                printf
 .text.sprintf  0x00202af8       0x30 obj_cc2538dk/dbg-sprintf.o
                0x00202af8                sprintf
 .text.fill_space
                0x00202b28       0x34 obj_cc2538dk/strformat.o
 .text.format_str_v
                0x00202b5c      0x6e8 obj_cc2538dk/strformat.o
                0x00202b5c                format_str_v
 .text.process_thread_ctimer_process
                0x00203244       0x80 obj_cc2538dk/ctimer.o
 .text.ctimer_init
                0x002032c4       0x28 obj_cc2538dk/ctimer.o
                0x002032c4                ctimer_init
 .text.ctimer_set_with_process
                0x002032ec       0x44 obj_cc2538dk/ctimer.o
                0x002032ec                ctimer_set_with_process
 .text.ctimer_set
                0x00203330       0x14 obj_cc2538dk/ctimer.o
                0x00203330                ctimer_set
 .text.ctimer_reset
                0x00203344       0x38 obj_cc2538dk/ctimer.o
                0x00203344                ctimer_reset
 .text.ctimer_restart
                0x0020337c       0x38 obj_cc2538dk/ctimer.o
                0x0020337c                ctimer_restart
 .text.ctimer_stop
                0x002033b4       0x2c obj_cc2538dk/ctimer.o
                0x002033b4                ctimer_stop
 .text.stimer_expired
                0x002033e0       0x20 obj_cc2538dk/stimer.o
                0x002033e0                stimer_expired
 .text.update_time
                0x00203400       0x44 obj_cc2538dk/etimer.o
 .text.etimer_request_poll
                0x00203444        0xc obj_cc2538dk/etimer.o
                0x00203444                etimer_request_poll
 .text.process_thread_etimer_process
                0x00203450       0x94 obj_cc2538dk/etimer.o
 .text.add_timer
                0x002034e4       0x40 obj_cc2538dk/etimer.o
 .text.etimer_pending
                0x00203524       0x10 obj_cc2538dk/etimer.o
                0x00203524                etimer_pending
 .text.etimer_stop
                0x00203534       0x34 obj_cc2538dk/etimer.o
                0x00203534                etimer_stop
 .text.call_process.part.0
                0x00203568       0x38 obj_cc2538dk/process.o
 .text.exit_process
                0x002035a0       0x80 obj_cc2538dk/process.o
 .text.do_poll  0x00203620       0x30 obj_cc2538dk/process.o
 .text.process_alloc_event
                0x00203650       0x10 obj_cc2538dk/process.o
                0x00203650                process_alloc_event
 .text.process_init
                0x00203660       0x30 obj_cc2538dk/process.o
                0x00203660                process_init
 .text.process_run
                0x00203690       0x84 obj_cc2538dk/process.o
                0x00203690                process_run
 .text.process_nevents
                0x00203714       0x14 obj_cc2538dk/process.o
                0x00203714                process_nevents
 .text.process_post
                0x00203728       0x3c obj_cc2538dk/process.o
                0x00203728                process_post
 .text.process_post_synch
                0x00203764       0x14 obj_cc2538dk/process.o
                0x00203764                process_post_synch
 .text.process_start
                0x00203778       0x30 obj_cc2538dk/process.o
                0x00203778                process_start
 .text.process_poll
                0x002037a8       0x18 obj_cc2538dk/process.o
                0x002037a8                process_poll
 .text.rtimer_run_next
                0x002037c0       0x28 obj_cc2538dk/rtimer.o
                0x002037c0                rtimer_run_next
 .text.process_thread_serial_line_process
                0x002037e8       0x98 obj_cc2538dk/serial-line.o
 .text.serial_line_input_byte
                0x00203880       0x44 obj_cc2538dk/serial-line.o
                0x00203880                serial_line_input_byte
 .text.serial_line_init
                0x002038c4       0x24 obj_cc2538dk/serial-line.o
                0x002038c4                serial_line_init
 .text.random_rand
                0x002038e8       0x20 obj_cc2538dk/random.o
                0x002038e8                random_rand
 .text.random_init
                0x00203908       0x78 obj_cc2538dk/random.o
                0x00203908                random_init
 .text.echo_reply_input
                0x00203980      0x140 obj_cc2538dk/uip-icmp6.o
 .text.echo_request_input
                0x00203ac0      0x224 obj_cc2538dk/uip-icmp6.o
 .text.uip_icmp6_input
                0x00203ce4       0x38 obj_cc2538dk/uip-icmp6.o
                0x00203ce4                uip_icmp6_input
 .text.uip_icmp6_register_input_handler
                0x00203d1c        0xc obj_cc2538dk/uip-icmp6.o
                0x00203d1c                uip_icmp6_register_input_handler
 .text.uip_icmp6_error_output
                0x00203d28      0x208 obj_cc2538dk/uip-icmp6.o
                0x00203d28                uip_icmp6_error_output
 .text.uip_icmp6_send
                0x00203f30       0x8c obj_cc2538dk/uip-icmp6.o
                0x00203f30                uip_icmp6_send
 .text.uip_icmp6_init
                0x00203fbc       0x1c obj_cc2538dk/uip-icmp6.o
                0x00203fbc                uip_icmp6_init
 .text.uip_ds6_prefix_add
                0x00203fd8       0x64 obj_cc2538dk/uip-ds6.o
                0x00203fd8                uip_ds6_prefix_add
 .text.uip_ds6_is_addr_onlink
                0x0020403c       0x40 obj_cc2538dk/uip-ds6.o
                0x0020403c                uip_ds6_is_addr_onlink
 .text.uip_ds6_addr_lookup
                0x0020407c       0x2c obj_cc2538dk/uip-ds6.o
                0x0020407c                uip_ds6_addr_lookup
 .text.uip_ds6_get_link_local
                0x002040a8       0x40 obj_cc2538dk/uip-ds6.o
                0x002040a8                uip_ds6_get_link_local
 .text.uip_ds6_maddr_add
                0x002040e8       0x4c obj_cc2538dk/uip-ds6.o
                0x002040e8                uip_ds6_maddr_add
 .text.uip_ds6_addr_add
                0x00204134       0x94 obj_cc2538dk/uip-ds6.o
                0x00204134                uip_ds6_addr_add
 .text.uip_ds6_maddr_lookup
                0x002041c8       0x2c obj_cc2538dk/uip-ds6.o
                0x002041c8                uip_ds6_maddr_lookup
 .text.uip_ds6_addr_rm
                0x002041f4       0x44 obj_cc2538dk/uip-ds6.o
                0x002041f4                uip_ds6_addr_rm
 .text.uip_ds6_periodic
                0x00204238       0x50 obj_cc2538dk/uip-ds6.o
                0x00204238                uip_ds6_periodic
 .text.uip_ds6_select_src
                0x00204288       0x94 obj_cc2538dk/uip-ds6.o
                0x00204288                uip_ds6_select_src
 .text.uip_ds6_compute_reachable_time
                0x0020431c       0x28 obj_cc2538dk/uip-ds6.o
                0x0020431c                uip_ds6_compute_reachable_time
 .text.uip_ds6_init
                0x00204344       0xe0 obj_cc2538dk/uip-ds6.o
                0x00204344                uip_ds6_init
 .text.call_route_callback
                0x00204424       0x48 obj_cc2538dk/uip-ds6-route.o
 .text.uip_ds6_route_init
                0x0020446c       0x4c obj_cc2538dk/uip-ds6-route.o
                0x0020446c                uip_ds6_route_init
 .text.uip_ds6_route_nexthop
                0x002044b8       0x20 obj_cc2538dk/uip-ds6-route.o
                0x002044b8                uip_ds6_route_nexthop
 .text.uip_ds6_route_head
                0x002044d8        0xc obj_cc2538dk/uip-ds6-route.o
                0x002044d8                uip_ds6_route_head
 .text.uip_ds6_route_is_nexthop
                0x002044e4       0x20 obj_cc2538dk/uip-ds6-route.o
                0x002044e4                uip_ds6_route_is_nexthop
 .text.uip_ds6_route_lookup
                0x00204504       0x64 obj_cc2538dk/uip-ds6-route.o
                0x00204504                uip_ds6_route_lookup
 .text.uip_ds6_route_rm
                0x00204568       0x9c obj_cc2538dk/uip-ds6-route.o
                0x00204568                uip_ds6_route_rm
 .text.rm_routelist
                0x00204604       0x30 obj_cc2538dk/uip-ds6-route.o
 .text.uip_ds6_route_add
                0x00204634      0x108 obj_cc2538dk/uip-ds6-route.o
                0x00204634                uip_ds6_route_add
 .text.uip_ds6_defrt_rm
                0x0020473c       0x44 obj_cc2538dk/uip-ds6-route.o
                0x0020473c                uip_ds6_defrt_rm
 .text.uip_ds6_defrt_lookup
                0x00204780       0x2c obj_cc2538dk/uip-ds6-route.o
                0x00204780                uip_ds6_defrt_lookup
 .text.uip_ds6_defrt_add
                0x002047ac       0x64 obj_cc2538dk/uip-ds6-route.o
                0x002047ac                uip_ds6_defrt_add
 .text.uip_ds6_defrt_choose
                0x00204810       0x30 obj_cc2538dk/uip-ds6-route.o
                0x00204810                uip_ds6_defrt_choose
 .text.uip_ds6_defrt_periodic
                0x00204840       0x30 obj_cc2538dk/uip-ds6-route.o
                0x00204840                uip_ds6_defrt_periodic
 .text.upper_layer_chksum
                0x00204870       0x54 obj_cc2538dk/uip6.o
 .text.ext_hdr_options_process
                0x002048c4       0xac obj_cc2538dk/uip6.o
 .text.uip_add32
                0x00204970       0x54 obj_cc2538dk/uip6.o
                0x00204970                uip_add32
 .text.unlikely.uip_add_rcv_nxt
                0x002049c4       0x2c obj_cc2538dk/uip6.o
 .text.uip_init
                0x002049f0       0x5c obj_cc2538dk/uip6.o
                0x002049f0                uip_init
 .text.remove_ext_hdr
                0x00204a4c       0x5c obj_cc2538dk/uip6.o
                0x00204a4c                remove_ext_hdr
 .text.uip_udp_new
                0x00204aa8       0x88 obj_cc2538dk/uip6.o
                0x00204aa8                uip_udp_new
 .text.uip_unlisten
                0x00204b30       0x20 obj_cc2538dk/uip6.o
                0x00204b30                uip_unlisten
 .text.uip_process
                0x00204b50      0xd64 obj_cc2538dk/uip6.o
                0x00204b50                uip_process
 .text.uip_ds6_nbr_rm
                0x002058b4       0x20 obj_cc2538dk/uip-ds6-nbr.o
                0x002058b4                uip_ds6_nbr_rm
 .text.uip_ds6_neighbors_init
                0x002058d4       0x1c obj_cc2538dk/uip-ds6-nbr.o
                0x002058d4                uip_ds6_neighbors_init
 .text.uip_ds6_nbr_add
                0x002058f0       0x68 obj_cc2538dk/uip-ds6-nbr.o
                0x002058f0                uip_ds6_nbr_add
 .text.uip_ds6_nbr_get_ll
                0x00205958       0x10 obj_cc2538dk/uip-ds6-nbr.o
                0x00205958                uip_ds6_nbr_get_ll
 .text.uip_ds6_nbr_lookup
                0x00205968       0x38 obj_cc2538dk/uip-ds6-nbr.o
                0x00205968                uip_ds6_nbr_lookup
 .text.uip_ds6_nbr_ll_lookup
                0x002059a0       0x10 obj_cc2538dk/uip-ds6-nbr.o
                0x002059a0                uip_ds6_nbr_ll_lookup
 .text.uip_ds6_link_neighbor_callback
                0x002059b0       0x34 obj_cc2538dk/uip-ds6-nbr.o
                0x002059b0                uip_ds6_link_neighbor_callback
 .text.uip_ds6_neighbor_periodic
                0x002059e4      0x104 obj_cc2538dk/uip-ds6-nbr.o
                0x002059e4                uip_ds6_neighbor_periodic
 .text.extract_lladdr_from_llao_aligned
                0x00205ae8       0x20 obj_cc2538dk/uip-nd6.o
 .text.na_input
                0x00205b08      0x190 obj_cc2538dk/uip-nd6.o
 .text.ns_input
                0x00205c98      0x264 obj_cc2538dk/uip-nd6.o
 .text.uip_nd6_ns_output
                0x00205efc      0x164 obj_cc2538dk/uip-nd6.o
                0x00205efc                uip_nd6_ns_output
 .text.uip_nd6_init
                0x00206060       0x1c obj_cc2538dk/uip-nd6.o
                0x00206060                uip_nd6_init
 .text.clear_fragments
                0x0020607c       0x3c obj_cc2538dk/sicslowpan.o
 .text.sicslowpan_init
                0x002060b8       0x24 obj_cc2538dk/sicslowpan.o
                0x002060b8                sicslowpan_init
 .text.compress_addr_64
                0x002060dc       0x90 obj_cc2538dk/sicslowpan.o
 .text.set_packet_attrs
                0x0020616c       0x44 obj_cc2538dk/sicslowpan.o
 .text.addr_context_lookup_by_prefix
                0x002061b0       0x28 obj_cc2538dk/sicslowpan.o
 .text.send_packet
                0x002061d8       0x24 obj_cc2538dk/sicslowpan.o
 .text.packet_sent
                0x002061fc       0x28 obj_cc2538dk/sicslowpan.o
 .text.store_fragment
                0x00206224       0x58 obj_cc2538dk/sicslowpan.o
 .text.uncompress_addr
                0x0020627c       0xa4 obj_cc2538dk/sicslowpan.o
 .text.output   0x00206320      0x6a0 obj_cc2538dk/sicslowpan.o
 .text.add_fragment
                0x002069c0      0x124 obj_cc2538dk/sicslowpan.o
 .text.input    0x00206ae4      0x5b0 obj_cc2538dk/sicslowpan.o
 .text.uip_debug_ipaddr_print
                0x00207094       0xa0 obj_cc2538dk/uip-debug.o
                0x00207094                uip_debug_ipaddr_print
 .text.uip_udp_packet_send
                0x00207134       0x38 obj_cc2538dk/uip-udp-packet.o
                0x00207134                uip_udp_packet_send
 .text.start_periodic_tcp_timer
                0x0020716c       0x1c obj_cc2538dk/tcpip.o
 .text.tcpip_output
                0x00207188       0x10 obj_cc2538dk/tcpip.o
                0x00207188                tcpip_output
 .text.tcpip_set_outputfunc
                0x00207198        0xc obj_cc2538dk/tcpip.o
                0x00207198                tcpip_set_outputfunc
 .text.udp_new  0x002071a4       0x18 obj_cc2538dk/tcpip.o
                0x002071a4                udp_new
 .text.tcpip_icmp6_call
                0x002071bc       0x28 obj_cc2538dk/tcpip.o
                0x002071bc                tcpip_icmp6_call
 .text.tcpip_input
                0x002071e4       0x24 obj_cc2538dk/tcpip.o
                0x002071e4                tcpip_input
 .text.tcpip_ipv6_output
                0x00207208      0x128 obj_cc2538dk/tcpip.o
                0x00207208                tcpip_ipv6_output
 .text.process_thread_tcpip_process
                0x00207330      0x1ac obj_cc2538dk/tcpip.o
 .text.tcpip_uipcall
                0x002074dc       0x68 obj_cc2538dk/tcpip.o
                0x002074dc                tcpip_uipcall
 .text.update_nbr
                0x00207544      0x10c obj_cc2538dk/rpl-nbr-policy.o
 .text.handle_periodic_timer
                0x00207650       0x14 obj_cc2538dk/rpl-nbr-policy.o
 .text.find_removable_dis
                0x00207664       0x20 obj_cc2538dk/rpl-nbr-policy.o
                0x00207664                find_removable_dis
 .text.find_removable_dio
                0x00207684       0x40 obj_cc2538dk/rpl-nbr-policy.o
                0x00207684                find_removable_dio
 .text.find_removable_dao
                0x002076c4       0x38 obj_cc2538dk/rpl-nbr-policy.o
                0x002076c4                find_removable_dao
 .text.rpl_nbr_policy_find_removable
                0x002076fc       0x28 obj_cc2538dk/rpl-nbr-policy.o
                0x002076fc                rpl_nbr_policy_find_removable
 .text.rpl_set_preferred_parent
                0x00207724       0x28 obj_cc2538dk/rpl-dag.o
 .text.set_ip_from_prefix
                0x0020774c       0x2c obj_cc2538dk/rpl-dag.o
 .text.find_parent_any_dag_any_instance
                0x00207778       0x1c obj_cc2538dk/rpl-dag.o
 .text.rpl_dag_init
                0x00207794       0x14 obj_cc2538dk/rpl-dag.o
                0x00207794                rpl_dag_init
 .text.rpl_get_parent
                0x002077a8       0x10 obj_cc2538dk/rpl-dag.o
                0x002077a8                rpl_get_parent
 .text.rpl_get_parent_lladdr
                0x002077b8       0x10 obj_cc2538dk/rpl-dag.o
                0x002077b8                rpl_get_parent_lladdr
 .text.best_parent
                0x002077c8       0x74 obj_cc2538dk/rpl-dag.o
 .text.rpl_alloc_instance
                0x0020783c       0x34 obj_cc2538dk/rpl-dag.o
                0x0020783c                rpl_alloc_instance
 .text.rpl_add_parent
                0x00207870       0x30 obj_cc2538dk/rpl-dag.o
                0x00207870                rpl_add_parent
 .text.rpl_remove_parent
                0x002078a0       0x1c obj_cc2538dk/rpl-dag.o
                0x002078a0                rpl_remove_parent
 .text.remove_parents.constprop.5
                0x002078bc       0x2c obj_cc2538dk/rpl-dag.o
 .text.rpl_get_any_dag
                0x002078e8       0x18 obj_cc2538dk/rpl-dag.o
                0x002078e8                rpl_get_any_dag
 .text.rpl_get_instance
                0x00207900       0x20 obj_cc2538dk/rpl-dag.o
                0x00207900                rpl_get_instance
 .text.rpl_find_of
                0x00207920       0x14 obj_cc2538dk/rpl-dag.o
                0x00207920                rpl_find_of
 .text.rpl_join_instance
                0x00207934      0x140 obj_cc2538dk/rpl-dag.o
                0x00207934                rpl_join_instance
 .text.rpl_local_repair
                0x00207a74       0x70 obj_cc2538dk/rpl-dag.o
                0x00207a74                rpl_local_repair
 .text.rpl_recalculate_ranks
                0x00207ae4       0x3c obj_cc2538dk/rpl-dag.o
                0x00207ae4                rpl_recalculate_ranks
 .text.new_dio_interval
                0x00207b20       0x58 obj_cc2538dk/rpl-timers.o
 .text.handle_periodic_timer
                0x00207b78       0x4c obj_cc2538dk/rpl-timers.o
 .text.set_dao_lifetime_timer
                0x00207bc4       0x4c obj_cc2538dk/rpl-timers.o
 .text.handle_dio_timer
                0x00207c10       0x80 obj_cc2538dk/rpl-timers.o
 .text.schedule_dao
                0x00207c90       0x54 obj_cc2538dk/rpl-timers.o
 .text.handle_dao_timer
                0x00207ce4       0x58 obj_cc2538dk/rpl-timers.o
 .text.rpl_reset_periodic_timer
                0x00207d3c       0x34 obj_cc2538dk/rpl-timers.o
                0x00207d3c                rpl_reset_periodic_timer
 .text.rpl_schedule_unicast_dio_immediately
                0x00207d70       0x14 obj_cc2538dk/rpl-timers.o
                0x00207d70                rpl_schedule_unicast_dio_immediately
 .text.get_probing_target
                0x00207d84       0xd4 obj_cc2538dk/rpl-timers.o
                0x00207d84                get_probing_target
 .text.rpl_schedule_probing
                0x00207e58       0x20 obj_cc2538dk/rpl-timers.o
                0x00207e58                rpl_schedule_probing
 .text.update_hbh_header
                0x00207e78       0xc4 obj_cc2538dk/rpl-ext-header.o
 .text.insert_hbh_header
                0x00207f3c       0xb0 obj_cc2538dk/rpl-ext-header.o
 .text.rpl_verify_hbh_header
                0x00207fec      0x100 obj_cc2538dk/rpl-ext-header.o
                0x00207fec                rpl_verify_hbh_header
 .text.rpl_remove_header
                0x002080ec       0x7c obj_cc2538dk/rpl-ext-header.o
                0x002080ec                rpl_remove_header
 .text.rpl_update_header
                0x00208168       0x64 obj_cc2538dk/rpl-ext-header.o
                0x00208168                rpl_update_header
 .text.rpl_get_mode
                0x002081cc        0xc obj_cc2538dk/rpl.o
                0x002081cc                rpl_get_mode
 .text.rpl_purge_routes
                0x002081d8       0x64 obj_cc2538dk/rpl.o
                0x002081d8                rpl_purge_routes
 .text.rpl_link_neighbor_callback
                0x0020823c       0x54 obj_cc2538dk/rpl.o
                0x0020823c                rpl_link_neighbor_callback
 .text.rpl_ipv6_neighbor_callback
                0x00208290       0x28 obj_cc2538dk/rpl.o
                0x00208290                rpl_ipv6_neighbor_callback
 .text.rpl_purge_dags
                0x002082b8       0x3c obj_cc2538dk/rpl.o
                0x002082b8                rpl_purge_dags
 .text.rpl_init
                0x002082f4       0x4c obj_cc2538dk/rpl.o
                0x002082f4                rpl_init
 .text.dao_ack_input
                0x00208340       0x14 obj_cc2538dk/rpl-icmp6.o
 .text.dio_input
                0x00208354      0x250 obj_cc2538dk/rpl-icmp6.o
 .text.dao_input
                0x002085a4      0x270 obj_cc2538dk/rpl-icmp6.o
 .text.dis_output
                0x00208814       0x54 obj_cc2538dk/rpl-icmp6.o
                0x00208814                dis_output
 .text.dio_output
                0x00208868      0x218 obj_cc2538dk/rpl-icmp6.o
                0x00208868                dio_output
 .text.dis_input
                0x00208a80       0x50 obj_cc2538dk/rpl-icmp6.o
 .text.dao_output_target
                0x00208ad0      0x100 obj_cc2538dk/rpl-icmp6.o
                0x00208ad0                dao_output_target
 .text.dao_output
                0x00208bd0       0x90 obj_cc2538dk/rpl-icmp6.o
                0x00208bd0                dao_output
 .text.rpl_icmp6_register_handlers
                0x00208c60       0x30 obj_cc2538dk/rpl-icmp6.o
                0x00208c60                rpl_icmp6_register_handlers
 .text._sbrk    0x00208c90       0x2c obj_cc2538dk/syscalls.o
                0x00208c90                _sbrk
 .text.queuebuf_init
                0x00208cbc       0x1c obj_cc2538dk/queuebuf.o
                0x00208cbc                queuebuf_init
 .text.queuebuf_numfree
                0x00208cd8        0xc obj_cc2538dk/queuebuf.o
                0x00208cd8                queuebuf_numfree
 .text.queuebuf_new_from_packetbuf
                0x00208ce4       0x44 obj_cc2538dk/queuebuf.o
                0x00208ce4                queuebuf_new_from_packetbuf
 .text.queuebuf_free
                0x00208d28       0x2c obj_cc2538dk/queuebuf.o
                0x00208d28                queuebuf_free
 .text.queuebuf_to_packetbuf
                0x00208d54       0x30 obj_cc2538dk/queuebuf.o
                0x00208d54                queuebuf_to_packetbuf
 .text.key_from_index
                0x00208d84       0x18 obj_cc2538dk/nbr-table.o
 .text.index_from_key
                0x00208d9c       0x20 obj_cc2538dk/nbr-table.o
 .text.index_from_lladdr
                0x00208dbc       0x40 obj_cc2538dk/nbr-table.o
 .text.nbr_get_bit.constprop.0
                0x00208dfc       0x30 obj_cc2538dk/nbr-table.o
 .text.remove_key
                0x00208e2c       0x58 obj_cc2538dk/nbr-table.o
 .text.nbr_table_register
                0x00208e84       0x28 obj_cc2538dk/nbr-table.o
                0x00208e84                nbr_table_register
 .text.nbr_table_head
                0x00208eac       0x34 obj_cc2538dk/nbr-table.o
                0x00208eac                nbr_table_head
 .text.nbr_table_add_lladdr
                0x00208ee0      0x114 obj_cc2538dk/nbr-table.o
                0x00208ee0                nbr_table_add_lladdr
 .text.nbr_table_remove
                0x00208ff4       0x2c obj_cc2538dk/nbr-table.o
                0x00208ff4                nbr_table_remove
 .text.nbr_table_lock
                0x00209020       0x14 obj_cc2538dk/nbr-table.o
                0x00209020                nbr_table_lock
 .text.nbr_table_unlock
                0x00209034       0x14 obj_cc2538dk/nbr-table.o
                0x00209034                nbr_table_unlock
 .text.packetbuf_hdrreduce
                0x00209048       0x2c obj_cc2538dk/packetbuf.o
                0x00209048                packetbuf_hdrreduce
 .text.packetbuf_set_datalen
                0x00209074        0xc obj_cc2538dk/packetbuf.o
                0x00209074                packetbuf_set_datalen
 .text.packetbuf_hdrptr
                0x00209080        0x8 obj_cc2538dk/packetbuf.o
                0x00209080                packetbuf_hdrptr
 .text.packetbuf_datalen
                0x00209088        0xc obj_cc2538dk/packetbuf.o
                0x00209088                packetbuf_datalen
 .text.packetbuf_hdrlen
                0x00209094       0x18 obj_cc2538dk/packetbuf.o
                0x00209094                packetbuf_hdrlen
 .text.packetbuf_dataptr
                0x002090ac       0x10 obj_cc2538dk/packetbuf.o
                0x002090ac                packetbuf_dataptr
 .text.packetbuf_copyto
                0x002090bc       0x40 obj_cc2538dk/packetbuf.o
                0x002090bc                packetbuf_copyto
 .text.packetbuf_totlen
                0x002090fc       0x14 obj_cc2538dk/packetbuf.o
                0x002090fc                packetbuf_totlen
 .text.packetbuf_hdralloc
                0x00209110       0x3c obj_cc2538dk/packetbuf.o
                0x00209110                packetbuf_hdralloc
 .text.packetbuf_attr_clear
                0x0020914c       0x34 obj_cc2538dk/packetbuf.o
                0x0020914c                packetbuf_attr_clear
 .text.packetbuf_clear
                0x00209180       0x20 obj_cc2538dk/packetbuf.o
                0x00209180                packetbuf_clear
 .text.packetbuf_copyfrom
                0x002091a0       0x2c obj_cc2538dk/packetbuf.o
                0x002091a0                packetbuf_copyfrom
 .text.packetbuf_attr_copyto
                0x002091cc       0x34 obj_cc2538dk/packetbuf.o
                0x002091cc                packetbuf_attr_copyto
 .text.packetbuf_attr_copyfrom
                0x00209200       0x34 obj_cc2538dk/packetbuf.o
                0x00209200                packetbuf_attr_copyfrom
 .text.packetbuf_set_attr
                0x00209234       0x10 obj_cc2538dk/packetbuf.o
                0x00209234                packetbuf_set_attr
 .text.packetbuf_attr
                0x00209244        0xc obj_cc2538dk/packetbuf.o
                0x00209244                packetbuf_attr
 .text.packetbuf_set_addr
                0x00209250       0x18 obj_cc2538dk/packetbuf.o
                0x00209250                packetbuf_set_addr
 .text.packetbuf_addr
                0x00209268       0x10 obj_cc2538dk/packetbuf.o
                0x00209268                packetbuf_addr
 .text.packetbuf_holds_broadcast
                0x00209278       0x10 obj_cc2538dk/packetbuf.o
                0x00209278                packetbuf_holds_broadcast
 .text.netstack_init
                0x00209288       0x38 obj_cc2538dk/netstack.o
                0x00209288                netstack_init
 .text.periodic
                0x002092c0       0x2c obj_cc2538dk/link-stats.o
 .text.link_stats_from_lladdr
                0x002092ec        0xc obj_cc2538dk/link-stats.o
                0x002092ec                link_stats_from_lladdr
 .text.link_stats_packet_sent
                0x002092f8       0x78 obj_cc2538dk/link-stats.o
                0x002092f8                link_stats_packet_sent
 .text.link_stats_input_callback
                0x00209370       0x4c obj_cc2538dk/link-stats.o
                0x00209370                link_stats_input_callback
 .text.link_stats_init
                0x002093bc       0x28 obj_cc2538dk/link-stats.o
                0x002093bc                link_stats_init
 .text.mac_sequence_is_duplicate
                0x002093e4       0x4c obj_cc2538dk/mac-sequence.o
                0x002093e4                mac_sequence_is_duplicate
 .text.mac_sequence_register_seqno
                0x00209430       0x64 obj_cc2538dk/mac-sequence.o
                0x00209430                mac_sequence_register_seqno
 .text.input_packet
                0x00209494        0xc obj_cc2538dk/csma.o
 .text.on       0x002094a0        0xc obj_cc2538dk/csma.o
 .text.off      0x002094ac        0xc obj_cc2538dk/csma.o
 .text.channel_check_interval
                0x002094b8       0x10 obj_cc2538dk/csma.o
 .text.transmit_packet_list
                0x002094c8       0x30 obj_cc2538dk/csma.o
 .text.schedule_transmission
                0x002094f8       0x4c obj_cc2538dk/csma.o
 .text.send_packet
                0x00209544      0x138 obj_cc2538dk/csma.o
 .text.init     0x0020967c       0x24 obj_cc2538dk/csma.o
 .text.tx_done  0x002096a0       0x84 obj_cc2538dk/csma.o
 .text.frame802154_get_pan_id
                0x00209724        0xc obj_cc2538dk/frame802154.o
                0x00209724                frame802154_get_pan_id
 .text.frame802154_parse
                0x00209730      0x174 obj_cc2538dk/frame802154.o
                0x00209730                frame802154_parse
 .text.create_frame.isra.0
                0x002098a4      0x128 obj_cc2538dk/framer-802154.o
 .text.on       0x002099cc        0xc obj_cc2538dk/nullrdc.o
 .text.send_one_packet
                0x002099d8      0x118 obj_cc2538dk/nullrdc.o
 .text.off      0x00209af0       0x18 obj_cc2538dk/nullrdc.o
 .text.packet_input
                0x00209b08       0x54 obj_cc2538dk/nullrdc.o
 .text.input    0x00209b5c        0xc obj_cc2538dk/nullsec.o
 .text.send     0x00209b68       0x20 obj_cc2538dk/nullsec.o
 .text.reset_parameters
                0x00209b88       0x34 udp-echo-server.co
 .text.process_thread_udp_echo_server_process
                0x00209bbc      0x318 udp-echo-server.co
 .text          0x00209ed4       0x30 /usr/lib/gcc/arm-none-eabi/4.9.3/armv7-m/libgcc.a(_aeabi_uldivmod.o)
                0x00209ed4                __aeabi_uldivmod
 .text          0x00209f04       0x60 /usr/lib/gcc/arm-none-eabi/4.9.3/armv7-m/libgcc.a(bpabi.o)
                0x00209f04                __gnu_ldivmod_helper
                0x00209f34                __gnu_uldivmod_helper
 .text          0x00209f64        0x4 /usr/lib/gcc/arm-none-eabi/4.9.3/armv7-m/libgcc.a(_dvmd_tls.o)
                0x00209f64                __aeabi_ldiv0
                0x00209f64                __aeabi_idiv0
 .text          0x00209f68      0x2ac /usr/lib/gcc/arm-none-eabi/4.9.3/armv7-m/libgcc.a(_divdi3.o)
                0x00209f68                __divdi3
 .text          0x0020a214      0x270 /usr/lib/gcc/arm-none-eabi/4.9.3/armv7-m/libgcc.a(_udivdi3.o)
                0x0020a214                __udivdi3
 .text.atoi     0x0020a484        0x8 /usr/lib/gcc/arm-none-eabi/4.9.3/../../../arm-none-eabi/lib/armv7-m/libc.a(lib_a-atoi.o)
                0x0020a484                atoi
 .text.memcmp   0x0020a48c       0x64 /usr/lib/gcc/arm-none-eabi/4.9.3/../../../arm-none-eabi/lib/armv7-m/libc.a(lib_a-memcmp.o)
                0x0020a48c                memcmp
 .text          0x0020a4f0       0xec /usr/lib/gcc/arm-none-eabi/4.9.3/../../../arm-none-eabi/lib/armv7-m/libc.a(lib_a-memcpy.o)
                0x0020a4f0                memcpy
 .text.memmove  0x0020a5dc       0xc8 /usr/lib/gcc/arm-none-eabi/4.9.3/../../../arm-none-eabi/lib/armv7-m/libc.a(lib_a-memmove.o)
                0x0020a5dc                memmove
 .text.memset   0x0020a6a4       0x9c /usr/lib/gcc/arm-none-eabi/4.9.3/../../../arm-none-eabi/lib/armv7-m/libc.a(lib_a-memset.o)
                0x0020a6a4                memset
 .text.sscanf   0x0020a740       0x58 /usr/lib/gcc/arm-none-eabi/4.9.3/../../../arm-none-eabi/lib/armv7-m/libc.a(lib_a-sscanf.o)
                0x0020a740                sscanf
 .text.__seofread
                0x0020a798        0x4 /usr/lib/gcc/arm-none-eabi/4.9.3/../../../arm-none-eabi/lib/armv7-m/libc.a(lib_a-stdio.o)
                0x0020a798                __seofread
 .text.strcpy   0x0020a79c       0xbc /usr/lib/gcc/arm-none-eabi/4.9.3/../../../arm-none-eabi/lib/armv7-m/libc.a(lib_a-strcpy.o)
                0x0020a79c                strcpy
 .text.strlen   0x0020a858       0x5c /usr/lib/gcc/arm-none-eabi/4.9.3/../../../arm-none-eabi/lib/armv7-m/libc.a(lib_a-strlen.o)
                0x0020a858                strlen
 .text.strncmp  0x0020a8b4       0x94 /usr/lib/gcc/arm-none-eabi/4.9.3/../../../arm-none-eabi/lib/armv7-m/libc.a(lib_a-strncmp.o)
                0x0020a8b4                strncmp
 .text.critical_factorization
                0x0020a948       0xb8 /usr/lib/gcc/arm-none-eabi/4.9.3/../../../arm-none-eabi/lib/armv7-m/libc.a(lib_a-strstr.o)
 .text.two_way_long_needle
                0x0020aa00      0x1f8 /usr/lib/gcc/arm-none-eabi/4.9.3/../../../arm-none-eabi/lib/armv7-m/libc.a(lib_a-strstr.o)
 .text.strstr   0x0020abf8      0x220 /usr/lib/gcc/arm-none-eabi/4.9.3/../../../arm-none-eabi/lib/armv7-m/libc.a(lib_a-strstr.o)
                0x0020abf8                strstr
 .text._strtol_r
                0x0020ae18      0x11c /usr/lib/gcc/arm-none-eabi/4.9.3/../../../arm-none-eabi/lib/armv7-m/libc.a(lib_a-strtol.o)
                0x0020ae18                _strtol_r
 .text.strtol   0x0020af34       0x18 /usr/lib/gcc/arm-none-eabi/4.9.3/../../../arm-none-eabi/lib/armv7-m/libc.a(lib_a-strtol.o)
                0x0020af34                strtol
 .text.__ssvfscanf_r
                0x0020af4c      0xdf4 /usr/lib/gcc/arm-none-eabi/4.9.3/../../../arm-none-eabi/lib/armv7-m/libc.a(lib_a-svfscanf.o)
                0x0020af4c                __ssvfscanf_r
 .text._malloc_trim_r
                0x0020bd40       0x9c /usr/lib/gcc/arm-none-eabi/4.9.3/../../../arm-none-eabi/lib/armv7-m/libc.a(lib_a-freer.o)
                0x0020bd40                _malloc_trim_r
 .text._free_r  0x0020bddc      0x1b0 /usr/lib/gcc/arm-none-eabi/4.9.3/../../../arm-none-eabi/lib/armv7-m/libc.a(lib_a-freer.o)
                0x0020bddc                _free_r
 .text.iswspace
                0x0020bf8c       0x1c /usr/lib/gcc/arm-none-eabi/4.9.3/../../../arm-none-eabi/lib/armv7-m/libc.a(lib_a-iswspace.o)
                0x0020bf8c                iswspace
 .text.__locale_charset
                0x0020bfa8        0x8 /usr/lib/gcc/arm-none-eabi/4.9.3/../../../arm-none-eabi/lib/armv7-m/libc.a(lib_a-locale.o)
                0x0020bfa8                __locale_charset
 .text.__locale_mb_cur_max
                0x0020bfb0        0xc /usr/lib/gcc/arm-none-eabi/4.9.3/../../../arm-none-eabi/lib/armv7-m/libc.a(lib_a-locale.o)
                0x0020bfb0                __locale_mb_cur_max
 .text._localeconv_r
                0x0020bfbc        0x8 /usr/lib/gcc/arm-none-eabi/4.9.3/../../../arm-none-eabi/lib/armv7-m/libc.a(lib_a-locale.o)
                0x0020bfbc                _localeconv_r
 .text._malloc_r
                0x0020bfc4      0x50c /usr/lib/gcc/arm-none-eabi/4.9.3/../../../arm-none-eabi/lib/armv7-m/libc.a(lib_a-mallocr.o)
                0x0020bfc4                _malloc_r
 .text._mbrtowc_r
                0x0020c4d0       0x5c /usr/lib/gcc/arm-none-eabi/4.9.3/../../../arm-none-eabi/lib/armv7-m/libc.a(lib_a-mbrtowc.o)
                0x0020c4d0                _mbrtowc_r
 .text.__ascii_mbtowc
                0x0020c52c       0x2c /usr/lib/gcc/arm-none-eabi/4.9.3/../../../arm-none-eabi/lib/armv7-m/libc.a(lib_a-mbtowc_r.o)
                0x0020c52c                __ascii_mbtowc
 .text.memchr   0x0020c558       0x94 /usr/lib/gcc/arm-none-eabi/4.9.3/../../../arm-none-eabi/lib/armv7-m/libc.a(lib_a-memchr.o)
                0x0020c558                memchr
 .text.__malloc_lock
                0x0020c5ec        0x4 /usr/lib/gcc/arm-none-eabi/4.9.3/../../../arm-none-eabi/lib/armv7-m/libc.a(lib_a-mlock.o)
                0x0020c5ec                __malloc_lock
 .text.__malloc_unlock
                0x0020c5f0        0x4 /usr/lib/gcc/arm-none-eabi/4.9.3/../../../arm-none-eabi/lib/armv7-m/libc.a(lib_a-mlock.o)
                0x0020c5f0                __malloc_unlock
 .text.__fpclassifyd
                0x0020c5f4       0x58 /usr/lib/gcc/arm-none-eabi/4.9.3/../../../arm-none-eabi/lib/armv7-m/libc.a(lib_a-s_fpclassify.o)
                0x0020c5f4                __fpclassifyd
 .text._sbrk_r  0x0020c64c       0x24 /usr/lib/gcc/arm-none-eabi/4.9.3/../../../arm-none-eabi/lib/armv7-m/libc.a(lib_a-sbrkr.o)
                0x0020c64c                _sbrk_r
 .text.__sccl   0x0020c670       0x78 /usr/lib/gcc/arm-none-eabi/4.9.3/../../../arm-none-eabi/lib/armv7-m/libc.a(lib_a-sccl.o)
                0x0020c670                __sccl
 .text.nanf     0x0020c6e8        0x8 /usr/lib/gcc/arm-none-eabi/4.9.3/../../../arm-none-eabi/lib/armv7-m/libc.a(lib_a-sf_nan.o)
                0x0020c6e8                nanf
 .text.strchr   0x0020c6f0       0xcc /usr/lib/gcc/arm-none-eabi/4.9.3/../../../arm-none-eabi/lib/armv7-m/libc.a(lib_a-strchr.o)
                0x0020c6f0                strchr
 .text.sulp     0x0020c7bc       0x44 /usr/lib/gcc/arm-none-eabi/4.9.3/../../../arm-none-eabi/lib/armv7-m/libc.a(lib_a-strtod.o)
 .text._strtoll_r
                0x0020c800      0x1cc /usr/lib/gcc/arm-none-eabi/4.9.3/../../../arm-none-eabi/lib/armv7-m/libc.a(lib_a-strtoll_r.o)
                0x0020c800                _strtoll_r
 .text._strtoul_r
                0x0020c9cc      0x134 /usr/lib/gcc/arm-none-eabi/4.9.3/../../../arm-none-eabi/lib/armv7-m/libc.a(lib_a-strtoul.o)
                0x0020c9cc                _strtoul_r
 .text._strtoull_r
                0x0020cb00      0x1e8 /usr/lib/gcc/arm-none-eabi/4.9.3/../../../arm-none-eabi/lib/armv7-m/libc.a(lib_a-strtoull_r.o)
                0x0020cb00                _strtoull_r
 .text._sungetc_r
                0x0020cce8       0x88 /usr/lib/gcc/arm-none-eabi/4.9.3/../../../arm-none-eabi/lib/armv7-m/libc.a(lib_a-svfiscanf.o)
                0x0020cce8                _sungetc_r
 .text.__ssrefill_r
                0x0020cd70       0x3c /usr/lib/gcc/arm-none-eabi/4.9.3/../../../arm-none-eabi/lib/armv7-m/libc.a(lib_a-svfiscanf.o)
                0x0020cd70                __ssrefill_r
 .text._sfread_r
                0x0020cdac       0x80 /usr/lib/gcc/arm-none-eabi/4.9.3/../../../arm-none-eabi/lib/armv7-m/libc.a(lib_a-svfiscanf.o)
                0x0020cdac                _sfread_r
 .text.__submore
                0x0020ce2c       0x7c /usr/lib/gcc/arm-none-eabi/4.9.3/../../../arm-none-eabi/lib/armv7-m/libc.a(lib_a-ungetc.o)
                0x0020ce2c                __submore
 .text.rshift   0x0020cea8       0xa0 /usr/lib/gcc/arm-none-eabi/4.9.3/../../../arm-none-eabi/lib/armv7-m/libc.a(lib_a-gdtoa-gethex.o)
 .text.__gethex
                0x0020cf48      0x514 /usr/lib/gcc/arm-none-eabi/4.9.3/../../../arm-none-eabi/lib/armv7-m/libc.a(lib_a-gdtoa-gethex.o)
                0x0020cf48                __gethex
 .text.__hexnan
                0x0020d45c      0x184 /usr/lib/gcc/arm-none-eabi/4.9.3/../../../arm-none-eabi/lib/armv7-m/libc.a(lib_a-gdtoa-hexnan.o)
                0x0020d45c                __hexnan
 .text._Balloc  0x0020d5e0       0x50 /usr/lib/gcc/arm-none-eabi/4.9.3/../../../arm-none-eabi/lib/armv7-m/libc.a(lib_a-mprec.o)
                0x0020d5e0                _Balloc
 .text._Bfree   0x0020d630       0x14 /usr/lib/gcc/arm-none-eabi/4.9.3/../../../arm-none-eabi/lib/armv7-m/libc.a(lib_a-mprec.o)
                0x0020d630                _Bfree
 .text.__multadd
                0x0020d644       0x84 /usr/lib/gcc/arm-none-eabi/4.9.3/../../../arm-none-eabi/lib/armv7-m/libc.a(lib_a-mprec.o)
                0x0020d644                __multadd
 .text.__s2b    0x0020d6c8       0x98 /usr/lib/gcc/arm-none-eabi/4.9.3/../../../arm-none-eabi/lib/armv7-m/libc.a(lib_a-mprec.o)
                0x0020d6c8                __s2b
 .text.__hi0bits
                0x0020d760       0x40 /usr/lib/gcc/arm-none-eabi/4.9.3/../../../arm-none-eabi/lib/armv7-m/libc.a(lib_a-mprec.o)
                0x0020d760                __hi0bits
 .text.__lo0bits
                0x0020d7a0       0x5c /usr/lib/gcc/arm-none-eabi/4.9.3/../../../arm-none-eabi/lib/armv7-m/libc.a(lib_a-mprec.o)
                0x0020d7a0                __lo0bits
 .text.__i2b    0x0020d7fc       0x14 /usr/lib/gcc/arm-none-eabi/4.9.3/../../../arm-none-eabi/lib/armv7-m/libc.a(lib_a-mprec.o)
                0x0020d7fc                __i2b
 .text.__multiply
                0x0020d810      0x140 /usr/lib/gcc/arm-none-eabi/4.9.3/../../../arm-none-eabi/lib/armv7-m/libc.a(lib_a-mprec.o)
                0x0020d810                __multiply
 .text.__pow5mult
                0x0020d950       0xa0 /usr/lib/gcc/arm-none-eabi/4.9.3/../../../arm-none-eabi/lib/armv7-m/libc.a(lib_a-mprec.o)
                0x0020d950                __pow5mult
 .text.__lshift
                0x0020d9f0       0xb0 /usr/lib/gcc/arm-none-eabi/4.9.3/../../../arm-none-eabi/lib/armv7-m/libc.a(lib_a-mprec.o)
                0x0020d9f0                __lshift
 .text.__mcmp   0x0020daa0       0x48 /usr/lib/gcc/arm-none-eabi/4.9.3/../../../arm-none-eabi/lib/armv7-m/libc.a(lib_a-mprec.o)
                0x0020daa0                __mcmp
 .text.__mdiff  0x0020dae8       0xe4 /usr/lib/gcc/arm-none-eabi/4.9.3/../../../arm-none-eabi/lib/armv7-m/libc.a(lib_a-mprec.o)
                0x0020dae8                __mdiff
 .text.__ulp    0x0020dbcc       0x44 /usr/lib/gcc/arm-none-eabi/4.9.3/../../../arm-none-eabi/lib/armv7-m/libc.a(lib_a-mprec.o)
                0x0020dbcc                __ulp
 .text.__b2d    0x0020dc10       0xd0 /usr/lib/gcc/arm-none-eabi/4.9.3/../../../arm-none-eabi/lib/armv7-m/libc.a(lib_a-mprec.o)
                0x0020dc10                __b2d
 .text.__d2b    0x0020dce0       0xa8 /usr/lib/gcc/arm-none-eabi/4.9.3/../../../arm-none-eabi/lib/armv7-m/libc.a(lib_a-mprec.o)
                0x0020dce0                __d2b
 .text.__ratio  0x0020dd88       0x58 /usr/lib/gcc/arm-none-eabi/4.9.3/../../../arm-none-eabi/lib/armv7-m/libc.a(lib_a-mprec.o)
                0x0020dd88                __ratio
 .text.__copybits
                0x0020dde0       0x48 /usr/lib/gcc/arm-none-eabi/4.9.3/../../../arm-none-eabi/lib/armv7-m/libc.a(lib_a-mprec.o)
                0x0020dde0                __copybits
 .text.__any_on
                0x0020de28       0x5c /usr/lib/gcc/arm-none-eabi/4.9.3/../../../arm-none-eabi/lib/armv7-m/libc.a(lib_a-mprec.o)
                0x0020de28                __any_on
 .text._realloc_r
                0x0020de84      0x3e0 /usr/lib/gcc/arm-none-eabi/4.9.3/../../../arm-none-eabi/lib/armv7-m/libc.a(lib_a-reallocr.o)
                0x0020de84                _realloc_r
 .text._calloc_r
                0x0020e264       0x60 /usr/lib/gcc/arm-none-eabi/4.9.3/../../../arm-none-eabi/lib/armv7-m/libc.a(lib_a-callocr.o)
                0x0020e264                _calloc_r
 .text          0x0020e2c4      0x370 /usr/lib/gcc/arm-none-eabi/4.9.3/armv7-m/libgcc.a(_arm_addsubdf3.o)
                0x0020e2c4                __aeabi_drsub
                0x0020e2cc                __aeabi_dsub
                0x0020e2cc                __subdf3
                0x0020e2d0                __adddf3
                0x0020e2d0                __aeabi_dadd
                0x0020e548                __aeabi_ui2d
                0x0020e548                __floatunsidf
                0x0020e568                __floatsidf
                0x0020e568                __aeabi_i2d
                0x0020e58c                __extendsfdf2
                0x0020e58c                __aeabi_f2d
                0x0020e5c8                __aeabi_ul2d
                0x0020e5c8                __floatundidf
                0x0020e5d8                __floatdidf
                0x0020e5d8                __aeabi_l2d
 .text          0x0020e634      0x424 /usr/lib/gcc/arm-none-eabi/4.9.3/armv7-m/libgcc.a(_arm_muldivdf3.o)
                0x0020e634                __aeabi_dmul
                0x0020e634                __muldf3
                0x0020e888                __aeabi_ddiv
                0x0020e888                __divdf3
 .text          0x0020ea58      0x110 /usr/lib/gcc/arm-none-eabi/4.9.3/armv7-m/libgcc.a(_arm_cmpdf2.o)
                0x0020ea58                __gtdf2
                0x0020ea58                __gedf2
                0x0020ea60                __ltdf2
                0x0020ea60                __ledf2
                0x0020ea68                __cmpdf2
                0x0020ea68                __eqdf2
                0x0020ea68                __nedf2
                0x0020eae4                __aeabi_cdrcmple
                0x0020eaf4                __aeabi_cdcmple
                0x0020eaf4                __aeabi_cdcmpeq
                0x0020eb04                __aeabi_dcmpeq
                0x0020eb18                __aeabi_dcmplt
                0x0020eb2c                __aeabi_dcmple
                0x0020eb40                __aeabi_dcmpge
                0x0020eb54                __aeabi_dcmpgt
 .text          0x0020eb68       0x50 /usr/lib/gcc/arm-none-eabi/4.9.3/armv7-m/libgcc.a(_arm_fixdfsi.o)
                0x0020eb68                __fixdfsi
                0x0020eb68                __aeabi_d2iz
 .text          0x0020ebb8       0x40 /usr/lib/gcc/arm-none-eabi/4.9.3/armv7-m/libgcc.a(_arm_fixunsdfsi.o)
                0x0020ebb8                __fixunsdfsi
                0x0020ebb8                __aeabi_d2uiz
 .text          0x0020ebf8       0xa0 /usr/lib/gcc/arm-none-eabi/4.9.3/armv7-m/libgcc.a(_arm_truncdfsf2.o)
                0x0020ebf8                __aeabi_d2f
                0x0020ebf8                __truncdfsf2
 .text.default_handler
                0x0020ec98        0x2 obj_cc2538dk/startup-gcc.o
                0x0020ec98                default_handler
 .text.nmi_handler
                0x0020ec9a        0x6 obj_cc2538dk/startup-gcc.o
                0x0020ec9a                nmi_handler
 .text.fade     0x0020eca0       0x54 obj_cc2538dk/contiki-main.o
 .text.config   0x0020ecf4       0x40 obj_cc2538dk/button-sensor.o
 .text.status   0x0020ed34        0x4 obj_cc2538dk/als-sensor.o
 .text.clock_isr
                0x0020ed38        0x4 obj_cc2538dk/clock.o
                0x0020ed38                clock_isr
 .text.rtimer_arch_init
                0x0020ed3c        0x2 obj_cc2538dk/rtimer-arch.o
                0x0020ed3c                rtimer_arch_init
 .text.uart0_isr
                0x0020ed3e        0x6 obj_cc2538dk/uart.o
                0x0020ed3e                uart0_isr
 .text.uart1_isr
                0x0020ed44        0x6 obj_cc2538dk/uart.o
                0x0020ed44                uart1_isr
 .text.gpio_port_a_isr
                0x0020ed4a        0x6 obj_cc2538dk/gpio.o
                0x0020ed4a                gpio_port_a_isr
 .text.gpio_port_b_isr
                0x0020ed50        0x6 obj_cc2538dk/gpio.o
                0x0020ed50                gpio_port_b_isr
 .text.gpio_port_c_isr
                0x0020ed56        0x6 obj_cc2538dk/gpio.o
                0x0020ed56                gpio_port_c_isr
 .text.gpio_port_d_isr
                0x0020ed5c        0x6 obj_cc2538dk/gpio.o
                0x0020ed5c                gpio_port_d_isr
 .text.send     0x0020ed62       0x12 obj_cc2538dk/cc2538-rf.o
 .text.putchar  0x0020ed74       0x10 obj_cc2538dk/dbg.o
                0x0020ed74                putchar
 .text.dbg_send_bytes
                0x0020ed84       0x20 obj_cc2538dk/dbg.o
                0x0020ed84                dbg_send_bytes
 .text.puts     0x0020eda4       0x20 obj_cc2538dk/dbg.o
                0x0020eda4                puts
 .text.configure
                0x0020edc4        0x4 obj_cc2538dk/cc2538-temp-sensor.o
 .text.status   0x0020edc8        0x4 obj_cc2538dk/cc2538-temp-sensor.o
 .text.value    0x0020edcc       0x34 obj_cc2538dk/cc2538-temp-sensor.o
 .text.configure
                0x0020ee00        0x4 obj_cc2538dk/vdd3-sensor.o
 .text.status   0x0020ee04        0x4 obj_cc2538dk/vdd3-sensor.o
 .text.value    0x0020ee08       0x2a obj_cc2538dk/vdd3-sensor.o
 .text.write_str
                0x0020ee32       0x10 obj_cc2538dk/dbg-printf.o
 .text.buffer_str
                0x0020ee42       0x16 obj_cc2538dk/dbg-sprintf.o
 .text.autostart_start
                0x0020ee58       0x14 obj_cc2538dk/autostart.o
                0x0020ee58                autostart_start
 .text.energest_init
                0x0020ee6c        0x2 obj_cc2538dk/energest.o
                0x0020ee6c                energest_init
 .text.stimer_set
                0x0020ee6e        0xe obj_cc2538dk/stimer.o
                0x0020ee6e                stimer_set
 .text.etimer_set
                0x0020ee7c       0x12 obj_cc2538dk/etimer.o
                0x0020ee7c                etimer_set
 .text.etimer_reset
                0x0020ee8e       0x12 obj_cc2538dk/etimer.o
                0x0020ee8e                etimer_reset
 .text.etimer_restart
                0x0020eea0       0x12 obj_cc2538dk/etimer.o
                0x0020eea0                etimer_restart
 .text.etimer_expired
                0x0020eeb2        0xa obj_cc2538dk/etimer.o
                0x0020eeb2                etimer_expired
 .text.etimer_expiration_time
                0x0020eebc        0x6 obj_cc2538dk/etimer.o
                0x0020eebc                etimer_expiration_time
 .text.call_process
                0x0020eec2        0xc obj_cc2538dk/process.o
 .text.rtimer_init
                0x0020eece        0x4 obj_cc2538dk/rtimer.o
                0x0020eece                rtimer_init
 .text.timer_set
                0x0020eed2        0xe obj_cc2538dk/timer.o
                0x0020eed2                timer_set
 .text.timer_reset
                0x0020eee0        0xa obj_cc2538dk/timer.o
                0x0020eee0                timer_reset
 .text.timer_restart
                0x0020eeea        0xc obj_cc2538dk/timer.o
                0x0020eeea                timer_restart
 .text.timer_expired
                0x0020eef6       0x1c obj_cc2538dk/timer.o
                0x0020eef6                timer_expired
 .text.ringbuf_init
                0x0020ef12        0xe obj_cc2538dk/ringbuf.o
                0x0020ef12                ringbuf_init
 .text.ringbuf_put
                0x0020ef20       0x28 obj_cc2538dk/ringbuf.o
                0x0020ef20                ringbuf_put
 .text.ringbuf_get
                0x0020ef48       0x20 obj_cc2538dk/ringbuf.o
                0x0020ef48                ringbuf_get
 .text.list_init
                0x0020ef68        0x6 obj_cc2538dk/list.o
                0x0020ef68                list_init
 .text.list_head
                0x0020ef6e        0x4 obj_cc2538dk/list.o
                0x0020ef6e                list_head
 .text.list_tail
                0x0020ef72       0x10 obj_cc2538dk/list.o
                0x0020ef72                list_tail
 .text.list_remove
                0x0020ef82       0x28 obj_cc2538dk/list.o
                0x0020ef82                list_remove
 .text.list_add
                0x0020efaa       0x1e obj_cc2538dk/list.o
                0x0020efaa                list_add
 .text.list_push
                0x0020efc8       0x12 obj_cc2538dk/list.o
                0x0020efc8                list_push
 .text.list_length
                0x0020efda        0xe obj_cc2538dk/list.o
                0x0020efda                list_length
 .text.list_item_next
                0x0020efe8        0x6 obj_cc2538dk/list.o
                0x0020efe8                list_item_next
 .text.memb_init
                0x0020efee       0x20 obj_cc2538dk/memb.o
                0x0020efee                memb_init
 .text.memb_alloc
                0x0020f00e       0x28 obj_cc2538dk/memb.o
                0x0020f00e                memb_alloc
 .text.memb_free
                0x0020f036       0x2c obj_cc2538dk/memb.o
                0x0020f036                memb_free
 .text.memb_inmemb
                0x0020f062       0x1c obj_cc2538dk/memb.o
                0x0020f062                memb_inmemb
 .text.memb_numfree
                0x0020f07e       0x1c obj_cc2538dk/memb.o
                0x0020f07e                memb_numfree
 .text.uip_ds6_list_loop
                0x0020f09a       0x48 obj_cc2538dk/uip-ds6.o
                0x0020f09a                uip_ds6_list_loop
 .text.uip_ds6_maddr_rm
                0x0020f0e2        0x8 obj_cc2538dk/uip-ds6.o
                0x0020f0e2                uip_ds6_maddr_rm
 .text.uip_ds6_set_addr_iid
                0x0020f0ea       0x12 obj_cc2538dk/uip-ds6.o
                0x0020f0ea                uip_ds6_set_addr_iid
 .text.get_match_length
                0x0020f0fc       0x3a obj_cc2538dk/uip-ds6.o
                0x0020f0fc                get_match_length
 .text.uip_ds6_route_next
                0x0020f136        0x8 obj_cc2538dk/uip-ds6-route.o
                0x0020f136                uip_ds6_route_next
 .text.rm_routelist_callback
                0x0020f13e        0x4 obj_cc2538dk/uip-ds6-route.o
 .text.chksum   0x0020f142       0x38 obj_cc2538dk/uip6.o
 .text.uip_icmp6chksum
                0x0020f17a        0x6 obj_cc2538dk/uip6.o
                0x0020f17a                uip_icmp6chksum
 .text.uip_tcpchksum
                0x0020f180        0x6 obj_cc2538dk/uip6.o
                0x0020f180                uip_tcpchksum
 .text.uip_udpchksum
                0x0020f186        0x6 obj_cc2538dk/uip6.o
                0x0020f186                uip_udpchksum
 .text.uip_htonl
                0x0020f18c       0x14 obj_cc2538dk/uip6.o
                0x0020f18c                uip_htonl
 .text.uip_ds6_nbr_ipaddr_from_lladdr
                0x0020f1a0        0x4 obj_cc2538dk/uip-ds6-nbr.o
                0x0020f1a0                uip_ds6_nbr_ipaddr_from_lladdr
 .text.uip_ds6_nbr_lladdr_from_ipaddr
                0x0020f1a4       0x12 obj_cc2538dk/uip-ds6-nbr.o
                0x0020f1a4                uip_ds6_nbr_lladdr_from_ipaddr
 .text.uip_ds6_nbr_refresh_reachable_state
                0x0020f1b6       0x22 obj_cc2538dk/uip-ds6-nbr.o
                0x0020f1b6                uip_ds6_nbr_refresh_reachable_state
 .text.lollipop_greater_than
                0x0020f1d8       0x34 obj_cc2538dk/rpl-dag.o
 .text.check_prefix
                0x0020f20c       0x58 obj_cc2538dk/rpl-dag.o
 .text.rpl_rank_via_parent
                0x0020f264       0x1a obj_cc2538dk/rpl-dag.o
                0x0020f264                rpl_rank_via_parent
 .text.rpl_get_parent_ipaddr
                0x0020f27e        0xe obj_cc2538dk/rpl-dag.o
                0x0020f27e                rpl_get_parent_ipaddr
 .text.rpl_get_parent_link_stats
                0x0020f28c        0xe obj_cc2538dk/rpl-dag.o
                0x0020f28c                rpl_get_parent_link_stats
 .text.rpl_parent_is_fresh
                0x0020f29a        0xe obj_cc2538dk/rpl-dag.o
                0x0020f29a                rpl_parent_is_fresh
 .text.rpl_parent_is_reachable
                0x0020f2a8       0x36 obj_cc2538dk/rpl-dag.o
                0x0020f2a8                rpl_parent_is_reachable
 .text.rpl_set_prefix
                0x0020f2de       0x6c obj_cc2538dk/rpl-dag.o
                0x0020f2de                rpl_set_prefix
 .text.rpl_set_default_route
                0x0020f34a       0x30 obj_cc2538dk/rpl-dag.o
                0x0020f34a                rpl_set_default_route
 .text.rpl_find_parent
                0x0020f37a       0x16 obj_cc2538dk/rpl-dag.o
                0x0020f37a                rpl_find_parent
 .text.rpl_find_parent_any_dag
                0x0020f390       0x1e obj_cc2538dk/rpl-dag.o
                0x0020f390                rpl_find_parent_any_dag
 .text.rpl_select_parent
                0x0020f3ae       0x4a obj_cc2538dk/rpl-dag.o
                0x0020f3ae                rpl_select_parent
 .text.rpl_select_dag
                0x0020f3f8      0x15c obj_cc2538dk/rpl-dag.o
                0x0020f3f8                rpl_select_dag
 .text.rpl_nullify_parent
                0x0020f554       0x54 obj_cc2538dk/rpl-dag.o
                0x0020f554                rpl_nullify_parent
 .text.nbr_callback
                0x0020f5a8        0x4 obj_cc2538dk/rpl-dag.o
 .text.rpl_free_dag
                0x0020f5ac       0x3a obj_cc2538dk/rpl-dag.o
                0x0020f5ac                rpl_free_dag
 .text.rpl_move_parent
                0x0020f5e6       0x54 obj_cc2538dk/rpl-dag.o
                0x0020f5e6                rpl_move_parent
 .text.rpl_repair_root
                0x0020f63a       0x48 obj_cc2538dk/rpl-dag.o
                0x0020f63a                rpl_repair_root
 .text.rpl_alloc_dag
                0x0020f682       0x48 obj_cc2538dk/rpl-dag.o
                0x0020f682                rpl_alloc_dag
 .text.rpl_process_parent_event
                0x0020f6ca       0x96 obj_cc2538dk/rpl-dag.o
                0x0020f6ca                rpl_process_parent_event
 .text.rpl_add_dag
                0x0020f760      0x112 obj_cc2538dk/rpl-dag.o
                0x0020f760                rpl_add_dag
 .text.rpl_process_dio
                0x0020f872      0x2e6 obj_cc2538dk/rpl-dag.o
                0x0020f872                rpl_process_dio
 .text.handle_unicast_dio_timer
                0x0020fb58       0x1c obj_cc2538dk/rpl-timers.o
 .text.rpl_reset_dio_timer
                0x0020fb74       0x1c obj_cc2538dk/rpl-timers.o
                0x0020fb74                rpl_reset_dio_timer
 .text.rpl_schedule_dao
                0x0020fb90        0x8 obj_cc2538dk/rpl-timers.o
                0x0020fb90                rpl_schedule_dao
 .text.get_probing_delay
                0x0020fb98       0x3a obj_cc2538dk/rpl-timers.o
                0x0020fb98                get_probing_delay
 .text.handle_probing_timer
                0x0020fbd2       0x32 obj_cc2538dk/rpl-timers.o
 .text.rpl_remove_routes
                0x0020fc04       0x1e obj_cc2538dk/rpl.o
                0x0020fc04                rpl_remove_routes
 .text.rpl_remove_routes_by_nexthop
                0x0020fc22       0x30 obj_cc2538dk/rpl.o
                0x0020fc22                rpl_remove_routes_by_nexthop
 .text.rpl_add_route
                0x0020fc52       0x2e obj_cc2538dk/rpl.o
                0x0020fc52                rpl_add_route
 .text.reset    0x0020fc80        0x2 obj_cc2538dk/rpl-mrhof.o
 .text.update_metric_container
                0x0020fc82        0x6 obj_cc2538dk/rpl-mrhof.o
 .text.parent_link_metric
                0x0020fc88       0x12 obj_cc2538dk/rpl-mrhof.o
 .text.parent_has_usable_link
                0x0020fc9a       0x12 obj_cc2538dk/rpl-mrhof.o
 .text.best_dag
                0x0020fcac       0x2c obj_cc2538dk/rpl-mrhof.o
 .text.parent_path_cost
                0x0020fcd8       0x34 obj_cc2538dk/rpl-mrhof.o
 .text.parent_is_acceptable
                0x0020fd0c       0x26 obj_cc2538dk/rpl-mrhof.o
 .text.rank_via_parent
                0x0020fd32       0x34 obj_cc2538dk/rpl-mrhof.o
 .text.best_parent
                0x0020fd66       0x68 obj_cc2538dk/rpl-mrhof.o
 .text.get32    0x0020fdce       0x18 obj_cc2538dk/rpl-icmp6.o
 .text.set32    0x0020fde6       0x12 obj_cc2538dk/rpl-icmp6.o
 .text.get16    0x0020fdf8        0xc obj_cc2538dk/rpl-icmp6.o
 .text.set16    0x0020fe04        0xa obj_cc2538dk/rpl-icmp6.o
 .text.rpl_icmp6_update_nbr_table
                0x0020fe0e       0x2e obj_cc2538dk/rpl-icmp6.o
                0x0020fe0e                rpl_icmp6_update_nbr_table
 .text.svcall_handler
                0x0020fe3c       0x1e obj_cc2538dk/mtarch.o
                0x0020fe3c                svcall_handler
 .text.pendsv_handler
                0x0020fe5a       0x18 obj_cc2538dk/mtarch.o
                0x0020fe5a                pendsv_handler
 .text.queuebuf_update_attr_from_packetbuf
                0x0020fe72        0xc obj_cc2538dk/queuebuf.o
                0x0020fe72                queuebuf_update_attr_from_packetbuf
 .text.queuebuf_attr
                0x0020fe7e        0xc obj_cc2538dk/queuebuf.o
                0x0020fe7e                queuebuf_attr
 .text.item_from_key
                0x0020fe8a       0x22 obj_cc2538dk/nbr-table.o
 .text.nbr_set_bit
                0x0020feac       0x38 obj_cc2538dk/nbr-table.o
 .text.nbr_table_next
                0x0020fee4       0x3e obj_cc2538dk/nbr-table.o
                0x0020fee4                nbr_table_next
 .text.nbr_table_get_from_lladdr
                0x0020ff22       0x32 obj_cc2538dk/nbr-table.o
                0x0020ff22                nbr_table_get_from_lladdr
 .text.nbr_table_get_lladdr
                0x0020ff54       0x20 obj_cc2538dk/nbr-table.o
                0x0020ff54                nbr_table_get_lladdr
 .text.nbr_table_update_lladdr
                0x0020ff74       0x40 obj_cc2538dk/nbr-table.o
                0x0020ff74                nbr_table_update_lladdr
 .text.linkaddr_copy
                0x0020ffb4        0xa obj_cc2538dk/linkaddr.o
                0x0020ffb4                linkaddr_copy
 .text.linkaddr_cmp
                0x0020ffbe       0x10 obj_cc2538dk/linkaddr.o
                0x0020ffbe                linkaddr_cmp
 .text.link_stats_is_fresh
                0x0020ffce       0x24 obj_cc2538dk/link-stats.o
                0x0020ffce                link_stats_is_fresh
 .text.packet_sent
                0x0020fff2       0xca obj_cc2538dk/csma.o
 .text.frame802154_has_panid
                0x002100bc       0x62 obj_cc2538dk/frame802154.o
                0x002100bc                frame802154_has_panid
 .text.field_len
                0x0021011e       0x84 obj_cc2538dk/frame802154.o
 .text.frame802154_is_broadcast_addr
                0x002101a2       0x1e obj_cc2538dk/frame802154.o
                0x002101a2                frame802154_is_broadcast_addr
 .text.frame802154_hdrlen
                0x002101c0       0x32 obj_cc2538dk/frame802154.o
                0x002101c0                frame802154_hdrlen
 .text.frame802154_create
                0x002101f2       0xe6 obj_cc2538dk/frame802154.o
                0x002101f2                frame802154_create
 .text.mac_call_sent_callback
                0x002102d8       0x16 obj_cc2538dk/mac.o
                0x002102d8                mac_call_sent_callback
 .text.parse    0x002102ee       0x94 obj_cc2538dk/framer-802154.o
 .text.create   0x00210382        0x6 obj_cc2538dk/framer-802154.o
 .text.hdr_length
                0x00210388        0x6 obj_cc2538dk/framer-802154.o
 .text.channel_check_interval
                0x0021038e        0x4 obj_cc2538dk/nullrdc.o
 .text.init     0x00210392        0x4 obj_cc2538dk/nullrdc.o
 .text.send_list
                0x00210396       0x20 obj_cc2538dk/nullrdc.o
 .text.send_packet
                0x002103b6        0x4 obj_cc2538dk/nullrdc.o
 .text.init     0x002103ba        0x2 obj_cc2538dk/nullsec.o
 *(SORT(.rodata*))
 *fill*         0x002103bc        0x4 00000000
 .rodata.tinytens
                0x002103c0       0x28 /usr/lib/gcc/arm-none-eabi/4.9.3/../../../arm-none-eabi/lib/armv7-m/libc.a(lib_a-strtod.o)
 .rodata.__mprec_tens
                0x002103e8       0xc8 /usr/lib/gcc/arm-none-eabi/4.9.3/../../../arm-none-eabi/lib/armv7-m/libc.a(lib_a-mprec.o)
                0x002103e8                __mprec_tens
 .rodata.__mprec_bigtens
                0x002104b0       0x28 /usr/lib/gcc/arm-none-eabi/4.9.3/../../../arm-none-eabi/lib/armv7-m/libc.a(lib_a-mprec.o)
                0x002104b0                __mprec_bigtens
 .rodata.button_select_sensor
                0x002104d8       0x10 obj_cc2538dk/button-sensor.o
                0x002104d8                button_select_sensor
 .rodata.button_up_sensor
                0x002104e8       0x10 obj_cc2538dk/button-sensor.o
                0x002104e8                button_up_sensor
 .rodata.button_left_sensor
                0x002104f8       0x10 obj_cc2538dk/button-sensor.o
                0x002104f8                button_left_sensor
 .rodata.button_right_sensor
                0x00210508       0x10 obj_cc2538dk/button-sensor.o
                0x00210508                button_right_sensor
 .rodata.button_down_sensor
                0x00210518       0x10 obj_cc2538dk/button-sensor.o
                0x00210518                button_down_sensor
 .rodata.als_sensor
                0x00210528       0x10 obj_cc2538dk/als-sensor.o
                0x00210528                als_sensor
 .rodata.uart_regs
                0x00210538       0x58 obj_cc2538dk/uart.o
 .rodata.reset_cause.5159
                0x00210590       0x10 obj_cc2538dk/sys-ctrl.o
 .rodata.output_power
                0x002105a0       0x70 obj_cc2538dk/cc2538-rf.o
 .rodata.cc2538_rf_driver
                0x00210610       0x38 obj_cc2538dk/cc2538-rf.o
                0x00210610                cc2538_rf_driver
 .rodata.cc2538_temp_sensor
                0x00210648       0x10 obj_cc2538dk/cc2538-temp-sensor.o
                0x00210648                cc2538_temp_sensor
 .rodata.vdd3_sensor
                0x00210658       0x10 obj_cc2538dk/vdd3-sensor.o
                0x00210658                vdd3_sensor
 .rodata.sicslowpan_driver
                0x00210668        0xc obj_cc2538dk/sicslowpan.o
                0x00210668                sicslowpan_driver
 .rodata.csma_driver
                0x00210674       0x1c obj_cc2538dk/csma.o
                0x00210674                csma_driver
 .rodata.framer_802154
                0x00210690        0xc obj_cc2538dk/framer-802154.o
                0x00210690                framer_802154
 .rodata.nullrdc_driver
                0x0021069c       0x20 obj_cc2538dk/nullrdc.o
                0x0021069c                nullrdc_driver
 .rodata.nullsec_driver
                0x002106bc       0x10 obj_cc2538dk/nullsec.o
                0x002106bc                nullsec_driver
 .rodata.autostart_processes
                0x002106cc        0x8 udp-echo-server.co
                0x002106cc                autostart_processes
 .rodata._ctype_
                0x002106d4      0x104 /usr/lib/gcc/arm-none-eabi/4.9.3/../../../arm-none-eabi/lib/armv7-m/libc.a(lib_a-ctype_.o)
                0x002106d4                _ctype_
 .rodata.str1.4
                0x002107d8        0x5 /usr/lib/gcc/arm-none-eabi/4.9.3/../../../arm-none-eabi/lib/armv7-m/libc.a(lib_a-svfscanf.o)
                                  0x8 (size before relaxing)
 *fill*         0x002107dd        0x3 00000000
 .rodata.basefix.6862
                0x002107e0       0x24 /usr/lib/gcc/arm-none-eabi/4.9.3/../../../arm-none-eabi/lib/armv7-m/libc.a(lib_a-svfscanf.o)
 .rodata.str1.4
                0x00210804        0x2 /usr/lib/gcc/arm-none-eabi/4.9.3/../../../arm-none-eabi/lib/armv7-m/libc.a(lib_a-impure.o)
                                  0x4 (size before relaxing)
 *fill*         0x00210806        0x2 00000000
 .rodata.str1.4
                0x00210808        0xa /usr/lib/gcc/arm-none-eabi/4.9.3/../../../arm-none-eabi/lib/armv7-m/libc.a(lib_a-locale.o)
                                 0x14 (size before relaxing)
 .rodata.str1.4
                0x00210812        0x4 /usr/lib/gcc/arm-none-eabi/4.9.3/../../../arm-none-eabi/lib/armv7-m/libc.a(lib_a-mbrtowc.o)
 *fill*         0x00210812        0x2 00000000
 .rodata.fpinan.5307
                0x00210814       0x14 /usr/lib/gcc/arm-none-eabi/4.9.3/../../../arm-none-eabi/lib/armv7-m/libc.a(lib_a-strtod.o)
 .rodata.str1.4
                0x00210828       0x10 /usr/lib/gcc/arm-none-eabi/4.9.3/../../../arm-none-eabi/lib/armv7-m/libc.a(lib_a-strtod.o)
 .rodata.fpi.5271
                0x00210838       0x14 /usr/lib/gcc/arm-none-eabi/4.9.3/../../../arm-none-eabi/lib/armv7-m/libc.a(lib_a-strtod.o)
 .rodata.__hexdig
                0x0021084c      0x100 /usr/lib/gcc/arm-none-eabi/4.9.3/../../../arm-none-eabi/lib/armv7-m/libc.a(lib_a-gdtoa-gethex.o)
                0x0021084c                __hexdig
 .rodata.p05.5302
                0x0021094c        0xc /usr/lib/gcc/arm-none-eabi/4.9.3/../../../arm-none-eabi/lib/armv7-m/libc.a(lib_a-mprec.o)
 .rodata.str1.1
                0x00210958       0x71 obj_cc2538dk/contiki-main.o
 .rodata.str1.1
                0x002109c9        0x8 obj_cc2538dk/sensors.o
 .rodata.str1.1
                0x002109d1        0x7 obj_cc2538dk/button-sensor.o
 .rodata.str1.1
                0x002109d8        0x4 obj_cc2538dk/als-sensor.o
 .rodata.str1.1
                0x002109dc       0x94 obj_cc2538dk/soc.o
 .rodata.str1.1
                0x00210a70       0x2d obj_cc2538dk/sys-ctrl.o
 .rodata.str1.1
                0x00210a9d       0x11 obj_cc2538dk/cc2538-rf.o
 .rodata.str1.1
                0x00210aae       0x14 obj_cc2538dk/cc2538-temp-sensor.o
 .rodata.str1.1
                0x00210ac2        0x5 obj_cc2538dk/vdd3-sensor.o
 .rodata.buffer.4159
                0x00210ac7       0x10 obj_cc2538dk/strformat.o
 .rodata.str1.1
                0x00210ad7       0x35 obj_cc2538dk/strformat.o
                                 0x37 (size before relaxing)
 .rodata.buffer.4150
                0x00210b0c       0x10 obj_cc2538dk/strformat.o
 .rodata.str1.1
                0x00210b1c        0xf obj_cc2538dk/ctimer.o
 .rodata.str1.1
                0x00210b2b        0xc obj_cc2538dk/etimer.o
 .rodata.str1.1
                0x00210b37        0xe obj_cc2538dk/serial-line.o
 .rodata.str1.1
                0x00210b45       0xc8 obj_cc2538dk/uip-icmp6.o
                                 0xd4 (size before relaxing)
 .rodata        0x00210c0d        0x2 obj_cc2538dk/sicslowpan.o
 .rodata.ttl_values
                0x00210c0f        0x4 obj_cc2538dk/sicslowpan.o
 .rodata.unc_llconf
                0x00210c13        0x4 obj_cc2538dk/sicslowpan.o
                0x00210c13                unc_llconf
 .rodata.llprefix
                0x00210c17        0x2 obj_cc2538dk/sicslowpan.o
                0x00210c17                llprefix
 .rodata.unc_mxconf
                0x00210c19        0x4 obj_cc2538dk/sicslowpan.o
                0x00210c19                unc_mxconf
 .rodata.str1.1
                0x00210c1d        0xb obj_cc2538dk/sicslowpan.o
 .rodata.unc_ctxconf
                0x00210c28        0x4 obj_cc2538dk/sicslowpan.o
                0x00210c28                unc_ctxconf
 .rodata.str1.1
                0x00210c2c       0x28 obj_cc2538dk/uip-debug.o
 .rodata.str1.1
                0x00210c54        0xd obj_cc2538dk/tcpip.o
 .rodata.linkaddr_null
                0x00210c61        0x8 obj_cc2538dk/linkaddr.o
                0x00210c61                linkaddr_null
 .rodata.str1.1
                0x00210c69        0x5 obj_cc2538dk/csma.o
 .rodata.str1.1
                0x00210c6e        0x8 obj_cc2538dk/nullrdc.o
 .rodata.str1.1
                0x00210c76        0x8 obj_cc2538dk/nullsec.o
 .rodata.str1.1
                0x00210c7e      0x1b4 udp-echo-server.co
                0x00210e32                _etext = .

.glue_7         0x00210e34        0x0
 .glue_7        0x00210e34        0x0 linker stubs

.glue_7t        0x00210e34        0x0
 .glue_7t       0x00210e34        0x0 linker stubs

.vfp11_veneer   0x00210e34        0x0
 .vfp11_veneer  0x00210e34        0x0 linker stubs

.v4_bx          0x00210e34        0x0
 .v4_bx         0x00210e34        0x0 linker stubs

.iplt           0x00210e34        0x0
 .iplt          0x00210e34        0x0 obj_cc2538dk/startup-gcc.o

.socdata        0x20000000       0x40
 *(SORT(.udma_channel_control_table))
 .udma_channel_control_table
                0x20000000       0x40 obj_cc2538dk/udma.o

.data           0x20000040      0xa81 load address 0x00210e34
                0x20000040                _data = .
 *(SORT(.data*))
 .data.impure_data
                0x20000040      0x428 /usr/lib/gcc/arm-none-eabi/4.9.3/../../../arm-none-eabi/lib/armv7-m/libc.a(lib_a-impure.o)
 .data.sensors_process
                0x20000468       0x10 obj_cc2538dk/sensors.o
                0x20000468                sensors_process
 .data.sensors  0x20000478       0x24 obj_cc2538dk/smartrf-sensors.o
                0x20000478                sensors
 .data.cc2538_rf_process
                0x2000049c       0x10 obj_cc2538dk/cc2538-rf.o
                0x2000049c                cc2538_rf_process
 .data.ctxt     0x200004ac        0x8 obj_cc2538dk/dbg-printf.o
 .data.ctimer_process
                0x200004b4       0x10 obj_cc2538dk/ctimer.o
                0x200004b4                ctimer_process
 .data.etimer_process
                0x200004c4       0x10 obj_cc2538dk/etimer.o
                0x200004c4                etimer_process
 .data.serial_line_process
                0x200004d4       0x10 obj_cc2538dk/serial-line.o
                0x200004d4                serial_line_process
 .data.echo_request_handler
                0x200004e4        0xc obj_cc2538dk/uip-icmp6.o
 .data.echo_reply_handler
                0x200004f0        0xc obj_cc2538dk/uip-icmp6.o
 .data.defaultroutermemb
                0x200004fc        0xc obj_cc2538dk/uip-ds6-route.o
 .data.nbr_routes_struct
                0x20000508       0x10 obj_cc2538dk/uip-ds6-route.o
 .data.nbr_routes
                0x20000518        0x4 obj_cc2538dk/uip-ds6-route.o
                0x20000518                nbr_routes
 .data.routememb
                0x2000051c        0xc obj_cc2538dk/uip-ds6-route.o
 .data.neighborroutememb
                0x20000528        0xc obj_cc2538dk/uip-ds6-route.o
 .data.ds6_neighbors
                0x20000534        0x4 obj_cc2538dk/uip-ds6-nbr.o
                0x20000534                ds6_neighbors
 .data.ds6_neighbors_struct
                0x20000538       0x10 obj_cc2538dk/uip-ds6-nbr.o
 .data.ns_input_handler
                0x20000548        0xc obj_cc2538dk/uip-nd6.o
 .data.na_input_handler
                0x20000554        0xc obj_cc2538dk/uip-nd6.o
 .data.tcpip_process
                0x20000560       0x10 obj_cc2538dk/tcpip.o
                0x20000560                tcpip_process
 .data.rpl_parents
                0x20000570        0x4 obj_cc2538dk/rpl-dag.o
                0x20000570                rpl_parents
 .data.rpl_parents_struct
                0x20000574       0x10 obj_cc2538dk/rpl-dag.o
 .data.rpl_mrhof
                0x20000584       0x24 obj_cc2538dk/rpl-mrhof.o
                0x20000584                rpl_mrhof
 .data.dao_ack_handler
                0x200005a8        0xc obj_cc2538dk/rpl-icmp6.o
 .data.dis_handler
                0x200005b4        0xc obj_cc2538dk/rpl-icmp6.o
 .data.dao_handler
                0x200005c0        0xc obj_cc2538dk/rpl-icmp6.o
 .data.dio_handler
                0x200005cc        0xc obj_cc2538dk/rpl-icmp6.o
 .data.heap_end.5065
                0x200005d8        0x4 obj_cc2538dk/syscalls.o
 .data.bufmem   0x200005dc        0xc obj_cc2538dk/queuebuf.o
 .data.buframmem
                0x200005e8        0xc obj_cc2538dk/queuebuf.o
 .data.neighbor_addr_mem
                0x200005f4        0xc obj_cc2538dk/nbr-table.o
 .data.link_stats_struct
                0x20000600       0x10 obj_cc2538dk/link-stats.o
 .data.metadata_memb
                0x20000610        0xc obj_cc2538dk/csma.o
 .data.neighbor_memb
                0x2000061c        0xc obj_cc2538dk/csma.o
 .data.packet_memb
                0x20000628        0xc obj_cc2538dk/csma.o
 .data.udp_echo_server_process
                0x20000634       0x10 udp-echo-server.co
                0x20000634                udp_echo_server_process
 .data.__ctype_ptr__
                0x20000644        0x4 /usr/lib/gcc/arm-none-eabi/4.9.3/../../../arm-none-eabi/lib/armv7-m/libc.a(lib_a-ctype_.o)
                0x20000644                __ctype_ptr__
 .data._impure_ptr
                0x20000648        0x4 /usr/lib/gcc/arm-none-eabi/4.9.3/../../../arm-none-eabi/lib/armv7-m/libc.a(lib_a-impure.o)
                0x20000648                _impure_ptr
 .data.lconv    0x2000064c       0x38 /usr/lib/gcc/arm-none-eabi/4.9.3/../../../arm-none-eabi/lib/armv7-m/libc.a(lib_a-locale.o)
 .data.lc_ctype_charset
                0x20000684       0x20 /usr/lib/gcc/arm-none-eabi/4.9.3/../../../arm-none-eabi/lib/armv7-m/libc.a(lib_a-locale.o)
 .data.__mb_cur_max
                0x200006a4        0x4 /usr/lib/gcc/arm-none-eabi/4.9.3/../../../arm-none-eabi/lib/armv7-m/libc.a(lib_a-locale.o)
                0x200006a4                __mb_cur_max
 .data.__malloc_av_
                0x200006a8      0x408 /usr/lib/gcc/arm-none-eabi/4.9.3/../../../arm-none-eabi/lib/armv7-m/libc.a(lib_a-mallocr.o)
                0x200006a8                __malloc_av_
 .data.__malloc_trim_threshold
                0x20000ab0        0x4 /usr/lib/gcc/arm-none-eabi/4.9.3/../../../arm-none-eabi/lib/armv7-m/libc.a(lib_a-mallocr.o)
                0x20000ab0                __malloc_trim_threshold
 .data.__malloc_sbrk_base
                0x20000ab4        0x4 /usr/lib/gcc/arm-none-eabi/4.9.3/../../../arm-none-eabi/lib/armv7-m/libc.a(lib_a-mallocr.o)
                0x20000ab4                __malloc_sbrk_base
 .data.__mbtowc
                0x20000ab8        0x4 /usr/lib/gcc/arm-none-eabi/4.9.3/../../../arm-none-eabi/lib/armv7-m/libc.a(lib_a-mbtowc_r.o)
                0x20000ab8                __mbtowc
 .data.mac_pan_id
                0x20000abc        0x2 obj_cc2538dk/frame802154.o
 .data.send_on_cca
                0x20000abe        0x1 obj_cc2538dk/cc2538-rf.o
 .data.rf_channel
                0x20000abf        0x1 obj_cc2538dk/cc2538-rf.o
 .data.dao_sequence
                0x20000ac0        0x1 obj_cc2538dk/rpl-icmp6.o
                0x20000ac1                _edata = .
                0x00210e34                _ldata = LOADADDR (.data)

.igot.plt       0x20000ac4        0x0 load address 0x002118b5
 .igot.plt      0x20000ac4        0x0 obj_cc2538dk/startup-gcc.o

.ARM.exidx      0x002118b8        0x8
 *(SORT(.ARM.exidx*))
 .ARM.exidx     0x002118b8        0x8 /usr/lib/gcc/arm-none-eabi/4.9.3/armv7-m/libgcc.a(_divdi3.o)
 .ARM.exidx     0x002118c0        0x0 /usr/lib/gcc/arm-none-eabi/4.9.3/armv7-m/libgcc.a(_udivdi3.o)
                                  0x8 (size before relaxing)

.bss            0x20000ac8     0x270b
                0x20000ac8                _bss = .
 *(SORT(.bss*))
 .bss.rt_ticks_startup
                0x20000ac8        0x8 obj_cc2538dk/clock.o
 .bss.rt_ticks_epoch
                0x20000ad0        0x8 obj_cc2538dk/clock.o
 .bss.events.5194
                0x20000ad8        0x4 obj_cc2538dk/sensors.o
 .bss.i.5193    0x20000adc        0x4 obj_cc2538dk/sensors.o
 .bss.debouncetimer
                0x20000ae0        0x8 obj_cc2538dk/button-sensor.o
 .bss.next_trigger
                0x20000ae8        0x4 obj_cc2538dk/rtimer-arch.o
 .bss.input_handler
                0x20000aec        0x8 obj_cc2538dk/uart.o
 .bss.gpio_callbacks
                0x20000af4       0x80 obj_cc2538dk/gpio.o
 .bss.ioc_sel   0x20000b74        0x4 obj_cc2538dk/ioc.o
 .bss.ioc_over  0x20000b78        0x4 obj_cc2538dk/ioc.o
 .bss.notification_process
                0x20000b7c        0x4 obj_cc2538dk/crypto.o
 .bss.periph_permit_pm1_funcs
                0x20000b80       0x14 obj_cc2538dk/lpm.o
 .bss.notification_process